Archive member included to satisfy reference by file (symbol)

D:\STM32\Project\computer_control_system\Middlewares\ST\ARM\DSP\Lib\libarm_cortexM3l_math.a(arm_pid_init_f32.o)
                              CMakeFiles/computer_control_system.elf.dir/User/Src/user.c.obj (arm_pid_init_f32)
d:/program files/stmicr~1/stm32c~1/gnu-to~1/bin/../lib/gcc/arm-none-eabi/10.3.1/thumb/v7-m/nofp\libgcc.a(_arm_muldf3.o)
                              CMakeFiles/computer_control_system.elf.dir/User/Src/callback.c.obj (__aeabi_dmul)
d:/program files/stmicr~1/stm32c~1/gnu-to~1/bin/../lib/gcc/arm-none-eabi/10.3.1/thumb/v7-m/nofp\libgcc.a(_arm_mulsf3.o)
                              CMakeFiles/computer_control_system.elf.dir/User/Src/callback.c.obj (__aeabi_fmul)
d:/program files/stmicr~1/stm32c~1/gnu-to~1/bin/../lib/gcc/arm-none-eabi/10.3.1/thumb/v7-m/nofp\libgcc.a(_arm_addsubdf3.o)
                              CMakeFiles/computer_control_system.elf.dir/User/Src/callback.c.obj (__aeabi_f2d)
d:/program files/stmicr~1/stm32c~1/gnu-to~1/bin/../lib/gcc/arm-none-eabi/10.3.1/thumb/v7-m/nofp\libgcc.a(_arm_muldivdf3.o)
                              CMakeFiles/computer_control_system.elf.dir/User/Src/callback.c.obj (__aeabi_ddiv)
d:/program files/stmicr~1/stm32c~1/gnu-to~1/bin/../lib/gcc/arm-none-eabi/10.3.1/thumb/v7-m/nofp\libgcc.a(_arm_truncdfsf2.o)
                              CMakeFiles/computer_control_system.elf.dir/User/Src/callback.c.obj (__aeabi_d2f)
d:/program files/stmicr~1/stm32c~1/gnu-to~1/bin/../lib/gcc/arm-none-eabi/10.3.1/thumb/v7-m/nofp\libgcc.a(_arm_addsubsf3.o)
                              CMakeFiles/computer_control_system.elf.dir/User/Src/callback.c.obj (__aeabi_fsub)
d:/program files/stmicr~1/stm32c~1/gnu-to~1/bin/../lib/gcc/arm-none-eabi/10.3.1/thumb/v7-m/nofp\libgcc.a(_arm_cmpsf2.o)
                              CMakeFiles/computer_control_system.elf.dir/User/Src/callback.c.obj (__aeabi_fcmplt)
d:/program files/stmicr~1/stm32c~1/gnu-to~1/bin/../lib/gcc/arm-none-eabi/10.3.1/thumb/v7-m/nofp\libgcc.a(_arm_fixunssfsi.o)
                              CMakeFiles/computer_control_system.elf.dir/User/Src/callback.c.obj (__aeabi_f2uiz)
d:/program files/stmicr~1/stm32c~1/gnu-to~1/bin/../lib/gcc/arm-none-eabi/10.3.1/thumb/v7-m/nofp\libgcc.a(_aeabi_uldivmod.o)
                              CMakeFiles/computer_control_system.elf.dir/LVGL/src/lv_misc/lv_printf.c.obj (__aeabi_uldivmod)
d:/program files/stmicr~1/stm32c~1/gnu-to~1/bin/../lib/gcc/arm-none-eabi/10.3.1/thumb/v7-m/nofp\libgcc.a(_udivmoddi4.o)
                              d:/program files/stmicr~1/stm32c~1/gnu-to~1/bin/../lib/gcc/arm-none-eabi/10.3.1/thumb/v7-m/nofp\libgcc.a(_aeabi_uldivmod.o) (__udivmoddi4)
d:/program files/stmicr~1/stm32c~1/gnu-to~1/bin/../lib/gcc/arm-none-eabi/10.3.1/thumb/v7-m/nofp\libgcc.a(_dvmd_tls.o)
                              d:/program files/stmicr~1/stm32c~1/gnu-to~1/bin/../lib/gcc/arm-none-eabi/10.3.1/thumb/v7-m/nofp\libgcc.a(_aeabi_uldivmod.o) (__aeabi_ldiv0)
d:/program files/stmicr~1/stm32c~1/gnu-to~1/bin/../lib/gcc/arm-none-eabi/10.3.1/../../../../arm-none-eabi/lib/thumb/v7-m/nofp\libg.a(lib_a-assert.o)
                              CMakeFiles/computer_control_system.elf.dir/User/Src/queue.c.obj (__assert_func)
d:/program files/stmicr~1/stm32c~1/gnu-to~1/bin/../lib/gcc/arm-none-eabi/10.3.1/../../../../arm-none-eabi/lib/thumb/v7-m/nofp\libg.a(lib_a-atoi.o)
                              CMakeFiles/computer_control_system.elf.dir/User/Src/callback.c.obj (atoi)
d:/program files/stmicr~1/stm32c~1/gnu-to~1/bin/../lib/gcc/arm-none-eabi/10.3.1/../../../../arm-none-eabi/lib/thumb/v7-m/nofp\libg.a(lib_a-errno.o)
                              CMakeFiles/computer_control_system.elf.dir/Core/Src/syscalls.c.obj (__errno)
d:/program files/stmicr~1/stm32c~1/gnu-to~1/bin/../lib/gcc/arm-none-eabi/10.3.1/../../../../arm-none-eabi/lib/thumb/v7-m/nofp\libg.a(lib_a-exit.o)
                              d:/program files/stmicr~1/stm32c~1/gnu-to~1/bin/../lib/gcc/arm-none-eabi/10.3.1/../../../../arm-none-eabi/lib/thumb/v7-m/nofp/crt0.o (exit)
d:/program files/stmicr~1/stm32c~1/gnu-to~1/bin/../lib/gcc/arm-none-eabi/10.3.1/../../../../arm-none-eabi/lib/thumb/v7-m/nofp\libg.a(lib_a-fiprintf.o)
                              d:/program files/stmicr~1/stm32c~1/gnu-to~1/bin/../lib/gcc/arm-none-eabi/10.3.1/../../../../arm-none-eabi/lib/thumb/v7-m/nofp\libg.a(lib_a-assert.o) (fiprintf)
d:/program files/stmicr~1/stm32c~1/gnu-to~1/bin/../lib/gcc/arm-none-eabi/10.3.1/../../../../arm-none-eabi/lib/thumb/v7-m/nofp\libg.a(lib_a-impure.o)
                              d:/program files/stmicr~1/stm32c~1/gnu-to~1/bin/../lib/gcc/arm-none-eabi/10.3.1/../../../../arm-none-eabi/lib/thumb/v7-m/nofp\libg.a(lib_a-exit.o) (_global_impure_ptr)
d:/program files/stmicr~1/stm32c~1/gnu-to~1/bin/../lib/gcc/arm-none-eabi/10.3.1/../../../../arm-none-eabi/lib/thumb/v7-m/nofp\libg.a(lib_a-init.o)
[...]
Memory Configuration

Name             Origin             Length             Attributes
RAM              0x20000000         0x0000c000         xrw
FLASH            0x08000000         0x00040000         xr
*default*        0x00000000         0xffffffff

Linker script and memory map

LOAD d:/program files/stmicr~1/stm32c~1/gnu-to~1/bin/../lib/gcc/arm-none-eabi/10.3.1/thumb/v7-m/nofp/crti.o
LOAD d:/program files/stmicr~1/stm32c~1/gnu-to~1/bin/../lib/gcc/arm-none-eabi/10.3.1/thumb/v7-m/nofp/crtbegin.o
LOAD d:/program files/stmicr~1/stm32c~1/gnu-to~1/bin/../lib/gcc/arm-none-eabi/10.3.1/../../../../arm-none-eabi/lib/thumb/v7-m/nofp/crt0.o
LOAD CMakeFiles/computer_control_system.elf.dir/Core/Src/adc.c.obj
LOAD CMakeFiles/computer_control_system.elf.dir/Core/Src/dma.c.obj
LOAD CMakeFiles/computer_control_system.elf.dir/Core/Src/gpio.c.obj
LOAD CMakeFiles/computer_control_system.elf.dir/Core/Src/i2c.c.obj
LOAD CMakeFiles/computer_control_system.elf.dir/Core/Src/main.c.obj
LOAD CMakeFiles/computer_control_system.elf.dir/Core/Src/sdio.c.obj
LOAD CMakeFiles/computer_control_system.elf.dir/Core/Src/spi.c.obj
LOAD CMakeFiles/computer_control_system.elf.dir/Core/Src/stm32f1xx_hal_msp.c.obj
LOAD CMakeFiles/computer_control_system.elf.dir/Core/Src/stm32f1xx_it.c.obj
LOAD CMakeFiles/computer_control_system.elf.dir/Core/Src/syscalls.c.obj
LOAD CMakeFiles/computer_control_system.elf.dir/Core/Src/sysmem.c.obj
LOAD CMakeFiles/computer_control_system.elf.dir/Core/Src/system_stm32f1xx.c.obj
LOAD CMakeFiles/computer_control_system.elf.dir/Core/Src/tim.c.obj
LOAD CMakeFiles/computer_control_system.elf.dir/Core/Src/usart.c.obj
LOAD CMakeFiles/computer_control_system.elf.dir/Core/Startup/startup_stm32f103vctx.s.obj
LOAD CMakeFiles/computer_control_system.elf.dir/Drivers/STM32F1xx_HAL_Driver/Src/stm32f1xx_hal.c.obj
LOAD CMakeFiles/computer_control_system.elf.dir/Drivers/STM32F1xx_HAL_Driver/Src/stm32f1xx_hal_adc.c.obj
LOAD CMakeFiles/computer_control_system.elf.dir/Drivers/STM32F1xx_HAL_Driver/Src/stm32f1xx_hal_adc_ex.c.obj
LOAD CMakeFiles/computer_control_system.elf.dir/Drivers/STM32F1xx_HAL_Driver/Src/stm32f1xx_hal_cortex.c.obj
LOAD CMakeFiles/computer_control_system.elf.dir/Drivers/STM32F1xx_HAL_Driver/Src/stm32f1xx_hal_dma.c.obj
LOAD CMakeFiles/computer_control_system.elf.dir/Drivers/STM32F1xx_HAL_Driver/Src/stm32f1xx_hal_exti.c.obj
LOAD CMakeFiles/computer_control_system.elf.dir/Drivers/STM32F1xx_HAL_Driver/Src/stm32f1xx_hal_flash.c.obj
LOAD CMakeFiles/computer_control_system.elf.dir/Drivers/STM32F1xx_HAL_Driver/Src/stm32f1xx_hal_flash_ex.c.obj
LOAD CMakeFiles/computer_control_system.elf.dir/Drivers/STM32F1xx_HAL_Driver/Src/stm32f1xx_hal_gpio.c.obj
LOAD CMakeFiles/computer_control_system.elf.dir/Drivers/STM32F1xx_HAL_Driver/Src/stm32f1xx_hal_gpio_ex.c.obj
LOAD CMakeFiles/computer_control_system.elf.dir/Drivers/STM32F1xx_HAL_Driver/Src/stm32f1xx_hal_i2c.c.obj
LOAD CMakeFiles/computer_control_system.elf.dir/Drivers/STM32F1xx_HAL_Driver/Src/stm32f1xx_hal_pwr.c.obj
LOAD CMakeFiles/computer_control_system.elf.dir/Drivers/STM32F1xx_HAL_Driver/Src/stm32f1xx_hal_rcc.c.obj
LOAD CMakeFiles/computer_control_system.elf.dir/Drivers/STM32F1xx_HAL_Driver/Src/stm32f1xx_hal_rcc_ex.c.obj
LOAD CMakeFiles/computer_control_system.elf.dir/Drivers/STM32F1xx_HAL_Driver/Src/stm32f1xx_hal_sd.c.obj
LOAD CMakeFiles/computer_control_system.elf.dir/Drivers/STM32F1xx_HAL_Driver/Src/stm32f1xx_hal_spi.c.obj
LOAD CMakeFiles/computer_control_system.elf.dir/Drivers/STM32F1xx_HAL_Driver/Src/stm32f1xx_hal_tim.c.obj
LOAD CMakeFiles/computer_control_system.elf.dir/Drivers/STM32F1xx_HAL_Driver/Src/stm32f1xx_hal_tim_ex.c.obj
LOAD CMakeFiles/computer_control_system.elf.dir/Drivers/STM32F1xx_HAL_Driver/Src/stm32f1xx_hal_uart.c.obj
LOAD CMakeFiles/computer_control_system.elf.dir/Drivers/STM32F1xx_HAL_Driver/Src/stm32f1xx_ll_sdmmc.c.obj
LOAD CMakeFiles/computer_control_system.elf.dir/FATFS/App/fatfs.c.obj
LOAD CMakeFiles/computer_control_system.elf.dir/FATFS/Target/bsp_driver_sd.c.obj
LOAD CMakeFiles/computer_control_system.elf.dir/FATFS/Target/user_diskio.c.obj
LOAD CMakeFiles/computer_control_system.elf.dir/LVGL/porting/lv_port_disp.c.obj
LOAD CMakeFiles/computer_control_system.elf.dir/LVGL/src/lv_core/lv_disp.c.obj
LOAD CMakeFiles/computer_control_system.elf.dir/LVGL/src/lv_core/lv_group.c.obj
LOAD CMakeFiles/computer_control_system.elf.dir/LVGL/src/lv_core/lv_indev.c.obj
LOAD CMakeFiles/computer_control_system.elf.dir/LVGL/src/lv_core/lv_obj.c.obj
LOAD CMakeFiles/computer_control_system.elf.dir/LVGL/src/lv_core/lv_refr.c.obj
LOAD CMakeFiles/computer_control_system.elf.dir/LVGL/src/lv_core/lv_style.c.obj
LOAD CMakeFiles/computer_control_system.elf.dir/LVGL/src/lv_draw/lv_draw_arc.c.obj
LOAD CMakeFiles/computer_control_system.elf.dir/LVGL/src/lv_draw/lv_draw_blend.c.obj
LOAD CMakeFiles/computer_control_system.elf.dir/LVGL/src/lv_draw/lv_draw_img.c.obj
LOAD CMakeFiles/computer_control_system.elf.dir/LVGL/src/lv_draw/lv_draw_label.c.obj
LOAD CMakeFiles/computer_control_system.elf.dir/LVGL/src/lv_draw/lv_draw_line.c.obj
LOAD CMakeFiles/computer_control_system.elf.dir/LVGL/src/lv_draw/lv_draw_mask.c.obj
LOAD CMakeFiles/computer_control_system.elf.dir/LVGL/src/lv_draw/lv_draw_rect.c.obj
LOAD CMakeFiles/computer_control_system.elf.dir/LVGL/src/lv_draw/lv_draw_triangle.c.obj
LOAD CMakeFiles/computer_control_system.elf.dir/LVGL/src/lv_draw/lv_img_buf.c.obj
LOAD CMakeFiles/computer_control_system.elf.dir/LVGL/src/lv_draw/lv_img_cache.c.obj
LOAD CMakeFiles/computer_control_system.elf.dir/LVGL/src/lv_draw/lv_img_decoder.c.obj
LOAD CMakeFiles/computer_control_system.elf.dir/LVGL/src/lv_font/lv_font.c.obj
LOAD CMakeFiles/computer_control_system.elf.dir/LVGL/src/lv_font/lv_font_dejavu_16_persian_hebrew.c.obj
LOAD CMakeFiles/computer_control_system.elf.dir/LVGL/src/lv_font/lv_font_fmt_txt.c.obj
LOAD CMakeFiles/computer_control_system.elf.dir/LVGL/src/lv_font/lv_font_loader.c.obj
LOAD CMakeFiles/computer_control_system.elf.dir/LVGL/src/lv_font/lv_font_montserrat_10.c.obj
LOAD CMakeFiles/computer_control_system.elf.dir/LVGL/src/lv_font/lv_font_montserrat_12.c.obj
LOAD CMakeFiles/computer_control_system.elf.dir/LVGL/src/lv_font/lv_font_montserrat_12_subpx.c.obj
LOAD CMakeFiles/computer_control_system.elf.dir/LVGL/src/lv_font/lv_font_montserrat_14.c.obj
LOAD CMakeFiles/computer_control_system.elf.dir/LVGL/src/lv_font/lv_font_montserrat_16.c.obj
LOAD CMakeFiles/computer_control_system.elf.dir/LVGL/src/lv_font/lv_font_montserrat_18.c.obj
LOAD CMakeFiles/computer_control_system.elf.dir/LVGL/src/lv_font/lv_font_montserrat_20.c.obj
LOAD CMakeFiles/computer_control_system.elf.dir/LVGL/src/lv_font/lv_font_montserrat_22.c.obj
LOAD CMakeFiles/computer_control_system.elf.dir/LVGL/src/lv_font/lv_font_montserrat_24.c.obj
LOAD CMakeFiles/computer_control_system.elf.dir/LVGL/src/lv_font/lv_font_montserrat_26.c.obj
LOAD CMakeFiles/computer_control_system.elf.dir/LVGL/src/lv_font/lv_font_montserrat_28.c.obj
LOAD CMakeFiles/computer_control_system.elf.dir/LVGL/src/lv_font/lv_font_montserrat_28_compressed.c.obj
LOAD CMakeFiles/computer_control_system.elf.dir/LVGL/src/lv_font/lv_font_montserrat_30.c.obj
LOAD CMakeFiles/computer_control_system.elf.dir/LVGL/src/lv_font/lv_font_montserrat_32.c.obj
LOAD CMakeFiles/computer_control_system.elf.dir/LVGL/src/lv_font/lv_font_montserrat_34.c.obj
LOAD CMakeFiles/computer_control_system.elf.dir/LVGL/src/lv_font/lv_font_montserrat_36.c.obj
LOAD CMakeFiles/computer_control_system.elf.dir/LVGL/src/lv_font/lv_font_montserrat_38.c.obj
LOAD CMakeFiles/computer_control_system.elf.dir/LVGL/src/lv_font/lv_font_montserrat_40.c.obj
LOAD CMakeFiles/computer_control_system.elf.dir/LVGL/src/lv_font/lv_font_montserrat_42.c.obj
LOAD CMakeFiles/computer_control_system.elf.dir/LVGL/src/lv_font/lv_font_montserrat_44.c.obj
LOAD CMakeFiles/computer_control_system.elf.dir/LVGL/src/lv_font/lv_font_montserrat_46.c.obj
LOAD CMakeFiles/computer_control_system.elf.dir/LVGL/src/lv_font/lv_font_montserrat_48.c.obj
LOAD CMakeFiles/computer_control_system.elf.dir/LVGL/src/lv_font/lv_font_montserrat_8.c.obj
LOAD CMakeFiles/computer_control_system.elf.dir/LVGL/src/lv_font/lv_font_simsun_16_cjk.c.obj
LOAD CMakeFiles/computer_control_system.elf.dir/LVGL/src/lv_font/lv_font_unscii_16.c.obj
LOAD CMakeFiles/computer_control_system.elf.dir/LVGL/src/lv_font/lv_font_unscii_8.c.obj
LOAD CMakeFiles/computer_control_system.elf.dir/LVGL/src/lv_gpu/lv_gpu_nxp_pxp.c.obj
LOAD CMakeFiles/computer_control_system.elf.dir/LVGL/src/lv_gpu/lv_gpu_nxp_pxp_osa.c.obj
LOAD CMakeFiles/computer_control_system.elf.dir/LVGL/src/lv_gpu/lv_gpu_nxp_vglite.c.obj
LOAD CMakeFiles/computer_control_system.elf.dir/LVGL/src/lv_gpu/lv_gpu_stm32_dma2d.c.obj
LOAD CMakeFiles/computer_control_system.elf.dir/LVGL/src/lv_hal/lv_hal_disp.c.obj
LOAD CMakeFiles/computer_control_system.elf.dir/LVGL/src/lv_hal/lv_hal_indev.c.obj
LOAD CMakeFiles/computer_control_system.elf.dir/LVGL/src/lv_hal/lv_hal_tick.c.obj
LOAD CMakeFiles/computer_control_system.elf.dir/LVGL/src/lv_misc/lv_anim.c.obj
LOAD CMakeFiles/computer_control_system.elf.dir/LVGL/src/lv_misc/lv_area.c.obj
LOAD CMakeFiles/computer_control_system.elf.dir/LVGL/src/lv_misc/lv_async.c.obj
LOAD CMakeFiles/computer_control_system.elf.dir/LVGL/src/lv_misc/lv_bidi.c.obj
LOAD CMakeFiles/computer_control_system.elf.dir/LVGL/src/lv_misc/lv_color.c.obj
LOAD CMakeFiles/computer_control_system.elf.dir/LVGL/src/lv_misc/lv_debug.c.obj
LOAD CMakeFiles/computer_control_system.elf.dir/LVGL/src/lv_misc/lv_fs.c.obj
LOAD CMakeFiles/computer_control_system.elf.dir/LVGL/src/lv_misc/lv_gc.c.obj
LOAD CMakeFiles/computer_control_system.elf.dir/LVGL/src/lv_misc/lv_ll.c.obj
LOAD CMakeFiles/computer_control_system.elf.dir/LVGL/src/lv_misc/lv_log.c.obj
LOAD CMakeFiles/computer_control_system.elf.dir/LVGL/src/lv_misc/lv_math.c.obj
LOAD CMakeFiles/computer_control_system.elf.dir/LVGL/src/lv_misc/lv_mem.c.obj
LOAD CMakeFiles/computer_control_system.elf.dir/LVGL/src/lv_misc/lv_printf.c.obj
LOAD CMakeFiles/computer_control_system.elf.dir/LVGL/src/lv_misc/lv_task.c.obj
LOAD CMakeFiles/computer_control_system.elf.dir/LVGL/src/lv_misc/lv_templ.c.obj
LOAD CMakeFiles/computer_control_system.elf.dir/LVGL/src/lv_misc/lv_txt.c.obj
LOAD CMakeFiles/computer_control_system.elf.dir/LVGL/src/lv_misc/lv_txt_ap.c.obj
LOAD CMakeFiles/computer_control_system.elf.dir/LVGL/src/lv_misc/lv_utils.c.obj
LOAD CMakeFiles/computer_control_system.elf.dir/LVGL/src/lv_themes/lv_theme.c.obj
LOAD CMakeFiles/computer_control_system.elf.dir/LVGL/src/lv_themes/lv_theme_empty.c.obj
LOAD CMakeFiles/computer_control_system.elf.dir/LVGL/src/lv_themes/lv_theme_material.c.obj
LOAD CMakeFiles/computer_control_system.elf.dir/LVGL/src/lv_themes/lv_theme_mono.c.obj
LOAD CMakeFiles/computer_control_system.elf.dir/LVGL/src/lv_themes/lv_theme_template.c.obj
LOAD CMakeFiles/computer_control_system.elf.dir/LVGL/src/lv_widgets/lv_arc.c.obj
LOAD CMakeFiles/computer_control_system.elf.dir/LVGL/src/lv_widgets/lv_bar.c.obj
LOAD CMakeFiles/computer_control_system.elf.dir/LVGL/src/lv_widgets/lv_btn.c.obj
LOAD CMakeFiles/computer_control_system.elf.dir/LVGL/src/lv_widgets/lv_btnmatrix.c.obj
LOAD CMakeFiles/computer_control_system.elf.dir/LVGL/src/lv_widgets/lv_calendar.c.obj
LOAD CMakeFiles/computer_control_system.elf.dir/LVGL/src/lv_widgets/lv_canvas.c.obj
LOAD CMakeFiles/computer_control_system.elf.dir/LVGL/src/lv_widgets/lv_chart.c.obj
LOAD CMakeFiles/computer_control_system.elf.dir/LVGL/src/lv_widgets/lv_checkbox.c.obj
LOAD CMakeFiles/computer_control_system.elf.dir/LVGL/src/lv_widgets/lv_cont.c.obj
LOAD CMakeFiles/computer_control_system.elf.dir/LVGL/src/lv_widgets/lv_cpicker.c.obj
LOAD CMakeFiles/computer_control_system.elf.dir/LVGL/src/lv_widgets/lv_dropdown.c.obj
LOAD CMakeFiles/computer_control_system.elf.dir/LVGL/src/lv_widgets/lv_gauge.c.obj
LOAD CMakeFiles/computer_control_system.elf.dir/LVGL/src/lv_widgets/lv_img.c.obj
LOAD CMakeFiles/computer_control_system.elf.dir/LVGL/src/lv_widgets/lv_imgbtn.c.obj
LOAD CMakeFiles/computer_control_system.elf.dir/LVGL/src/lv_widgets/lv_keyboard.c.obj
LOAD CMakeFiles/computer_control_system.elf.dir/LVGL/src/lv_widgets/lv_label.c.obj
LOAD CMakeFiles/computer_control_system.elf.dir/LVGL/src/lv_widgets/lv_led.c.obj
LOAD CMakeFiles/computer_control_system.elf.dir/LVGL/src/lv_widgets/lv_line.c.obj
LOAD CMakeFiles/computer_control_system.elf.dir/LVGL/src/lv_widgets/lv_linemeter.c.obj
LOAD CMakeFiles/computer_control_system.elf.dir/LVGL/src/lv_widgets/lv_list.c.obj
LOAD CMakeFiles/computer_control_system.elf.dir/LVGL/src/lv_widgets/lv_msgbox.c.obj
LOAD CMakeFiles/computer_control_system.elf.dir/LVGL/src/lv_widgets/lv_objmask.c.obj
LOAD CMakeFiles/computer_control_system.elf.dir/LVGL/src/lv_widgets/lv_objx_templ.c.obj
LOAD CMakeFiles/computer_control_system.elf.dir/LVGL/src/lv_widgets/lv_page.c.obj
LOAD CMakeFiles/computer_control_system.elf.dir/LVGL/src/lv_widgets/lv_roller.c.obj
LOAD CMakeFiles/computer_control_system.elf.dir/LVGL/src/lv_widgets/lv_slider.c.obj
LOAD CMakeFiles/computer_control_system.elf.dir/LVGL/src/lv_widgets/lv_spinbox.c.obj
LOAD CMakeFiles/computer_control_system.elf.dir/LVGL/src/lv_widgets/lv_spinner.c.obj
LOAD CMakeFiles/computer_control_system.elf.dir/LVGL/src/lv_widgets/lv_switch.c.obj
LOAD CMakeFiles/computer_control_system.elf.dir/LVGL/src/lv_widgets/lv_table.c.obj
LOAD CMakeFiles/computer_control_system.elf.dir/LVGL/src/lv_widgets/lv_tabview.c.obj
LOAD CMakeFiles/computer_control_system.elf.dir/LVGL/src/lv_widgets/lv_textarea.c.obj
LOAD CMakeFiles/computer_control_system.elf.dir/LVGL/src/lv_widgets/lv_tileview.c.obj
LOAD CMakeFiles/computer_control_system.elf.dir/LVGL/src/lv_widgets/lv_win.c.obj
LOAD CMakeFiles/computer_control_system.elf.dir/Middlewares/Third_Party/FatFs/src/diskio.c.obj
LOAD CMakeFiles/computer_control_system.elf.dir/Middlewares/Third_Party/FatFs/src/drivers/sd_diskio.c.obj
LOAD CMakeFiles/computer_control_system.elf.dir/Middlewares/Third_Party/FatFs/src/ff.c.obj
LOAD CMakeFiles/computer_control_system.elf.dir/Middlewares/Third_Party/FatFs/src/ff_gen_drv.c.obj
LOAD CMakeFiles/computer_control_system.elf.dir/Middlewares/Third_Party/FatFs/src/option/ccsbcs.c.obj
LOAD CMakeFiles/computer_control_system.elf.dir/Middlewares/Third_Party/FatFs/src/option/syscall.c.obj
LOAD CMakeFiles/computer_control_system.elf.dir/User/Src/at24c02.c.obj
LOAD CMakeFiles/computer_control_system.elf.dir/User/Src/callback.c.obj
LOAD CMakeFiles/computer_control_system.elf.dir/User/Src/font.c.obj
LOAD CMakeFiles/computer_control_system.elf.dir/User/Src/func.c.obj
LOAD CMakeFiles/computer_control_system.elf.dir/User/Src/gui.c.obj
LOAD CMakeFiles/computer_control_system.elf.dir/User/Src/lcd.c.obj
LOAD CMakeFiles/computer_control_system.elf.dir/User/Src/pid.c.obj
LOAD CMakeFiles/computer_control_system.elf.dir/User/Src/queue.c.obj
LOAD CMakeFiles/computer_control_system.elf.dir/User/Src/user.c.obj
LOAD D:\STM32\Project\computer_control_system\Middlewares\ST\ARM\DSP\Lib\libarm_cortexM3l_math.a
START GROUP
LOAD d:/program files/stmicr~1/stm32c~1/gnu-to~1/bin/../lib/gcc/arm-none-eabi/10.3.1/thumb/v7-m/nofp\libgcc.a
LOAD d:/program files/stmicr~1/stm32c~1/gnu-to~1/bin/../lib/gcc/arm-none-eabi/10.3.1/../../../../arm-none-eabi/lib/thumb/v7-m/nofp\libg.a
LOAD d:/program files/stmicr~1/stm32c~1/gnu-to~1/bin/../lib/gcc/arm-none-eabi/10.3.1/../../../../arm-none-eabi/lib/thumb/v7-m/nofp\libc.a
END GROUP
LOAD d:/program files/stmicr~1/stm32c~1/gnu-to~1/bin/../lib/gcc/arm-none-eabi/10.3.1/thumb/v7-m/nofp/crtend.o
LOAD d:/program files/stmicr~1/stm32c~1/gnu-to~1/bin/../lib/gcc/arm-none-eabi/10.3.1/thumb/v7-m/nofp/crtn.o
                0x2000c000                _estack = (ORIGIN (RAM) + LENGTH (RAM))
                0x00002000                _Min_Heap_Size = 0x2000
                0x00002000                _Min_Stack_Size = 0x2000

.isr_vector     0x08000000      0x1e4
                0x08000000                . = ALIGN (0x4)
 *(.isr_vector)
 .isr_vector    0x08000000      0x1e4 CMakeFiles/computer_control_system.elf.dir/Core/Startup/startup_stm32f103vctx.s.obj
                0x08000000                g_pfnVectors
                0x080001e4                . = ALIGN (0x4)

.text           0x080001e8    0x26d94
                0x080001e8                . = ALIGN (0x4)
 *(.text)
 .text          0x080001e8       0x40 d:/program files/stmicr~1/stm32c~1/gnu-to~1/bin/../lib/gcc/arm-none-eabi/10.3.1/thumb/v7-m/nofp/crtbegin.o
 .text          0x08000228      0x168 d:/program files/stmicr~1/stm32c~1/gnu-to~1/bin/../lib/gcc/arm-none-eabi/10.3.1/thumb/v7-m/nofp\libgcc.a(_arm_mulsf3.o)
                0x08000228                __aeabi_fmul
                0x08000228                __mulsf3
 .text          0x08000390      0x378 d:/program files/stmicr~1/stm32c~1/gnu-to~1/bin/../lib/gcc/arm-none-eabi/10.3.1/thumb/v7-m/nofp\libgcc.a(_arm_addsubdf3.o)
                0x08000390                __aeabi_drsub
                0x08000398                __aeabi_dsub
                0x08000398                __subdf3
                0x0800039c                __aeabi_dadd
                0x0800039c                __adddf3
                0x08000614                __floatunsidf
                0x08000614                __aeabi_ui2d
                0x08000634                __floatsidf
                0x08000634                __aeabi_i2d
                0x08000658                __aeabi_f2d
                0x08000658                __extendsfdf2
                0x0800069c                __floatundidf
                0x0800069c                __aeabi_ul2d
                0x080006ac                __floatdidf
                0x080006ac                __aeabi_l2d
 .text          0x08000708      0x424 d:/program files/stmicr~1/stm32c~1/gnu-to~1/bin/../lib/gcc/arm-none-eabi/10.3.1/thumb/v7-m/nofp\libgcc.a(_arm_muldivdf3.o)
                0x08000708                __aeabi_dmul
                0x08000708                __muldf3
                0x0800095c                __divdf3
                0x0800095c                __aeabi_ddiv
 .text          0x08000b2c       0xa0 d:/program files/stmicr~1/stm32c~1/gnu-to~1/bin/../lib/gcc/arm-none-eabi/10.3.1/thumb/v7-m/nofp\libgcc.a(_arm_truncdfsf2.o)
                0x08000b2c                __truncdfsf2
                0x08000b2c                __aeabi_d2f
 .text          0x08000bcc      0x21c d:/program files/stmicr~1/stm32c~1/gnu-to~1/bin/../lib/gcc/arm-none-eabi/10.3.1/thumb/v7-m/nofp\libgcc.a(_arm_addsubsf3.o)
                0x08000bcc                __aeabi_frsub
                0x08000bd4                __subsf3
                0x08000bd4                __aeabi_fsub
                0x08000bd8                __aeabi_fadd
                0x08000bd8                __addsf3
                0x08000d38                __aeabi_ui2f
                0x08000d38                __floatunsisf
                0x08000d40                __aeabi_i2f
                0x08000d40                __floatsisf
                0x08000d5c                __aeabi_ul2f
                0x08000d5c                __floatundisf
                0x08000d6c                __aeabi_l2f
                0x08000d6c                __floatdisf
 .text          0x08000de8       0xec d:/program files/stmicr~1/stm32c~1/gnu-to~1/bin/../lib/gcc/arm-none-eabi/10.3.1/thumb/v7-m/nofp\libgcc.a(_arm_cmpsf2.o)
                0x08000de8                __gesf2
                0x08000de8                __gtsf2
                0x08000df0                __lesf2
                0x08000df0                __ltsf2
                0x08000df8                __nesf2
                0x08000df8                __eqsf2
                0x08000df8                __cmpsf2
                0x08000e58                __aeabi_cfrcmple
                0x08000e60                __aeabi_cfcmpeq
                0x08000e60                __aeabi_cfcmple
                0x08000e70                __aeabi_fcmpeq
                0x08000e84                __aeabi_fcmplt
                0x08000e98                __aeabi_fcmple
                0x08000eac                __aeabi_fcmpge
                0x08000ec0                __aeabi_fcmpgt
 .text          0x08000ed4       0x40 d:/program files/stmicr~1/stm32c~1/gnu-to~1/bin/../lib/gcc/arm-none-eabi/10.3.1/thumb/v7-m/nofp\libgcc.a(_arm_fixunssfsi.o)
                0x08000ed4                __fixunssfsi
                0x08000ed4                __aeabi_f2uiz
 .text          0x08000f14       0x30 d:/program files/stmicr~1/stm32c~1/gnu-to~1/bin/../lib/gcc/arm-none-eabi/10.3.1/thumb/v7-m/nofp\libgcc.a(_aeabi_uldivmod.o)
                0x08000f14                __aeabi_uldivmod
 .text          0x08000f44      0x2d4 d:/program files/stmicr~1/stm32c~1/gnu-to~1/bin/../lib/gcc/arm-none-eabi/10.3.1/thumb/v7-m/nofp\libgcc.a(_udivmoddi4.o)
                0x08000f44                __udivmoddi4
 .text          0x08001218        0x4 d:/program files/stmicr~1/stm32c~1/gnu-to~1/bin/../lib/gcc/arm-none-eabi/10.3.1/thumb/v7-m/nofp\libgcc.a(_dvmd_tls.o)
                0x08001218                __aeabi_idiv0
                0x08001218                __aeabi_ldiv0
 .text          0x0800121c       0xec d:/program files/stmicr~1/stm32c~1/gnu-to~1/bin/../lib/gcc/arm-none-eabi/10.3.1/../../../../arm-none-eabi/lib/thumb/v7-m/nofp\libg.a(lib_a-memcpy.o)
                0x0800121c                memcpy
 .text          0x08001308      0x1bc d:/program files/stmicr~1/stm32c~1/gnu-to~1/bin/../lib/gcc/arm-none-eabi/10.3.1/../../../../arm-none-eabi/lib/thumb/v7-m/nofp\libg.a(lib_a-strcmp.o)
                0x08001308                strcmp
 .text          0x080014c4      0x110 d:/program files/stmicr~1/stm32c~1/gnu-to~1/bin/../lib/gcc/arm-none-eabi/10.3.1/thumb/v7-m/nofp\libgcc.a(_arm_cmpdf2.o)
                0x080014c4                __gtdf2
                0x080014c4                __gedf2
                0x080014cc                __ltdf2
                0x080014cc                __ledf2
                0x080014d4                __nedf2
                0x080014d4                __eqdf2
                0x080014d4                __cmpdf2
                0x08001550                __aeabi_cdrcmple
                0x08001560                __aeabi_cdcmpeq
                0x08001560                __aeabi_cdcmple
                0x08001570                __aeabi_dcmpeq
                0x08001584                __aeabi_dcmplt
                0x08001598                __aeabi_dcmple
                0x080015ac                __aeabi_dcmpge
                0x080015c0                __aeabi_dcmpgt
 .text          0x080015d4       0x2c d:/program files/stmicr~1/stm32c~1/gnu-to~1/bin/../lib/gcc/arm-none-eabi/10.3.1/thumb/v7-m/nofp\libgcc.a(_arm_unorddf2.o)
                0x080015d4                __unorddf2
                0x080015d4                __aeabi_dcmpun
 .text          0x08001600       0x50 d:/program files/stmicr~1/stm32c~1/gnu-to~1/bin/../lib/gcc/arm-none-eabi/10.3.1/thumb/v7-m/nofp\libgcc.a(_arm_fixdfsi.o)
                0x08001600                __aeabi_d2iz
                0x08001600                __fixdfsi
 *(.text*)
 .text.MX_ADC1_Init
                0x08001650       0x90 CMakeFiles/computer_control_system.elf.dir/Core/Src/adc.c.obj
                0x08001650                MX_ADC1_Init
 .text.HAL_ADC_MspInit
                0x080016e0       0x60 CMakeFiles/computer_control_system.elf.dir/Core/Src/adc.c.obj
                0x080016e0                HAL_ADC_MspInit
 .text.MX_DMA_Init
                0x08001740       0x34 CMakeFiles/computer_control_system.elf.dir/Core/Src/dma.c.obj
                0x08001740                MX_DMA_Init
 .text.MX_GPIO_Init
                0x08001774      0x164 CMakeFiles/computer_control_system.elf.dir/Core/Src/gpio.c.obj
                0x08001774                MX_GPIO_Init
 .text.Error_Handler
                0x080018d8        0x4 CMakeFiles/computer_control_system.elf.dir/Core/Src/main.c.obj
                0x080018d8                Error_Handler
 .text.SystemClock_Config
                0x080018dc       0x86 CMakeFiles/computer_control_system.elf.dir/Core/Src/main.c.obj
                0x080018dc                SystemClock_Config
 *fill*         0x08001962        0x2 
 .text.MX_SDIO_SD_Init
                0x08001964       0x48 CMakeFiles/computer_control_system.elf.dir/Core/Src/sdio.c.obj
                0x08001964                MX_SDIO_SD_Init
 .text.HAL_SD_MspInit
                0x080019ac       0xd8 CMakeFiles/computer_control_system.elf.dir/Core/Src/sdio.c.obj
                0x080019ac                HAL_SD_MspInit
 .text.MX_SPI2_Init
                0x08001a84       0x40 CMakeFiles/computer_control_system.elf.dir/Core/Src/spi.c.obj
                0x08001a84                MX_SPI2_Init
 .text.HAL_SPI_MspInit
                0x08001ac4       0x78 CMakeFiles/computer_control_system.elf.dir/Core/Src/spi.c.obj
                0x08001ac4                HAL_SPI_MspInit
 .text.HAL_MspInit
                0x08001b3c       0x44 CMakeFiles/computer_control_system.elf.dir/Core/Src/stm32f1xx_hal_msp.c.obj
                0x08001b3c                HAL_MspInit
 .text.NMI_Handler
                0x08001b80        0x2 CMakeFiles/computer_control_system.elf.dir/Core/Src/stm32f1xx_it.c.obj
                0x08001b80                NMI_Handler
 .text.HardFault_Handler
                0x08001b82        0x2 CMakeFiles/computer_control_system.elf.dir/Core/Src/stm32f1xx_it.c.obj
                0x08001b82                HardFault_Handler
 .text.MemManage_Handler
                0x08001b84        0x2 CMakeFiles/computer_control_system.elf.dir/Core/Src/stm32f1xx_it.c.obj
                0x08001b84                MemManage_Handler
 .text.BusFault_Handler
                0x08001b86        0x2 CMakeFiles/computer_control_system.elf.dir/Core/Src/stm32f1xx_it.c.obj
                0x08001b86                BusFault_Handler
 .text.UsageFault_Handler
                0x08001b88        0x2 CMakeFiles/computer_control_system.elf.dir/Core/Src/stm32f1xx_it.c.obj
                0x08001b88                UsageFault_Handler
 .text.SVC_Handler
                0x08001b8a        0x2 CMakeFiles/computer_control_system.elf.dir/Core/Src/stm32f1xx_it.c.obj
                0x08001b8a                SVC_Handler
 .text.DebugMon_Handler
                0x08001b8c        0x2 CMakeFiles/computer_control_system.elf.dir/Core/Src/stm32f1xx_it.c.obj
                0x08001b8c                DebugMon_Handler
 .text.PendSV_Handler
                0x08001b8e        0x2 CMakeFiles/computer_control_system.elf.dir/Core/Src/stm32f1xx_it.c.obj
                0x08001b8e                PendSV_Handler
 .text.SysTick_Handler
                0x08001b90        0x8 CMakeFiles/computer_control_system.elf.dir/Core/Src/stm32f1xx_it.c.obj
                0x08001b90                SysTick_Handler
 .text.EXTI0_IRQHandler
                0x08001b98        0xa CMakeFiles/computer_control_system.elf.dir/Core/Src/stm32f1xx_it.c.obj
                0x08001b98                EXTI0_IRQHandler
 .text.EXTI2_IRQHandler
                0x08001ba2        0xa CMakeFiles/computer_control_system.elf.dir/Core/Src/stm32f1xx_it.c.obj
                0x08001ba2                EXTI2_IRQHandler
 .text.EXTI3_IRQHandler
                0x08001bac        0xa CMakeFiles/computer_control_system.elf.dir/Core/Src/stm32f1xx_it.c.obj
                0x08001bac                EXTI3_IRQHandler
 *fill*         0x08001bb6        0x2 
 .text.TIM4_IRQHandler
                0x08001bb8       0x10 CMakeFiles/computer_control_system.elf.dir/Core/Src/stm32f1xx_it.c.obj
                0x08001bb8                TIM4_IRQHandler
 .text.USART1_IRQHandler
                0x08001bc8       0x10 CMakeFiles/computer_control_system.elf.dir/Core/Src/stm32f1xx_it.c.obj
                0x08001bc8                USART1_IRQHandler
 .text.USART3_IRQHandler
                0x08001bd8       0x10 CMakeFiles/computer_control_system.elf.dir/Core/Src/stm32f1xx_it.c.obj
                0x08001bd8                USART3_IRQHandler
 .text.SDIO_IRQHandler
                0x08001be8       0x10 CMakeFiles/computer_control_system.elf.dir/Core/Src/stm32f1xx_it.c.obj
                0x08001be8                SDIO_IRQHandler
 .text.TIM6_IRQHandler
                0x08001bf8       0x10 CMakeFiles/computer_control_system.elf.dir/Core/Src/stm32f1xx_it.c.obj
                0x08001bf8                TIM6_IRQHandler
 .text.TIM7_IRQHandler
                0x08001c08       0x10 CMakeFiles/computer_control_system.elf.dir/Core/Src/stm32f1xx_it.c.obj
                0x08001c08                TIM7_IRQHandler
 .text.DMA2_Channel4_5_IRQHandler
                0x08001c18       0x10 CMakeFiles/computer_control_system.elf.dir/Core/Src/stm32f1xx_it.c.obj
                0x08001c18                DMA2_Channel4_5_IRQHandler
 .text._getpid  0x08001c28        0x4 CMakeFiles/computer_control_system.elf.dir/Core/Src/syscalls.c.obj
                0x08001c28                _getpid
 .text._kill    0x08001c2c       0x10 CMakeFiles/computer_control_system.elf.dir/Core/Src/syscalls.c.obj
                0x08001c2c                _kill
 .text._exit    0x08001c3c        0xc CMakeFiles/computer_control_system.elf.dir/Core/Src/syscalls.c.obj
                0x08001c3c                _exit
 .text._read    0x08001c48       0x20 CMakeFiles/computer_control_system.elf.dir/Core/Src/syscalls.c.obj
                0x08001c48                _read
 .text._write   0x08001c68       0x1c CMakeFiles/computer_control_system.elf.dir/Core/Src/syscalls.c.obj
                0x08001c68                _write
 .text._close   0x08001c84        0x6 CMakeFiles/computer_control_system.elf.dir/Core/Src/syscalls.c.obj
                0x08001c84                _close
 .text._fstat   0x08001c8a        0xa CMakeFiles/computer_control_system.elf.dir/Core/Src/syscalls.c.obj
                0x08001c8a                _fstat
 .text._isatty  0x08001c94        0x4 CMakeFiles/computer_control_system.elf.dir/Core/Src/syscalls.c.obj
                0x08001c94                _isatty
 .text._lseek   0x08001c98        0x4 CMakeFiles/computer_control_system.elf.dir/Core/Src/syscalls.c.obj
                0x08001c98                _lseek
 .text._sbrk    0x08001c9c       0x48 CMakeFiles/computer_control_system.elf.dir/Core/Src/sysmem.c.obj
                0x08001c9c                _sbrk
 .text.SystemInit
                0x08001ce4        0x2 CMakeFiles/computer_control_system.elf.dir/Core/Src/system_stm32f1xx.c.obj
                0x08001ce4                SystemInit
 *fill*         0x08001ce6        0x2 
 .text.MX_TIM4_Init
                0x08001ce8       0x74 CMakeFiles/computer_control_system.elf.dir/Core/Src/tim.c.obj
                0x08001ce8                MX_TIM4_Init
 .text.MX_TIM6_Init
                0x08001d5c       0x54 CMakeFiles/computer_control_system.elf.dir/Core/Src/tim.c.obj
                0x08001d5c                MX_TIM6_Init
 .text.MX_TIM7_Init
                0x08001db0       0x54 CMakeFiles/computer_control_system.elf.dir/Core/Src/tim.c.obj
                0x08001db0                MX_TIM7_Init
 .text.HAL_TIM_PWM_MspInit
                0x08001e04       0x4c CMakeFiles/computer_control_system.elf.dir/Core/Src/tim.c.obj
                0x08001e04                HAL_TIM_PWM_MspInit
 .text.HAL_TIM_Base_MspInit
                0x08001e50       0xa0 CMakeFiles/computer_control_system.elf.dir/Core/Src/tim.c.obj
                0x08001e50                HAL_TIM_Base_MspInit
 .text.HAL_TIM_MspPostInit
                0x08001ef0       0xa8 CMakeFiles/computer_control_system.elf.dir/Core/Src/tim.c.obj
                0x08001ef0                HAL_TIM_MspPostInit
 .text.MX_TIM1_Init
                0x08001f98       0xb8 CMakeFiles/computer_control_system.elf.dir/Core/Src/tim.c.obj
                0x08001f98                MX_TIM1_Init
 .text.MX_TIM3_Init
                0x08002050       0x94 CMakeFiles/computer_control_system.elf.dir/Core/Src/tim.c.obj
                0x08002050                MX_TIM3_Init
 .text.MX_USART1_UART_Init
                0x080020e4       0x34 CMakeFiles/computer_control_system.elf.dir/Core/Src/usart.c.obj
                0x080020e4                MX_USART1_UART_Init
 .text.MX_USART3_UART_Init
                0x08002118       0x34 CMakeFiles/computer_control_system.elf.dir/Core/Src/usart.c.obj
                0x08002118                MX_USART3_UART_Init
 .text.HAL_UART_MspInit
                0x0800214c       0xfc CMakeFiles/computer_control_system.elf.dir/Core/Src/usart.c.obj
                0x0800214c                HAL_UART_MspInit
 .text.Reset_Handler
                0x08002248       0x48 CMakeFiles/computer_control_system.elf.dir/Core/Startup/startup_stm32f103vctx.s.obj
                0x08002248                Reset_Handler
 .text.Default_Handler
                0x08002290        0x2 CMakeFiles/computer_control_system.elf.dir/Core/Startup/startup_stm32f103vctx.s.obj
                0x08002290                RTC_Alarm_IRQHandler
                0x08002290                TIM8_TRG_COM_IRQHandler
                0x08002290                TIM8_CC_IRQHandler
                0x08002290                TIM1_CC_IRQHandler
                0x08002290                PVD_IRQHandler
                0x08002290                I2C2_EV_IRQHandler
                0x08002290                ADC1_2_IRQHandler
                0x08002290                SPI1_IRQHandler
                0x08002290                TAMPER_IRQHandler
                0x08002290                TIM8_UP_IRQHandler
                0x08002290                DMA2_Channel2_IRQHandler
                0x08002290                DMA1_Channel4_IRQHandler
                0x08002290                RTC_IRQHandler
                0x08002290                DMA1_Channel7_IRQHandler
                0x08002290                CAN1_RX1_IRQHandler
                0x08002290                UART5_IRQHandler
                0x08002290                ADC3_IRQHandler
                0x08002290                DMA2_Channel1_IRQHandler
                0x08002290                I2C1_EV_IRQHandler
                0x08002290                DMA1_Channel6_IRQHandler
                0x08002290                UART4_IRQHandler
                0x08002290                TIM3_IRQHandler
                0x08002290                RCC_IRQHandler
                0x08002290                TIM1_TRG_COM_IRQHandler
                0x08002290                DMA1_Channel1_IRQHandler
                0x08002290                Default_Handler
                0x08002290                EXTI15_10_IRQHandler
                0x08002290                TIM5_IRQHandler
                0x08002290                EXTI9_5_IRQHandler
                0x08002290                SPI2_IRQHandler
                0x08002290                DMA1_Channel5_IRQHandler
                0x08002290                EXTI4_IRQHandler
                0x08002290                USB_LP_CAN1_RX0_IRQHandler
                0x08002290                USB_HP_CAN1_TX_IRQHandler
                0x08002290                DMA1_Channel3_IRQHandler
                0x08002290                FSMC_IRQHandler
                0x08002290                TIM1_UP_IRQHandler
                0x08002290                WWDG_IRQHandler
                0x08002290                TIM2_IRQHandler
                0x08002290                TIM1_BRK_IRQHandler
                0x08002290                EXTI1_IRQHandler
                0x08002290                USART2_IRQHandler
                0x08002290                I2C2_ER_IRQHandler
                0x08002290                DMA1_Channel2_IRQHandler
                0x08002290                TIM8_BRK_IRQHandler
                0x08002290                CAN1_SCE_IRQHandler
                0x08002290                FLASH_IRQHandler
                0x08002290                SPI3_IRQHandler
                0x08002290                I2C1_ER_IRQHandler
                0x08002290                USBWakeUp_IRQHandler
                0x08002290                DMA2_Channel3_IRQHandler
 *fill*         0x08002292        0x2 
 .text.HAL_InitTick
                0x08002294       0x4c CMakeFiles/computer_control_system.elf.dir/Drivers/STM32F1xx_HAL_Driver/Src/stm32f1xx_hal.c.obj
                0x08002294                HAL_InitTick
 .text.HAL_Init
                0x080022e0       0x24 CMakeFiles/computer_control_system.elf.dir/Drivers/STM32F1xx_HAL_Driver/Src/stm32f1xx_hal.c.obj
                0x080022e0                HAL_Init
 .text.HAL_IncTick
                0x08002304       0x18 CMakeFiles/computer_control_system.elf.dir/Drivers/STM32F1xx_HAL_Driver/Src/stm32f1xx_hal.c.obj
                0x08002304                HAL_IncTick
 .text.HAL_GetTick
                0x0800231c        0xc CMakeFiles/computer_control_system.elf.dir/Drivers/STM32F1xx_HAL_Driver/Src/stm32f1xx_hal.c.obj
                0x0800231c                HAL_GetTick
 .text.HAL_Delay
                0x08002328       0x28 CMakeFiles/computer_control_system.elf.dir/Drivers/STM32F1xx_HAL_Driver/Src/stm32f1xx_hal.c.obj
                0x08002328                HAL_Delay
 .text.HAL_ADC_PollForConversion
                0x08002350      0x184 CMakeFiles/computer_control_system.elf.dir/Drivers/STM32F1xx_HAL_Driver/Src/stm32f1xx_hal_adc.c.obj
                0x08002350                HAL_ADC_PollForConversion
 .text.HAL_ADC_GetValue
                0x080024d4        0x6 CMakeFiles/computer_control_system.elf.dir/Drivers/STM32F1xx_HAL_Driver/Src/stm32f1xx_hal_adc.c.obj
                0x080024d4                HAL_ADC_GetValue
 *fill*         0x080024da        0x2 
 .text.HAL_ADC_ConfigChannel
                0x080024dc      0x144 CMakeFiles/computer_control_system.elf.dir/Drivers/STM32F1xx_HAL_Driver/Src/stm32f1xx_hal_adc.c.obj
                0x080024dc                HAL_ADC_ConfigChannel
 .text.ADC_Enable
                0x08002620       0x88 CMakeFiles/computer_control_system.elf.dir/Drivers/STM32F1xx_HAL_Driver/Src/stm32f1xx_hal_adc.c.obj
                0x08002620                ADC_Enable
 .text.HAL_ADC_Start
                0x080026a8       0xe8 CMakeFiles/computer_control_system.elf.dir/Drivers/STM32F1xx_HAL_Driver/Src/stm32f1xx_hal_adc.c.obj
                0x080026a8                HAL_ADC_Start
 .text.ADC_ConversionStop_Disable
                0x08002790       0x56 CMakeFiles/computer_control_system.elf.dir/Drivers/STM32F1xx_HAL_Driver/Src/stm32f1xx_hal_adc.c.obj
                0x08002790                ADC_ConversionStop_Disable
 *fill*         0x080027e6        0x2 
 .text.HAL_ADC_Init
                0x080027e8      0x128 CMakeFiles/computer_control_system.elf.dir/Drivers/STM32F1xx_HAL_Driver/Src/stm32f1xx_hal_adc.c.obj
                0x080027e8                HAL_ADC_Init
 .text.HAL_ADCEx_Calibration_Start
                0x08002910      0x100 CMakeFiles/computer_control_system.elf.dir/Drivers/STM32F1xx_HAL_Driver/Src/stm32f1xx_hal_adc_ex.c.obj
                0x08002910                HAL_ADCEx_Calibration_Start
 .text.HAL_NVIC_SetPriorityGrouping
                0x08002a10       0x24 CMakeFiles/computer_control_system.elf.dir/Drivers/STM32F1xx_HAL_Driver/Src/stm32f1xx_hal_cortex.c.obj
                0x08002a10                HAL_NVIC_SetPriorityGrouping
 .text.HAL_NVIC_SetPriority
                0x08002a34       0x70 CMakeFiles/computer_control_system.elf.dir/Drivers/STM32F1xx_HAL_Driver/Src/stm32f1xx_hal_cortex.c.obj
                0x08002a34                HAL_NVIC_SetPriority
 .text.HAL_NVIC_EnableIRQ
                0x08002aa4       0x1c CMakeFiles/computer_control_system.elf.dir/Drivers/STM32F1xx_HAL_Driver/Src/stm32f1xx_hal_cortex.c.obj
                0x08002aa4                HAL_NVIC_EnableIRQ
 .text.HAL_SYSTICK_Config
                0x08002ac0       0x28 CMakeFiles/computer_control_system.elf.dir/Drivers/STM32F1xx_HAL_Driver/Src/stm32f1xx_hal_cortex.c.obj
                0x08002ac0                HAL_SYSTICK_Config
 .text.HAL_DMA_Init
                0x08002ae8       0x98 CMakeFiles/computer_control_system.elf.dir/Drivers/STM32F1xx_HAL_Driver/Src/stm32f1xx_hal_dma.c.obj
                0x08002ae8                HAL_DMA_Init
 .text.HAL_DMA_Abort
                0x08002b80       0x46 CMakeFiles/computer_control_system.elf.dir/Drivers/STM32F1xx_HAL_Driver/Src/stm32f1xx_hal_dma.c.obj
                0x08002b80                HAL_DMA_Abort
 *fill*         0x08002bc6        0x2 
 .text.HAL_DMA_Abort_IT
                0x08002bc8      0x16c CMakeFiles/computer_control_system.elf.dir/Drivers/STM32F1xx_HAL_Driver/Src/stm32f1xx_hal_dma.c.obj
                0x08002bc8                HAL_DMA_Abort_IT
 .text.HAL_DMA_IRQHandler
                0x08002d34      0x2ec CMakeFiles/computer_control_system.elf.dir/Drivers/STM32F1xx_HAL_Driver/Src/stm32f1xx_hal_dma.c.obj
                0x08002d34                HAL_DMA_IRQHandler
 .text.HAL_GPIO_Init
                0x08003020      0x240 CMakeFiles/computer_control_system.elf.dir/Drivers/STM32F1xx_HAL_Driver/Src/stm32f1xx_hal_gpio.c.obj
                0x08003020                HAL_GPIO_Init
 .text.HAL_GPIO_ReadPin
                0x08003260        0xe CMakeFiles/computer_control_system.elf.dir/Drivers/STM32F1xx_HAL_Driver/Src/stm32f1xx_hal_gpio.c.obj
                0x08003260                HAL_GPIO_ReadPin
 .text.HAL_GPIO_WritePin
                0x0800326e        0xc CMakeFiles/computer_control_system.elf.dir/Drivers/STM32F1xx_HAL_Driver/Src/stm32f1xx_hal_gpio.c.obj
                0x0800326e                HAL_GPIO_WritePin
 .text.HAL_GPIO_TogglePin
                0x0800327a       0x12 CMakeFiles/computer_control_system.elf.dir/Drivers/STM32F1xx_HAL_Driver/Src/stm32f1xx_hal_gpio.c.obj
                0x0800327a                HAL_GPIO_TogglePin
 .text.HAL_GPIO_EXTI_IRQHandler
                0x0800328c       0x1c CMakeFiles/computer_control_system.elf.dir/Drivers/STM32F1xx_HAL_Driver/Src/stm32f1xx_hal_gpio.c.obj
                0x0800328c                HAL_GPIO_EXTI_IRQHandler
 .text.RCC_Delay
                0x080032a8       0x2c CMakeFiles/computer_control_system.elf.dir/Drivers/STM32F1xx_HAL_Driver/Src/stm32f1xx_hal_rcc.c.obj
 .text.HAL_RCC_OscConfig
                0x080032d4      0x410 CMakeFiles/computer_control_system.elf.dir/Drivers/STM32F1xx_HAL_Driver/Src/stm32f1xx_hal_rcc.c.obj
                0x080032d4                HAL_RCC_OscConfig
 .text.HAL_RCC_GetSysClockFreq
                0x080036e4       0x54 CMakeFiles/computer_control_system.elf.dir/Drivers/STM32F1xx_HAL_Driver/Src/stm32f1xx_hal_rcc.c.obj
                0x080036e4                HAL_RCC_GetSysClockFreq
 .text.HAL_RCC_ClockConfig
                0x08003738      0x16c CMakeFiles/computer_control_system.elf.dir/Drivers/STM32F1xx_HAL_Driver/Src/stm32f1xx_hal_rcc.c.obj
                0x08003738                HAL_RCC_ClockConfig
 .text.HAL_RCC_GetHCLKFreq
                0x080038a4        0xc CMakeFiles/computer_control_system.elf.dir/Drivers/STM32F1xx_HAL_Driver/Src/stm32f1xx_hal_rcc.c.obj
                0x080038a4                HAL_RCC_GetHCLKFreq
 .text.HAL_RCC_GetPCLK1Freq
                0x080038b0       0x20 CMakeFiles/computer_control_system.elf.dir/Drivers/STM32F1xx_HAL_Driver/Src/stm32f1xx_hal_rcc.c.obj
                0x080038b0                HAL_RCC_GetPCLK1Freq
 .text.HAL_RCC_GetPCLK2Freq
                0x080038d0       0x20 CMakeFiles/computer_control_system.elf.dir/Drivers/STM32F1xx_HAL_Driver/Src/stm32f1xx_hal_rcc.c.obj
                0x080038d0                HAL_RCC_GetPCLK2Freq
 .text.HAL_RCCEx_PeriphCLKConfig
                0x080038f0      0x118 CMakeFiles/computer_control_system.elf.dir/Drivers/STM32F1xx_HAL_Driver/Src/stm32f1xx_hal_rcc_ex.c.obj
                0x080038f0                HAL_RCCEx_PeriphCLKConfig
 .text.HAL_RCCEx_GetPeriphCLKFreq
                0x08003a08       0xf4 CMakeFiles/computer_control_system.elf.dir/Drivers/STM32F1xx_HAL_Driver/Src/stm32f1xx_hal_rcc_ex.c.obj
                0x08003a08                HAL_RCCEx_GetPeriphCLKFreq
 .text.SD_PowerON
                0x08003afc       0xc0 CMakeFiles/computer_control_system.elf.dir/Drivers/STM32F1xx_HAL_Driver/Src/stm32f1xx_hal_sd.c.obj
 .text.SD_Read_IT
                0x08003bbc       0x38 CMakeFiles/computer_control_system.elf.dir/Drivers/STM32F1xx_HAL_Driver/Src/stm32f1xx_hal_sd.c.obj
 .text.SD_Write_IT
                0x08003bf4       0x48 CMakeFiles/computer_control_system.elf.dir/Drivers/STM32F1xx_HAL_Driver/Src/stm32f1xx_hal_sd.c.obj
 .text.SD_FindSCR
                0x08003c3c      0x100 CMakeFiles/computer_control_system.elf.dir/Drivers/STM32F1xx_HAL_Driver/Src/stm32f1xx_hal_sd.c.obj
 .text.SD_WideBus_Enable
                0x08003d3c       0x4e CMakeFiles/computer_control_system.elf.dir/Drivers/STM32F1xx_HAL_Driver/Src/stm32f1xx_hal_sd.c.obj
 .text.SD_WideBus_Disable
                0x08003d8a       0x4e CMakeFiles/computer_control_system.elf.dir/Drivers/STM32F1xx_HAL_Driver/Src/stm32f1xx_hal_sd.c.obj
 .text.SD_SendStatus
                0x08003dd8       0x2c CMakeFiles/computer_control_system.elf.dir/Drivers/STM32F1xx_HAL_Driver/Src/stm32f1xx_hal_sd.c.obj
 .text.HAL_SD_ReadBlocks
                0x08003e04      0x248 CMakeFiles/computer_control_system.elf.dir/Drivers/STM32F1xx_HAL_Driver/Src/stm32f1xx_hal_sd.c.obj
                0x08003e04                HAL_SD_ReadBlocks
 .text.HAL_SD_WriteBlocks
                0x0800404c      0x204 CMakeFiles/computer_control_system.elf.dir/Drivers/STM32F1xx_HAL_Driver/Src/stm32f1xx_hal_sd.c.obj
                0x0800404c                HAL_SD_WriteBlocks
 .text.HAL_SD_ErrorCallback
                0x08004250        0x2 CMakeFiles/computer_control_system.elf.dir/Drivers/STM32F1xx_HAL_Driver/Src/stm32f1xx_hal_sd.c.obj
                0x08004250                HAL_SD_ErrorCallback
 *fill*         0x08004252        0x2 
 .text.HAL_SD_GetCardCSD
                0x08004254      0x1b8 CMakeFiles/computer_control_system.elf.dir/Drivers/STM32F1xx_HAL_Driver/Src/stm32f1xx_hal_sd.c.obj
                0x08004254                HAL_SD_GetCardCSD
 .text.SD_InitCard
                0x0800440c      0x100 CMakeFiles/computer_control_system.elf.dir/Drivers/STM32F1xx_HAL_Driver/Src/stm32f1xx_hal_sd.c.obj
 .text.HAL_SD_InitCard
                0x0800450c       0xa8 CMakeFiles/computer_control_system.elf.dir/Drivers/STM32F1xx_HAL_Driver/Src/stm32f1xx_hal_sd.c.obj
                0x0800450c                HAL_SD_InitCard
 .text.HAL_SD_Init
                0x080045b4       0x36 CMakeFiles/computer_control_system.elf.dir/Drivers/STM32F1xx_HAL_Driver/Src/stm32f1xx_hal_sd.c.obj
                0x080045b4                HAL_SD_Init
 .text.HAL_SD_GetCardInfo
                0x080045ea       0x24 CMakeFiles/computer_control_system.elf.dir/Drivers/STM32F1xx_HAL_Driver/Src/stm32f1xx_hal_sd.c.obj
                0x080045ea                HAL_SD_GetCardInfo
 *fill*         0x0800460e        0x2 
 .text.HAL_SD_ConfigWideBusOperation
                0x08004610       0xc0 CMakeFiles/computer_control_system.elf.dir/Drivers/STM32F1xx_HAL_Driver/Src/stm32f1xx_hal_sd.c.obj
                0x08004610                HAL_SD_ConfigWideBusOperation
 .text.HAL_SD_GetCardState
                0x080046d0       0x22 CMakeFiles/computer_control_system.elf.dir/Drivers/STM32F1xx_HAL_Driver/Src/stm32f1xx_hal_sd.c.obj
                0x080046d0                HAL_SD_GetCardState
 .text.SD_DMATxAbort
                0x080046f2       0x44 CMakeFiles/computer_control_system.elf.dir/Drivers/STM32F1xx_HAL_Driver/Src/stm32f1xx_hal_sd.c.obj
 .text.SD_DMARxAbort
                0x08004736       0x44 CMakeFiles/computer_control_system.elf.dir/Drivers/STM32F1xx_HAL_Driver/Src/stm32f1xx_hal_sd.c.obj
 *fill*         0x0800477a        0x2 
 .text.HAL_SD_IRQHandler
                0x0800477c      0x1cc CMakeFiles/computer_control_system.elf.dir/Drivers/STM32F1xx_HAL_Driver/Src/stm32f1xx_hal_sd.c.obj
                0x0800477c                HAL_SD_IRQHandler
 .text.HAL_SPI_Init
                0x08004948       0xb6 CMakeFiles/computer_control_system.elf.dir/Drivers/STM32F1xx_HAL_Driver/Src/stm32f1xx_hal_spi.c.obj
                0x08004948                HAL_SPI_Init
 *fill*         0x080049fe        0x2 
 .text.TIM_OC1_SetConfig
                0x08004a00       0x68 CMakeFiles/computer_control_system.elf.dir/Drivers/STM32F1xx_HAL_Driver/Src/stm32f1xx_hal_tim.c.obj
 .text.TIM_OC3_SetConfig
                0x08004a68       0x70 CMakeFiles/computer_control_system.elf.dir/Drivers/STM32F1xx_HAL_Driver/Src/stm32f1xx_hal_tim.c.obj
 .text.TIM_OC4_SetConfig
                0x08004ad8       0x50 CMakeFiles/computer_control_system.elf.dir/Drivers/STM32F1xx_HAL_Driver/Src/stm32f1xx_hal_tim.c.obj
 .text.TIM_TI1_ConfigInputStage
                0x08004b28       0x24 CMakeFiles/computer_control_system.elf.dir/Drivers/STM32F1xx_HAL_Driver/Src/stm32f1xx_hal_tim.c.obj
 .text.TIM_TI2_ConfigInputStage
                0x08004b4c       0x26 CMakeFiles/computer_control_system.elf.dir/Drivers/STM32F1xx_HAL_Driver/Src/stm32f1xx_hal_tim.c.obj
 .text.TIM_ITRx_SetConfig
                0x08004b72       0x10 CMakeFiles/computer_control_system.elf.dir/Drivers/STM32F1xx_HAL_Driver/Src/stm32f1xx_hal_tim.c.obj
 *fill*         0x08004b82        0x2 
 .text.HAL_TIM_Base_Start_IT
                0x08004b84       0x78 CMakeFiles/computer_control_system.elf.dir/Drivers/STM32F1xx_HAL_Driver/Src/stm32f1xx_hal_tim.c.obj
                0x08004b84                HAL_TIM_Base_Start_IT
 .text.HAL_TIM_OC_DelayElapsedCallback
                0x08004bfc        0x2 CMakeFiles/computer_control_system.elf.dir/Drivers/STM32F1xx_HAL_Driver/Src/stm32f1xx_hal_tim.c.obj
                0x08004bfc                HAL_TIM_OC_DelayElapsedCallback
 .text.HAL_TIM_IC_CaptureCallback
                0x08004bfe        0x2 CMakeFiles/computer_control_system.elf.dir/Drivers/STM32F1xx_HAL_Driver/Src/stm32f1xx_hal_tim.c.obj
                0x08004bfe                HAL_TIM_IC_CaptureCallback
 .text.HAL_TIM_PWM_PulseFinishedCallback
                0x08004c00        0x2 CMakeFiles/computer_control_system.elf.dir/Drivers/STM32F1xx_HAL_Driver/Src/stm32f1xx_hal_tim.c.obj
                0x08004c00                HAL_TIM_PWM_PulseFinishedCallback
 .text.HAL_TIM_TriggerCallback
                0x08004c02        0x2 CMakeFiles/computer_control_system.elf.dir/Drivers/STM32F1xx_HAL_Driver/Src/stm32f1xx_hal_tim.c.obj
                0x08004c02                HAL_TIM_TriggerCallback
 .text.HAL_TIM_IRQHandler
                0x08004c04      0x17a CMakeFiles/computer_control_system.elf.dir/Drivers/STM32F1xx_HAL_Driver/Src/stm32f1xx_hal_tim.c.obj
                0x08004c04                HAL_TIM_IRQHandler
 *fill*         0x08004d7e        0x2 
 .text.TIM_Base_SetConfig
                0x08004d80       0x98 CMakeFiles/computer_control_system.elf.dir/Drivers/STM32F1xx_HAL_Driver/Src/stm32f1xx_hal_tim.c.obj
                0x08004d80                TIM_Base_SetConfig
 .text.HAL_TIM_Base_Init
                0x08004e18       0x58 CMakeFiles/computer_control_system.elf.dir/Drivers/STM32F1xx_HAL_Driver/Src/stm32f1xx_hal_tim.c.obj
                0x08004e18                HAL_TIM_Base_Init
 .text.HAL_TIM_PWM_Init
                0x08004e70       0x58 CMakeFiles/computer_control_system.elf.dir/Drivers/STM32F1xx_HAL_Driver/Src/stm32f1xx_hal_tim.c.obj
                0x08004e70                HAL_TIM_PWM_Init
 .text.TIM_OC2_SetConfig
                0x08004ec8       0x70 CMakeFiles/computer_control_system.elf.dir/Drivers/STM32F1xx_HAL_Driver/Src/stm32f1xx_hal_tim.c.obj
                0x08004ec8                TIM_OC2_SetConfig
 .text.HAL_TIM_PWM_ConfigChannel
                0x08004f38       0xdc CMakeFiles/computer_control_system.elf.dir/Drivers/STM32F1xx_HAL_Driver/Src/stm32f1xx_hal_tim.c.obj
                0x08004f38                HAL_TIM_PWM_ConfigChannel
 .text.TIM_ETR_SetConfig
                0x08005014       0x18 CMakeFiles/computer_control_system.elf.dir/Drivers/STM32F1xx_HAL_Driver/Src/stm32f1xx_hal_tim.c.obj
                0x08005014                TIM_ETR_SetConfig
 .text.HAL_TIM_ConfigClockSource
                0x0800502c       0xfe CMakeFiles/computer_control_system.elf.dir/Drivers/STM32F1xx_HAL_Driver/Src/stm32f1xx_hal_tim.c.obj
                0x0800502c                HAL_TIM_ConfigClockSource
 .text.TIM_CCxChannelCmd
                0x0800512a       0x1e CMakeFiles/computer_control_system.elf.dir/Drivers/STM32F1xx_HAL_Driver/Src/stm32f1xx_hal_tim.c.obj
                0x0800512a                TIM_CCxChannelCmd
 .text.HAL_TIM_PWM_Start
                0x08005148       0xf4 CMakeFiles/computer_control_system.elf.dir/Drivers/STM32F1xx_HAL_Driver/Src/stm32f1xx_hal_tim.c.obj
                0x08005148                HAL_TIM_PWM_Start
 .text.HAL_TIMEx_MasterConfigSynchronization
                0x0800523c       0x7c CMakeFiles/computer_control_system.elf.dir/Drivers/STM32F1xx_HAL_Driver/Src/stm32f1xx_hal_tim_ex.c.obj
                0x0800523c                HAL_TIMEx_MasterConfigSynchronization
 .text.HAL_TIMEx_ConfigBreakDeadTime
                0x080052b8       0x52 CMakeFiles/computer_control_system.elf.dir/Drivers/STM32F1xx_HAL_Driver/Src/stm32f1xx_hal_tim_ex.c.obj
                0x080052b8                HAL_TIMEx_ConfigBreakDeadTime
 .text.HAL_TIMEx_CommutCallback
                0x0800530a        0x2 CMakeFiles/computer_control_system.elf.dir/Drivers/STM32F1xx_HAL_Driver/Src/stm32f1xx_hal_tim_ex.c.obj
                0x0800530a                HAL_TIMEx_CommutCallback
 .text.HAL_TIMEx_BreakCallback
                0x0800530c        0x2 CMakeFiles/computer_control_system.elf.dir/Drivers/STM32F1xx_HAL_Driver/Src/stm32f1xx_hal_tim_ex.c.obj
                0x0800530c                HAL_TIMEx_BreakCallback
 .text.UART_EndRxTransfer
                0x0800530e       0x5c CMakeFiles/computer_control_system.elf.dir/Drivers/STM32F1xx_HAL_Driver/Src/stm32f1xx_hal_uart.c.obj
 .text.UART_Transmit_IT
                0x0800536a       0x60 CMakeFiles/computer_control_system.elf.dir/Drivers/STM32F1xx_HAL_Driver/Src/stm32f1xx_hal_uart.c.obj
 *fill*         0x080053ca        0x2 
 .text.UART_SetConfig
                0x080053cc       0x94 CMakeFiles/computer_control_system.elf.dir/Drivers/STM32F1xx_HAL_Driver/Src/stm32f1xx_hal_uart.c.obj
 .text.UART_WaitOnFlagUntilTimeout
                0x08005460       0x88 CMakeFiles/computer_control_system.elf.dir/Drivers/STM32F1xx_HAL_Driver/Src/stm32f1xx_hal_uart.c.obj
 .text.HAL_UART_Init
                0x080054e8       0x60 CMakeFiles/computer_control_system.elf.dir/Drivers/STM32F1xx_HAL_Driver/Src/stm32f1xx_hal_uart.c.obj
                0x080054e8                HAL_UART_Init
 .text.HAL_UART_Transmit
                0x08005548       0xbe CMakeFiles/computer_control_system.elf.dir/Drivers/STM32F1xx_HAL_Driver/Src/stm32f1xx_hal_uart.c.obj
                0x08005548                HAL_UART_Transmit
 .text.HAL_UART_TxCpltCallback
                0x08005606        0x2 CMakeFiles/computer_control_system.elf.dir/Drivers/STM32F1xx_HAL_Driver/Src/stm32f1xx_hal_uart.c.obj
                0x08005606                HAL_UART_TxCpltCallback
 .text.UART_EndTransmit_IT
                0x08005608       0x1a CMakeFiles/computer_control_system.elf.dir/Drivers/STM32F1xx_HAL_Driver/Src/stm32f1xx_hal_uart.c.obj
 .text.HAL_UART_ErrorCallback
                0x08005622        0x2 CMakeFiles/computer_control_system.elf.dir/Drivers/STM32F1xx_HAL_Driver/Src/stm32f1xx_hal_uart.c.obj
                0x08005622                HAL_UART_ErrorCallback
 .text.UART_DMAAbortOnError
                0x08005624       0x10 CMakeFiles/computer_control_system.elf.dir/Drivers/STM32F1xx_HAL_Driver/Src/stm32f1xx_hal_uart.c.obj
 .text.HAL_UARTEx_RxEventCallback
                0x08005634        0x2 CMakeFiles/computer_control_system.elf.dir/Drivers/STM32F1xx_HAL_Driver/Src/stm32f1xx_hal_uart.c.obj
                0x08005634                HAL_UARTEx_RxEventCallback
 .text.UART_Receive_IT
                0x08005636       0xe6 CMakeFiles/computer_control_system.elf.dir/Drivers/STM32F1xx_HAL_Driver/Src/stm32f1xx_hal_uart.c.obj
 .text.HAL_UART_IRQHandler
                0x0800571c      0x288 CMakeFiles/computer_control_system.elf.dir/Drivers/STM32F1xx_HAL_Driver/Src/stm32f1xx_hal_uart.c.obj
                0x0800571c                HAL_UART_IRQHandler
 .text.UART_Start_Receive_IT
                0x080059a4       0x36 CMakeFiles/computer_control_system.elf.dir/Drivers/STM32F1xx_HAL_Driver/Src/stm32f1xx_hal_uart.c.obj
                0x080059a4                UART_Start_Receive_IT
 .text.HAL_UART_Receive_IT
                0x080059da       0x26 CMakeFiles/computer_control_system.elf.dir/Drivers/STM32F1xx_HAL_Driver/Src/stm32f1xx_hal_uart.c.obj
                0x080059da                HAL_UART_Receive_IT
 .text.SDMMC_GetCmdError
                0x08005a00       0x38 CMakeFiles/computer_control_system.elf.dir/Drivers/STM32F1xx_HAL_Driver/Src/stm32f1xx_ll_sdmmc.c.obj
 .text.SDIO_Init
                0x08005a38       0x32 CMakeFiles/computer_control_system.elf.dir/Drivers/STM32F1xx_HAL_Driver/Src/stm32f1xx_ll_sdmmc.c.obj
                0x08005a38                SDIO_Init
 .text.SDIO_ReadFIFO
                0x08005a6a        0x6 CMakeFiles/computer_control_system.elf.dir/Drivers/STM32F1xx_HAL_Driver/Src/stm32f1xx_ll_sdmmc.c.obj
                0x08005a6a                SDIO_ReadFIFO
 .text.SDIO_WriteFIFO
                0x08005a70        0xa CMakeFiles/computer_control_system.elf.dir/Drivers/STM32F1xx_HAL_Driver/Src/stm32f1xx_ll_sdmmc.c.obj
                0x08005a70                SDIO_WriteFIFO
 .text.SDIO_PowerState_ON
                0x08005a7a        0x8 CMakeFiles/computer_control_system.elf.dir/Drivers/STM32F1xx_HAL_Driver/Src/stm32f1xx_ll_sdmmc.c.obj
                0x08005a7a                SDIO_PowerState_ON
 .text.SDIO_GetPowerState
                0x08005a82        0x8 CMakeFiles/computer_control_system.elf.dir/Drivers/STM32F1xx_HAL_Driver/Src/stm32f1xx_ll_sdmmc.c.obj
                0x08005a82                SDIO_GetPowerState
 .text.SDIO_SendCommand
                0x08005a8a       0x24 CMakeFiles/computer_control_system.elf.dir/Drivers/STM32F1xx_HAL_Driver/Src/stm32f1xx_ll_sdmmc.c.obj
                0x08005a8a                SDIO_SendCommand
 .text.SDIO_GetCommandResponse
                0x08005aae        0x6 CMakeFiles/computer_control_system.elf.dir/Drivers/STM32F1xx_HAL_Driver/Src/stm32f1xx_ll_sdmmc.c.obj
                0x08005aae                SDIO_GetCommandResponse
 .text.SDIO_GetResponse
                0x08005ab4        0x6 CMakeFiles/computer_control_system.elf.dir/Drivers/STM32F1xx_HAL_Driver/Src/stm32f1xx_ll_sdmmc.c.obj
                0x08005ab4                SDIO_GetResponse
 .text.SDIO_ConfigData
                0x08005aba       0x24 CMakeFiles/computer_control_system.elf.dir/Drivers/STM32F1xx_HAL_Driver/Src/stm32f1xx_ll_sdmmc.c.obj
                0x08005aba                SDIO_ConfigData
 .text.SDMMC_CmdGoIdleState
                0x08005ade       0x26 CMakeFiles/computer_control_system.elf.dir/Drivers/STM32F1xx_HAL_Driver/Src/stm32f1xx_ll_sdmmc.c.obj
                0x08005ade                SDMMC_CmdGoIdleState
 .text.SDMMC_GetCmdResp1
                0x08005b04      0x154 CMakeFiles/computer_control_system.elf.dir/Drivers/STM32F1xx_HAL_Driver/Src/stm32f1xx_ll_sdmmc.c.obj
                0x08005b04                SDMMC_GetCmdResp1
 .text.SDMMC_CmdBlockLength
                0x08005c58       0x30 CMakeFiles/computer_control_system.elf.dir/Drivers/STM32F1xx_HAL_Driver/Src/stm32f1xx_ll_sdmmc.c.obj
                0x08005c58                SDMMC_CmdBlockLength
 .text.SDMMC_CmdReadSingleBlock
                0x08005c88       0x30 CMakeFiles/computer_control_system.elf.dir/Drivers/STM32F1xx_HAL_Driver/Src/stm32f1xx_ll_sdmmc.c.obj
                0x08005c88                SDMMC_CmdReadSingleBlock
 .text.SDMMC_CmdReadMultiBlock
                0x08005cb8       0x30 CMakeFiles/computer_control_system.elf.dir/Drivers/STM32F1xx_HAL_Driver/Src/stm32f1xx_ll_sdmmc.c.obj
                0x08005cb8                SDMMC_CmdReadMultiBlock
 .text.SDMMC_CmdWriteSingleBlock
                0x08005ce8       0x30 CMakeFiles/computer_control_system.elf.dir/Drivers/STM32F1xx_HAL_Driver/Src/stm32f1xx_ll_sdmmc.c.obj
                0x08005ce8                SDMMC_CmdWriteSingleBlock
 .text.SDMMC_CmdWriteMultiBlock
                0x08005d18       0x30 CMakeFiles/computer_control_system.elf.dir/Drivers/STM32F1xx_HAL_Driver/Src/stm32f1xx_ll_sdmmc.c.obj
                0x08005d18                SDMMC_CmdWriteMultiBlock
 .text.SDMMC_CmdStopTransfer
                0x08005d48       0x34 CMakeFiles/computer_control_system.elf.dir/Drivers/STM32F1xx_HAL_Driver/Src/stm32f1xx_ll_sdmmc.c.obj
                0x08005d48                SDMMC_CmdStopTransfer
 .text.SDMMC_CmdSelDesel
                0x08005d7c       0x30 CMakeFiles/computer_control_system.elf.dir/Drivers/STM32F1xx_HAL_Driver/Src/stm32f1xx_ll_sdmmc.c.obj
                0x08005d7c                SDMMC_CmdSelDesel
 .text.SDMMC_CmdAppCommand
                0x08005dac       0x30 CMakeFiles/computer_control_system.elf.dir/Drivers/STM32F1xx_HAL_Driver/Src/stm32f1xx_ll_sdmmc.c.obj
                0x08005dac                SDMMC_CmdAppCommand
 .text.SDMMC_CmdBusWidth
                0x08005ddc       0x30 CMakeFiles/computer_control_system.elf.dir/Drivers/STM32F1xx_HAL_Driver/Src/stm32f1xx_ll_sdmmc.c.obj
                0x08005ddc                SDMMC_CmdBusWidth
 .text.SDMMC_CmdSendSCR
                0x08005e0c       0x30 CMakeFiles/computer_control_system.elf.dir/Drivers/STM32F1xx_HAL_Driver/Src/stm32f1xx_ll_sdmmc.c.obj
                0x08005e0c                SDMMC_CmdSendSCR
 .text.SDMMC_CmdSendStatus
                0x08005e3c       0x30 CMakeFiles/computer_control_system.elf.dir/Drivers/STM32F1xx_HAL_Driver/Src/stm32f1xx_ll_sdmmc.c.obj
                0x08005e3c                SDMMC_CmdSendStatus
 .text.SDMMC_GetCmdResp2
                0x08005e6c       0x5c CMakeFiles/computer_control_system.elf.dir/Drivers/STM32F1xx_HAL_Driver/Src/stm32f1xx_ll_sdmmc.c.obj
                0x08005e6c                SDMMC_GetCmdResp2
 .text.SDMMC_CmdSendCID
                0x08005ec8       0x2a CMakeFiles/computer_control_system.elf.dir/Drivers/STM32F1xx_HAL_Driver/Src/stm32f1xx_ll_sdmmc.c.obj
                0x08005ec8                SDMMC_CmdSendCID
 .text.SDMMC_CmdSendCSD
                0x08005ef2       0x2a CMakeFiles/computer_control_system.elf.dir/Drivers/STM32F1xx_HAL_Driver/Src/stm32f1xx_ll_sdmmc.c.obj
                0x08005ef2                SDMMC_CmdSendCSD
 .text.SDMMC_GetCmdResp3
                0x08005f1c       0x4c CMakeFiles/computer_control_system.elf.dir/Drivers/STM32F1xx_HAL_Driver/Src/stm32f1xx_ll_sdmmc.c.obj
                0x08005f1c                SDMMC_GetCmdResp3
 .text.SDMMC_CmdAppOperCommand
                0x08005f68       0x32 CMakeFiles/computer_control_system.elf.dir/Drivers/STM32F1xx_HAL_Driver/Src/stm32f1xx_ll_sdmmc.c.obj
                0x08005f68                SDMMC_CmdAppOperCommand
 *fill*         0x08005f9a        0x2 
 .text.SDMMC_GetCmdResp6
                0x08005f9c       0xa0 CMakeFiles/computer_control_system.elf.dir/Drivers/STM32F1xx_HAL_Driver/Src/stm32f1xx_ll_sdmmc.c.obj
                0x08005f9c                SDMMC_GetCmdResp6
 .text.SDMMC_CmdSetRelAdd
                0x0800603c       0x30 CMakeFiles/computer_control_system.elf.dir/Drivers/STM32F1xx_HAL_Driver/Src/stm32f1xx_ll_sdmmc.c.obj
                0x0800603c                SDMMC_CmdSetRelAdd
 .text.SDMMC_GetCmdResp7
                0x0800606c       0x64 CMakeFiles/computer_control_system.elf.dir/Drivers/STM32F1xx_HAL_Driver/Src/stm32f1xx_ll_sdmmc.c.obj
                0x0800606c                SDMMC_GetCmdResp7
 .text.SDMMC_CmdOperCond
                0x080060d0       0x2e CMakeFiles/computer_control_system.elf.dir/Drivers/STM32F1xx_HAL_Driver/Src/stm32f1xx_ll_sdmmc.c.obj
                0x080060d0                SDMMC_CmdOperCond
 *fill*         0x080060fe        0x2 
 .text.MX_FATFS_Init
                0x08006100       0x34 CMakeFiles/computer_control_system.elf.dir/FATFS/App/fatfs.c.obj
                0x08006100                MX_FATFS_Init
 .text.get_fattime
                0x08006134        0x4 CMakeFiles/computer_control_system.elf.dir/FATFS/App/fatfs.c.obj
                0x08006134                get_fattime
 .text.BSP_SD_ReadBlocks
                0x08006138       0x20 CMakeFiles/computer_control_system.elf.dir/FATFS/Target/bsp_driver_sd.c.obj
                0x08006138                BSP_SD_ReadBlocks
 .text.BSP_SD_WriteBlocks
                0x08006158       0x20 CMakeFiles/computer_control_system.elf.dir/FATFS/Target/bsp_driver_sd.c.obj
                0x08006158                BSP_SD_WriteBlocks
 .text.BSP_SD_GetCardState
                0x08006178       0x14 CMakeFiles/computer_control_system.elf.dir/FATFS/Target/bsp_driver_sd.c.obj
                0x08006178                BSP_SD_GetCardState
 .text.BSP_SD_GetCardInfo
                0x0800618c       0x10 CMakeFiles/computer_control_system.elf.dir/FATFS/Target/bsp_driver_sd.c.obj
                0x0800618c                BSP_SD_GetCardInfo
 .text.BSP_SD_AbortCallback
                0x0800619c        0x2 CMakeFiles/computer_control_system.elf.dir/FATFS/Target/bsp_driver_sd.c.obj
                0x0800619c                BSP_SD_AbortCallback
 .text.HAL_SD_AbortCallback
                0x0800619e        0x8 CMakeFiles/computer_control_system.elf.dir/FATFS/Target/bsp_driver_sd.c.obj
                0x0800619e                HAL_SD_AbortCallback
 .text.BSP_SD_WriteCpltCallback
                0x080061a6        0x2 CMakeFiles/computer_control_system.elf.dir/FATFS/Target/bsp_driver_sd.c.obj
                0x080061a6                BSP_SD_WriteCpltCallback
 .text.HAL_SD_TxCpltCallback
                0x080061a8        0x8 CMakeFiles/computer_control_system.elf.dir/FATFS/Target/bsp_driver_sd.c.obj
                0x080061a8                HAL_SD_TxCpltCallback
 .text.BSP_SD_ReadCpltCallback
                0x080061b0        0x2 CMakeFiles/computer_control_system.elf.dir/FATFS/Target/bsp_driver_sd.c.obj
                0x080061b0                BSP_SD_ReadCpltCallback
 .text.HAL_SD_RxCpltCallback
                0x080061b2        0x8 CMakeFiles/computer_control_system.elf.dir/FATFS/Target/bsp_driver_sd.c.obj
                0x080061b2                HAL_SD_RxCpltCallback
 .text.BSP_SD_IsDetected
                0x080061ba       0x10 CMakeFiles/computer_control_system.elf.dir/FATFS/Target/bsp_driver_sd.c.obj
                0x080061ba                BSP_SD_IsDetected
 *fill*         0x080061ca        0x2 
 .text.BSP_SD_Init
                0x080061cc       0x34 CMakeFiles/computer_control_system.elf.dir/FATFS/Target/bsp_driver_sd.c.obj
                0x080061cc                BSP_SD_Init
 .text.USER_initialize
                0x08006200       0x10 CMakeFiles/computer_control_system.elf.dir/FATFS/Target/user_diskio.c.obj
                0x08006200                USER_initialize
 .text.USER_status
                0x08006210       0x10 CMakeFiles/computer_control_system.elf.dir/FATFS/Target/user_diskio.c.obj
                0x08006210                USER_status
 .text.USER_read
                0x08006220        0x4 CMakeFiles/computer_control_system.elf.dir/FATFS/Target/user_diskio.c.obj
                0x08006220                USER_read
 .text.USER_write
                0x08006224        0x4 CMakeFiles/computer_control_system.elf.dir/FATFS/Target/user_diskio.c.obj
                0x08006224                USER_write
 .text.USER_ioctl
                0x08006228        0x4 CMakeFiles/computer_control_system.elf.dir/FATFS/Target/user_diskio.c.obj
                0x08006228                USER_ioctl
 .text.gpu_blend
                0x0800622c       0x8e CMakeFiles/computer_control_system.elf.dir/LVGL/porting/lv_port_disp.c.obj
 .text.gpu_fill
                0x080062ba       0x3a CMakeFiles/computer_control_system.elf.dir/LVGL/porting/lv_port_disp.c.obj
 .text.disp_flush
                0x080062f4       0x40 CMakeFiles/computer_control_system.elf.dir/LVGL/porting/lv_port_disp.c.obj
 .text.lv_port_disp_init
                0x08006334       0x58 CMakeFiles/computer_control_system.elf.dir/LVGL/porting/lv_port_disp.c.obj
                0x08006334                lv_port_disp_init
 .text.lv_disp_get_scr_act
                0x0800638c       0x18 CMakeFiles/computer_control_system.elf.dir/LVGL/src/lv_core/lv_disp.c.obj
                0x0800638c                lv_disp_get_scr_act
 .text.lv_disp_get_scr_prev
                0x080063a4       0x18 CMakeFiles/computer_control_system.elf.dir/LVGL/src/lv_core/lv_disp.c.obj
                0x080063a4                lv_disp_get_scr_prev
 .text.lv_disp_get_layer_top
                0x080063bc       0x18 CMakeFiles/computer_control_system.elf.dir/LVGL/src/lv_core/lv_disp.c.obj
                0x080063bc                lv_disp_get_layer_top
 .text.lv_disp_get_layer_sys
                0x080063d4       0x18 CMakeFiles/computer_control_system.elf.dir/LVGL/src/lv_core/lv_disp.c.obj
                0x080063d4                lv_disp_get_layer_sys
 .text.obj_to_foreground
                0x080063ec       0x24 CMakeFiles/computer_control_system.elf.dir/LVGL/src/lv_core/lv_group.c.obj
 .text.focus_next_core
                0x08006410       0xd4 CMakeFiles/computer_control_system.elf.dir/LVGL/src/lv_core/lv_group.c.obj
 .text._lv_group_init
                0x080064e4       0x10 CMakeFiles/computer_control_system.elf.dir/LVGL/src/lv_core/lv_group.c.obj
                0x080064e4                _lv_group_init
 .text.lv_group_focus_next
                0x080064f4       0x14 CMakeFiles/computer_control_system.elf.dir/LVGL/src/lv_core/lv_group.c.obj
                0x080064f4                lv_group_focus_next
 .text.lv_group_focus_prev
                0x08006508       0x14 CMakeFiles/computer_control_system.elf.dir/LVGL/src/lv_core/lv_group.c.obj
                0x08006508                lv_group_focus_prev
 .text.lv_group_refocus
                0x0800651c       0x2c CMakeFiles/computer_control_system.elf.dir/LVGL/src/lv_core/lv_group.c.obj
 .text.lv_group_add_obj
                0x08006548       0x70 CMakeFiles/computer_control_system.elf.dir/LVGL/src/lv_core/lv_group.c.obj
                0x08006548                lv_group_add_obj
 .text.lv_group_remove_obj
                0x080065b8       0x8c CMakeFiles/computer_control_system.elf.dir/LVGL/src/lv_core/lv_group.c.obj
                0x080065b8                lv_group_remove_obj
 .text.lv_group_get_focused
                0x08006644        0xc CMakeFiles/computer_control_system.elf.dir/LVGL/src/lv_core/lv_group.c.obj
                0x08006644                lv_group_get_focused
 .text.lv_group_get_editing
                0x08006650        0xe CMakeFiles/computer_control_system.elf.dir/LVGL/src/lv_core/lv_group.c.obj
                0x08006650                lv_group_get_editing
 *fill*         0x0800665e        0x2 
 .text.lv_indev_get_act
                0x08006660        0xc CMakeFiles/computer_control_system.elf.dir/LVGL/src/lv_core/lv_indev.c.obj
                0x08006660                lv_indev_get_act
 .text.lv_indev_reset
                0x0800666c       0xa8 CMakeFiles/computer_control_system.elf.dir/LVGL/src/lv_core/lv_indev.c.obj
                0x0800666c                lv_indev_reset
 .text._lv_indev_init
                0x08006714        0xc CMakeFiles/computer_control_system.elf.dir/LVGL/src/lv_core/lv_indev.c.obj
                0x08006714                _lv_indev_init
 .text.lv_indev_get_obj_act
                0x08006720        0xc CMakeFiles/computer_control_system.elf.dir/LVGL/src/lv_core/lv_indev.c.obj
                0x08006720                lv_indev_get_obj_act
 .text.lv_event_mark_deleted
                0x0800672c       0x1c CMakeFiles/computer_control_system.elf.dir/LVGL/src/lv_core/lv_obj.c.obj
 .text.style_prop_is_cacheble
                0x08006748      0x120 CMakeFiles/computer_control_system.elf.dir/LVGL/src/lv_core/lv_obj.c.obj
 .text.refresh_children_position
                0x08006868       0x4c CMakeFiles/computer_control_system.elf.dir/LVGL/src/lv_core/lv_obj.c.obj
 .text.style_snapshot_compare
                0x080068b4      0x15c CMakeFiles/computer_control_system.elf.dir/LVGL/src/lv_core/lv_obj.c.obj
 .text.lv_init  0x08006a10       0xa8 CMakeFiles/computer_control_system.elf.dir/LVGL/src/lv_core/lv_obj.c.obj
                0x08006a10                lv_init
 .text.lv_obj_set_click
                0x08006ab8       0x2c CMakeFiles/computer_control_system.elf.dir/LVGL/src/lv_core/lv_obj.c.obj
                0x08006ab8                lv_obj_set_click
 .text.lv_event_send_func
                0x08006ae4       0xb0 CMakeFiles/computer_control_system.elf.dir/LVGL/src/lv_core/lv_obj.c.obj
                0x08006ae4                lv_event_send_func
 .text.lv_event_send
                0x08006b94       0x34 CMakeFiles/computer_control_system.elf.dir/LVGL/src/lv_core/lv_obj.c.obj
                0x08006b94                lv_event_send
 .text.lv_obj_set_signal_cb
                0x08006bc8       0x20 CMakeFiles/computer_control_system.elf.dir/LVGL/src/lv_core/lv_obj.c.obj
                0x08006bc8                lv_obj_set_signal_cb
 .text.lv_signal_send
                0x08006be8       0x14 CMakeFiles/computer_control_system.elf.dir/LVGL/src/lv_core/lv_obj.c.obj
                0x08006be8                lv_signal_send
 .text.lv_obj_set_design_cb
                0x08006bfc       0x20 CMakeFiles/computer_control_system.elf.dir/LVGL/src/lv_core/lv_obj.c.obj
                0x08006bfc                lv_obj_set_design_cb
 .text.lv_obj_allocate_ext_attr
                0x08006c1c       0x30 CMakeFiles/computer_control_system.elf.dir/LVGL/src/lv_core/lv_obj.c.obj
                0x08006c1c                lv_obj_allocate_ext_attr
 .text.lv_obj_refresh_ext_draw_pad
                0x08006c4c       0x28 CMakeFiles/computer_control_system.elf.dir/LVGL/src/lv_core/lv_obj.c.obj
                0x08006c4c                lv_obj_refresh_ext_draw_pad
 .text.lv_obj_get_parent
                0x08006c74       0x20 CMakeFiles/computer_control_system.elf.dir/LVGL/src/lv_core/lv_obj.c.obj
                0x08006c74                lv_obj_get_parent
 .text.lv_obj_get_screen
                0x08006c94       0x2c CMakeFiles/computer_control_system.elf.dir/LVGL/src/lv_core/lv_obj.c.obj
                0x08006c94                lv_obj_get_screen
 .text.lv_obj_get_disp
                0x08006cc0       0x60 CMakeFiles/computer_control_system.elf.dir/LVGL/src/lv_core/lv_obj.c.obj
                0x08006cc0                lv_obj_get_disp
 .text.lv_obj_get_child
                0x08006d20       0x30 CMakeFiles/computer_control_system.elf.dir/LVGL/src/lv_core/lv_obj.c.obj
                0x08006d20                lv_obj_get_child
 .text.lv_obj_get_coords
                0x08006d50       0x34 CMakeFiles/computer_control_system.elf.dir/LVGL/src/lv_core/lv_obj.c.obj
                0x08006d50                lv_obj_get_coords
 .text.lv_obj_get_x
                0x08006d84       0x34 CMakeFiles/computer_control_system.elf.dir/LVGL/src/lv_core/lv_obj.c.obj
                0x08006d84                lv_obj_get_x
 .text.lv_obj_get_y
                0x08006db8       0x34 CMakeFiles/computer_control_system.elf.dir/LVGL/src/lv_core/lv_obj.c.obj
                0x08006db8                lv_obj_get_y
 .text.lv_obj_get_width
                0x08006dec       0x28 CMakeFiles/computer_control_system.elf.dir/LVGL/src/lv_core/lv_obj.c.obj
                0x08006dec                lv_obj_get_width
 .text.lv_obj_get_height
                0x08006e14       0x28 CMakeFiles/computer_control_system.elf.dir/LVGL/src/lv_core/lv_obj.c.obj
                0x08006e14                lv_obj_get_height
 .text.lv_obj_get_style_list
                0x08006e3c       0x2a CMakeFiles/computer_control_system.elf.dir/LVGL/src/lv_core/lv_obj.c.obj
                0x08006e3c                lv_obj_get_style_list
 *fill*         0x08006e66        0x2 
 .text.trans_del
                0x08006e68       0x78 CMakeFiles/computer_control_system.elf.dir/LVGL/src/lv_core/lv_obj.c.obj
 .text.lv_obj_clean_style_list
                0x08006ee0       0x1e CMakeFiles/computer_control_system.elf.dir/LVGL/src/lv_core/lv_obj.c.obj
                0x08006ee0                lv_obj_clean_style_list
 .text._lv_obj_disable_style_caching
                0x08006efe       0x46 CMakeFiles/computer_control_system.elf.dir/LVGL/src/lv_core/lv_obj.c.obj
                0x08006efe                _lv_obj_disable_style_caching
 .text.trans_anim_ready_cb
                0x08006f44       0x64 CMakeFiles/computer_control_system.elf.dir/LVGL/src/lv_core/lv_obj.c.obj
 .text.lv_obj_get_hidden
                0x08006fa8       0x24 CMakeFiles/computer_control_system.elf.dir/LVGL/src/lv_core/lv_obj.c.obj
                0x08006fa8                lv_obj_get_hidden
 .text.lv_obj_area_is_visible
                0x08006fcc       0xde CMakeFiles/computer_control_system.elf.dir/LVGL/src/lv_core/lv_obj.c.obj
                0x08006fcc                lv_obj_area_is_visible
 *fill*         0x080070aa        0x2 
 .text.lv_obj_invalidate_area
                0x080070ac       0x50 CMakeFiles/computer_control_system.elf.dir/LVGL/src/lv_core/lv_obj.c.obj
                0x080070ac                lv_obj_invalidate_area
 .text.lv_obj_invalidate
                0x080070fc       0x70 CMakeFiles/computer_control_system.elf.dir/LVGL/src/lv_core/lv_obj.c.obj
                0x080070fc                lv_obj_invalidate
 .text.lv_obj_move_foreground
                0x0800716c       0x54 CMakeFiles/computer_control_system.elf.dir/LVGL/src/lv_core/lv_obj.c.obj
                0x0800716c                lv_obj_move_foreground
 .text.lv_obj_set_pos
                0x080071c0       0xac CMakeFiles/computer_control_system.elf.dir/LVGL/src/lv_core/lv_obj.c.obj
                0x080071c0                lv_obj_set_pos
 .text.lv_obj_set_x
                0x0800726c       0x30 CMakeFiles/computer_control_system.elf.dir/LVGL/src/lv_core/lv_obj.c.obj
                0x0800726c                lv_obj_set_x
 .text.lv_obj_set_y
                0x0800729c       0x30 CMakeFiles/computer_control_system.elf.dir/LVGL/src/lv_core/lv_obj.c.obj
                0x0800729c                lv_obj_set_y
 .text.obj_align_core
                0x080072cc       0x80 CMakeFiles/computer_control_system.elf.dir/LVGL/src/lv_core/lv_obj.c.obj
 .text.lv_obj_align
                0x0800734c       0x7c CMakeFiles/computer_control_system.elf.dir/LVGL/src/lv_core/lv_obj.c.obj
                0x0800734c                lv_obj_align
 .text.obj_align_mid_core
                0x080073c8      0x2cc CMakeFiles/computer_control_system.elf.dir/LVGL/src/lv_core/lv_obj.c.obj
 .text.lv_obj_align_mid
                0x08007694       0x7c CMakeFiles/computer_control_system.elf.dir/LVGL/src/lv_core/lv_obj.c.obj
                0x08007694                lv_obj_align_mid
 .text.lv_obj_realign
                0x08007710       0x58 CMakeFiles/computer_control_system.elf.dir/LVGL/src/lv_core/lv_obj.c.obj
                0x08007710                lv_obj_realign
 .text.refresh_children_style
                0x08007768       0x3a CMakeFiles/computer_control_system.elf.dir/LVGL/src/lv_core/lv_obj.c.obj
 .text.lv_obj_get_focus_parent
                0x080077a2        0xa CMakeFiles/computer_control_system.elf.dir/LVGL/src/lv_core/lv_obj.c.obj
                0x080077a2                lv_obj_get_focus_parent
 .text.lv_obj_get_base_dir
                0x080077ac       0x20 CMakeFiles/computer_control_system.elf.dir/LVGL/src/lv_core/lv_obj.c.obj
                0x080077ac                lv_obj_get_base_dir
 .text.lv_obj_create
                0x080077cc      0x418 CMakeFiles/computer_control_system.elf.dir/LVGL/src/lv_core/lv_obj.c.obj
                0x080077cc                lv_obj_create
 .text.lv_obj_set_size
                0x08007be4       0xc8 CMakeFiles/computer_control_system.elf.dir/LVGL/src/lv_core/lv_obj.c.obj
                0x08007be4                lv_obj_set_size
 .text.lv_obj_set_height
                0x08007cac       0x30 CMakeFiles/computer_control_system.elf.dir/LVGL/src/lv_core/lv_obj.c.obj
                0x08007cac                lv_obj_set_height
 .text.lv_obj_is_protected
                0x08007cdc       0x2c CMakeFiles/computer_control_system.elf.dir/LVGL/src/lv_core/lv_obj.c.obj
                0x08007cdc                lv_obj_is_protected
 .text.lv_obj_get_state
                0x08007d08       0x44 CMakeFiles/computer_control_system.elf.dir/LVGL/src/lv_core/lv_obj.c.obj
                0x08007d08                lv_obj_get_state
 .text._lv_obj_get_style_color
                0x08007d4c       0x78 CMakeFiles/computer_control_system.elf.dir/LVGL/src/lv_core/lv_obj.c.obj
                0x08007d4c                _lv_obj_get_style_color
 .text._lv_obj_get_style_int
                0x08007dc4      0x3ec CMakeFiles/computer_control_system.elf.dir/LVGL/src/lv_core/lv_obj.c.obj
                0x08007dc4                _lv_obj_get_style_int
 .text.update_style_cache
                0x080081b0      0x378 CMakeFiles/computer_control_system.elf.dir/LVGL/src/lv_core/lv_obj.c.obj
 .text._lv_obj_get_style_opa
                0x08008528       0xea CMakeFiles/computer_control_system.elf.dir/LVGL/src/lv_core/lv_obj.c.obj
                0x08008528                _lv_obj_get_style_opa
 *fill*         0x08008612        0x2 
 .text._lv_obj_get_style_ptr
                0x08008614       0xdc CMakeFiles/computer_control_system.elf.dir/LVGL/src/lv_core/lv_obj.c.obj
                0x08008614                _lv_obj_get_style_ptr
 .text.update_style_cache_children
                0x080086f0      0x100 CMakeFiles/computer_control_system.elf.dir/LVGL/src/lv_core/lv_obj.c.obj
 .text.invalidate_style_cache
                0x080087f0       0x68 CMakeFiles/computer_control_system.elf.dir/LVGL/src/lv_core/lv_obj.c.obj
 .text.lv_obj_refresh_style
                0x08008858      0x134 CMakeFiles/computer_control_system.elf.dir/LVGL/src/lv_core/lv_obj.c.obj
                0x08008858                lv_obj_refresh_style
 .text.lv_obj_reset_style_list
                0x0800898c       0x16 CMakeFiles/computer_control_system.elf.dir/LVGL/src/lv_core/lv_obj.c.obj
                0x0800898c                lv_obj_reset_style_list
 .text._lv_obj_set_style_local_int
                0x080089a2       0x30 CMakeFiles/computer_control_system.elf.dir/LVGL/src/lv_core/lv_obj.c.obj
                0x080089a2                _lv_obj_set_style_local_int
 .text._lv_obj_set_style_local_color
                0x080089d2       0x30 CMakeFiles/computer_control_system.elf.dir/LVGL/src/lv_core/lv_obj.c.obj
                0x080089d2                _lv_obj_set_style_local_color
 .text._lv_obj_set_style_local_opa
                0x08008a02       0x30 CMakeFiles/computer_control_system.elf.dir/LVGL/src/lv_core/lv_obj.c.obj
                0x08008a02                _lv_obj_set_style_local_opa
 .text.report_style_mod_core
                0x08008a32       0x9a CMakeFiles/computer_control_system.elf.dir/LVGL/src/lv_core/lv_obj.c.obj
 .text.lv_obj_report_style_mod
                0x08008acc       0x3e CMakeFiles/computer_control_system.elf.dir/LVGL/src/lv_core/lv_obj.c.obj
                0x08008acc                lv_obj_report_style_mod
 .text.trans_anim_cb
                0x08008b0a      0x122 CMakeFiles/computer_control_system.elf.dir/LVGL/src/lv_core/lv_obj.c.obj
 .text.trans_anim_start_cb
                0x08008c2c       0x60 CMakeFiles/computer_control_system.elf.dir/LVGL/src/lv_core/lv_obj.c.obj
 .text.trans_create
                0x08008c8c      0x304 CMakeFiles/computer_control_system.elf.dir/LVGL/src/lv_core/lv_obj.c.obj
 .text.lv_obj_get_signal_cb
                0x08008f90       0x20 CMakeFiles/computer_control_system.elf.dir/LVGL/src/lv_core/lv_obj.c.obj
                0x08008f90                lv_obj_get_signal_cb
 .text.lv_obj_get_ext_attr
                0x08008fb0       0x20 CMakeFiles/computer_control_system.elf.dir/LVGL/src/lv_core/lv_obj.c.obj
                0x08008fb0                lv_obj_get_ext_attr
 .text.lv_obj_get_group
                0x08008fd0       0x20 CMakeFiles/computer_control_system.elf.dir/LVGL/src/lv_core/lv_obj.c.obj
                0x08008fd0                lv_obj_get_group
 .text.obj_del_core
                0x08008ff0       0xd4 CMakeFiles/computer_control_system.elf.dir/LVGL/src/lv_core/lv_obj.c.obj
 .text.lv_obj_del
                0x080090c4       0x64 CMakeFiles/computer_control_system.elf.dir/LVGL/src/lv_core/lv_obj.c.obj
                0x080090c4                lv_obj_del
 .text.lv_obj_is_focused
                0x08009128       0x34 CMakeFiles/computer_control_system.elf.dir/LVGL/src/lv_core/lv_obj.c.obj
                0x08009128                lv_obj_is_focused
 .text.lv_obj_handle_get_type_signal
                0x0800915c       0x1c CMakeFiles/computer_control_system.elf.dir/LVGL/src/lv_core/lv_obj.c.obj
                0x0800915c                lv_obj_handle_get_type_signal
 .text.lv_obj_init_draw_rect_dsc
                0x08009178      0x340 CMakeFiles/computer_control_system.elf.dir/LVGL/src/lv_core/lv_obj.c.obj
                0x08009178                lv_obj_init_draw_rect_dsc
 .text.lv_obj_design
                0x080094b8      0x2ba CMakeFiles/computer_control_system.elf.dir/LVGL/src/lv_core/lv_obj.c.obj
 .text.lv_obj_init_draw_label_dsc
                0x08009772       0xc0 CMakeFiles/computer_control_system.elf.dir/LVGL/src/lv_core/lv_obj.c.obj
                0x08009772                lv_obj_init_draw_label_dsc
 .text.lv_obj_init_draw_img_dsc
                0x08009832       0xa0 CMakeFiles/computer_control_system.elf.dir/LVGL/src/lv_core/lv_obj.c.obj
                0x08009832                lv_obj_init_draw_img_dsc
 .text.lv_obj_init_draw_line_dsc
                0x080098d2       0xa2 CMakeFiles/computer_control_system.elf.dir/LVGL/src/lv_core/lv_obj.c.obj
                0x080098d2                lv_obj_init_draw_line_dsc
 .text.style_snapshot
                0x08009974      0x1ee CMakeFiles/computer_control_system.elf.dir/LVGL/src/lv_core/lv_obj.c.obj
 *fill*         0x08009b62        0x2 
 .text.lv_obj_set_state
                0x08009b64      0x1f0 CMakeFiles/computer_control_system.elf.dir/LVGL/src/lv_core/lv_obj.c.obj
                0x08009b64                lv_obj_set_state
 .text.lv_obj_add_state
                0x08009d54       0x34 CMakeFiles/computer_control_system.elf.dir/LVGL/src/lv_core/lv_obj.c.obj
                0x08009d54                lv_obj_add_state
 .text.lv_obj_clear_state
                0x08009d88       0x38 CMakeFiles/computer_control_system.elf.dir/LVGL/src/lv_core/lv_obj.c.obj
                0x08009d88                lv_obj_clear_state
 .text.lv_obj_get_draw_rect_ext_pad_size
                0x08009dc0      0x204 CMakeFiles/computer_control_system.elf.dir/LVGL/src/lv_core/lv_obj.c.obj
                0x08009dc0                lv_obj_get_draw_rect_ext_pad_size
 .text.lv_obj_get_focused_obj
                0x08009fc4       0x20 CMakeFiles/computer_control_system.elf.dir/LVGL/src/lv_core/lv_obj.c.obj
                0x08009fc4                lv_obj_get_focused_obj
 .text.lv_obj_signal
                0x08009fe4      0x104 CMakeFiles/computer_control_system.elf.dir/LVGL/src/lv_core/lv_obj.c.obj
 .text.lv_refr_vdb_rotate_180
                0x0800a0e8       0x8a CMakeFiles/computer_control_system.elf.dir/LVGL/src/lv_core/lv_refr.c.obj
 .text.lv_refr_vdb_rotate_90
                0x0800a172       0x5a CMakeFiles/computer_control_system.elf.dir/LVGL/src/lv_core/lv_refr.c.obj
 .text.lv_refr_vdb_rotate_90_sqr
                0x0800a1cc       0xb6 CMakeFiles/computer_control_system.elf.dir/LVGL/src/lv_core/lv_refr.c.obj
 *fill*         0x0800a282        0x2 
 .text.lv_refr_vdb_rotate
                0x0800a284      0x200 CMakeFiles/computer_control_system.elf.dir/LVGL/src/lv_core/lv_refr.c.obj
 .text.lv_refr_join_area
                0x0800a484       0xe0 CMakeFiles/computer_control_system.elf.dir/LVGL/src/lv_core/lv_refr.c.obj
 .text.lv_refr_get_top_obj
                0x0800a564       0x94 CMakeFiles/computer_control_system.elf.dir/LVGL/src/lv_core/lv_refr.c.obj
 .text.lv_refr_obj
                0x0800a5f8       0xec CMakeFiles/computer_control_system.elf.dir/LVGL/src/lv_core/lv_refr.c.obj
 .text.lv_refr_obj_and_children
                0x0800a6e4       0x6c CMakeFiles/computer_control_system.elf.dir/LVGL/src/lv_core/lv_refr.c.obj
 .text._lv_refr_init
                0x0800a750        0x2 CMakeFiles/computer_control_system.elf.dir/LVGL/src/lv_core/lv_refr.c.obj
                0x0800a750                _lv_refr_init
 .text._lv_inv_area
                0x0800a752       0xee CMakeFiles/computer_control_system.elf.dir/LVGL/src/lv_core/lv_refr.c.obj
                0x0800a752                _lv_inv_area
 .text._lv_refr_get_disp_refreshing
                0x0800a840        0xc CMakeFiles/computer_control_system.elf.dir/LVGL/src/lv_core/lv_refr.c.obj
                0x0800a840                _lv_refr_get_disp_refreshing
 .text.lv_refr_vdb_flush
                0x0800a84c       0x9c CMakeFiles/computer_control_system.elf.dir/LVGL/src/lv_core/lv_refr.c.obj
 .text.lv_refr_area_part
                0x0800a8e8      0x138 CMakeFiles/computer_control_system.elf.dir/LVGL/src/lv_core/lv_refr.c.obj
 .text.lv_refr_area
                0x0800aa20      0x198 CMakeFiles/computer_control_system.elf.dir/LVGL/src/lv_core/lv_refr.c.obj
 .text.lv_refr_areas
                0x0800abb8       0xbc CMakeFiles/computer_control_system.elf.dir/LVGL/src/lv_core/lv_refr.c.obj
 .text._lv_disp_refr_task
                0x0800ac74      0x2d8 CMakeFiles/computer_control_system.elf.dir/LVGL/src/lv_core/lv_refr.c.obj
                0x0800ac74                _lv_disp_refr_task
 .text.lv_style_init
                0x0800af4c        0xa CMakeFiles/computer_control_system.elf.dir/LVGL/src/lv_core/lv_style.c.obj
                0x0800af4c                lv_style_init
 .text.lv_style_list_init
                0x0800af56        0xa CMakeFiles/computer_control_system.elf.dir/LVGL/src/lv_core/lv_style.c.obj
                0x0800af56                lv_style_list_init
 .text._lv_style_list_remove_style
                0x0800af60       0xbc CMakeFiles/computer_control_system.elf.dir/LVGL/src/lv_core/lv_style.c.obj
                0x0800af60                _lv_style_list_remove_style
 .text._lv_style_list_add_style
                0x0800b01c       0x9c CMakeFiles/computer_control_system.elf.dir/LVGL/src/lv_core/lv_style.c.obj
                0x0800b01c                _lv_style_list_add_style
 .text.get_alloc_local_style
                0x0800b0b8       0x7c CMakeFiles/computer_control_system.elf.dir/LVGL/src/lv_core/lv_style.c.obj
 .text.lv_style_reset
                0x0800b134       0x12 CMakeFiles/computer_control_system.elf.dir/LVGL/src/lv_core/lv_style.c.obj
                0x0800b134                lv_style_reset
 .text._lv_style_get_mem_size
                0x0800b146       0x6a CMakeFiles/computer_control_system.elf.dir/LVGL/src/lv_core/lv_style.c.obj
                0x0800b146                _lv_style_get_mem_size
 .text.lv_style_copy
                0x0800b1b0       0x26 CMakeFiles/computer_control_system.elf.dir/LVGL/src/lv_core/lv_style.c.obj
                0x0800b1b0                lv_style_copy
 .text.lv_style_remove_prop
                0x0800b1d6      0x142 CMakeFiles/computer_control_system.elf.dir/LVGL/src/lv_core/lv_style.c.obj
                0x0800b1d6                lv_style_remove_prop
 .text._lv_style_set_int
                0x0800b318      0x192 CMakeFiles/computer_control_system.elf.dir/LVGL/src/lv_core/lv_style.c.obj
                0x0800b318                _lv_style_set_int
 .text._lv_style_set_color
                0x0800b4aa      0x192 CMakeFiles/computer_control_system.elf.dir/LVGL/src/lv_core/lv_style.c.obj
                0x0800b4aa                _lv_style_set_color
 .text._lv_style_set_opa
                0x0800b63c      0x196 CMakeFiles/computer_control_system.elf.dir/LVGL/src/lv_core/lv_style.c.obj
                0x0800b63c                _lv_style_set_opa
 .text._lv_style_set_ptr
                0x0800b7d2      0x192 CMakeFiles/computer_control_system.elf.dir/LVGL/src/lv_core/lv_style.c.obj
                0x0800b7d2                _lv_style_set_ptr
 .text._lv_style_get_int
                0x0800b964      0x106 CMakeFiles/computer_control_system.elf.dir/LVGL/src/lv_core/lv_style.c.obj
                0x0800b964                _lv_style_get_int
 .text._lv_style_get_opa
                0x0800ba6a      0x106 CMakeFiles/computer_control_system.elf.dir/LVGL/src/lv_core/lv_style.c.obj
                0x0800ba6a                _lv_style_get_opa
 .text._lv_style_get_color
                0x0800bb70      0x106 CMakeFiles/computer_control_system.elf.dir/LVGL/src/lv_core/lv_style.c.obj
                0x0800bb70                _lv_style_get_color
 .text._lv_style_get_ptr
                0x0800bc76      0x106 CMakeFiles/computer_control_system.elf.dir/LVGL/src/lv_core/lv_style.c.obj
                0x0800bc76                _lv_style_get_ptr
 .text.lv_style_list_get_local_style
                0x0800bd7c       0x1e CMakeFiles/computer_control_system.elf.dir/LVGL/src/lv_core/lv_style.c.obj
                0x0800bd7c                lv_style_list_get_local_style
 .text._lv_style_list_get_transition_style
                0x0800bd9a       0x12 CMakeFiles/computer_control_system.elf.dir/LVGL/src/lv_core/lv_style.c.obj
                0x0800bd9a                _lv_style_list_get_transition_style
 .text._lv_style_list_reset
                0x0800bdac       0x7a CMakeFiles/computer_control_system.elf.dir/LVGL/src/lv_core/lv_style.c.obj
                0x0800bdac                _lv_style_list_reset
 .text.lv_style_list_copy
                0x0800be26      0x110 CMakeFiles/computer_control_system.elf.dir/LVGL/src/lv_core/lv_style.c.obj
                0x0800be26                lv_style_list_copy
 *fill*         0x0800bf36        0x2 
 .text._lv_style_list_add_trans_style
                0x0800bf38       0x64 CMakeFiles/computer_control_system.elf.dir/LVGL/src/lv_core/lv_style.c.obj
                0x0800bf38                _lv_style_list_add_trans_style
 .text._lv_style_list_set_local_int
                0x0800bf9c       0x14 CMakeFiles/computer_control_system.elf.dir/LVGL/src/lv_core/lv_style.c.obj
                0x0800bf9c                _lv_style_list_set_local_int
 .text._lv_style_list_set_local_opa
                0x0800bfb0       0x14 CMakeFiles/computer_control_system.elf.dir/LVGL/src/lv_core/lv_style.c.obj
                0x0800bfb0                _lv_style_list_set_local_opa
 .text._lv_style_list_set_local_color