Archive member included to satisfy reference by file (symbol)

d:/program files/stmicr~1/stm32c~1/gnu-to~1/bin/../lib/gcc/arm-none-eabi/10.3.1/thumb/v7-m/nofp\libgcc.a(_arm_muldf3.o)
                              CMakeFiles/computer_control_system.elf.dir/DSP_LIB/Source/FilteringFunctions/arm_biquad_cascade_df2T_f64.c.obj (__aeabi_dmul)
d:/program files/stmicr~1/stm32c~1/gnu-to~1/bin/../lib/gcc/arm-none-eabi/10.3.1/thumb/v7-m/nofp\libgcc.a(_arm_mulsf3.o)
                              CMakeFiles/computer_control_system.elf.dir/DSP_LIB/Source/BasicMathFunctions/arm_dot_prod_f32.c.obj (__aeabi_fmul)
d:/program files/stmicr~1/stm32c~1/gnu-to~1/bin/../lib/gcc/arm-none-eabi/10.3.1/thumb/v7-m/nofp\libgcc.a(_arm_addsubdf3.o)
                              CMakeFiles/computer_control_system.elf.dir/DSP_LIB/Source/MatrixFunctions/arm_mat_inverse_f64.c.obj (__aeabi_dsub)
d:/program files/stmicr~1/stm32c~1/gnu-to~1/bin/../lib/gcc/arm-none-eabi/10.3.1/thumb/v7-m/nofp\libgcc.a(_arm_muldivdf3.o)
                              CMakeFiles/computer_control_system.elf.dir/DSP_LIB/Source/MatrixFunctions/arm_mat_inverse_f64.c.obj (__aeabi_ddiv)
d:/program files/stmicr~1/stm32c~1/gnu-to~1/bin/../lib/gcc/arm-none-eabi/10.3.1/thumb/v7-m/nofp\libgcc.a(_arm_cmpdf2.o)
                              CMakeFiles/computer_control_system.elf.dir/DSP_LIB/Source/MatrixFunctions/arm_mat_inverse_f64.c.obj (__aeabi_dcmpeq)
d:/program files/stmicr~1/stm32c~1/gnu-to~1/bin/../lib/gcc/arm-none-eabi/10.3.1/thumb/v7-m/nofp\libgcc.a(_arm_truncdfsf2.o)
                              CMakeFiles/computer_control_system.elf.dir/User/Src/callback.c.obj (__aeabi_d2f)
d:/program files/stmicr~1/stm32c~1/gnu-to~1/bin/../lib/gcc/arm-none-eabi/10.3.1/thumb/v7-m/nofp\libgcc.a(_arm_addsubsf3.o)
                              CMakeFiles/computer_control_system.elf.dir/DSP_LIB/Source/BasicMathFunctions/arm_sub_f32.c.obj (__aeabi_fsub)
d:/program files/stmicr~1/stm32c~1/gnu-to~1/bin/../lib/gcc/arm-none-eabi/10.3.1/thumb/v7-m/nofp\libgcc.a(_arm_muldivsf3.o)
                              CMakeFiles/computer_control_system.elf.dir/DSP_LIB/Source/FilteringFunctions/arm_lms_norm_f32.c.obj (__aeabi_fdiv)
d:/program files/stmicr~1/stm32c~1/gnu-to~1/bin/../lib/gcc/arm-none-eabi/10.3.1/thumb/v7-m/nofp\libgcc.a(_arm_cmpsf2.o)
                              CMakeFiles/computer_control_system.elf.dir/DSP_LIB/Source/MatrixFunctions/arm_mat_inverse_f32.c.obj (__aeabi_fcmpeq)
d:/program files/stmicr~1/stm32c~1/gnu-to~1/bin/../lib/gcc/arm-none-eabi/10.3.1/thumb/v7-m/nofp\libgcc.a(_arm_fixsfsi.o)
                              CMakeFiles/computer_control_system.elf.dir/DSP_LIB/Source/ControllerFunctions/arm_sin_cos_f32.c.obj (__aeabi_f2iz)
d:/program files/stmicr~1/stm32c~1/gnu-to~1/bin/../lib/gcc/arm-none-eabi/10.3.1/thumb/v7-m/nofp\libgcc.a(_arm_fixunssfsi.o)
                              CMakeFiles/computer_control_system.elf.dir/DSP_LIB/Source/ControllerFunctions/arm_sin_cos_f32.c.obj (__aeabi_f2uiz)
d:/program files/stmicr~1/stm32c~1/gnu-to~1/bin/../lib/gcc/arm-none-eabi/10.3.1/thumb/v7-m/nofp\libgcc.a(_aeabi_ldivmod.o)
                              CMakeFiles/computer_control_system.elf.dir/DSP_LIB/Source/StatisticsFunctions/arm_mean_q31.c.obj (__aeabi_ldivmod)
d:/program files/stmicr~1/stm32c~1/gnu-to~1/bin/../lib/gcc/arm-none-eabi/10.3.1/thumb/v7-m/nofp\libgcc.a(_fixsfdi.o)
                              CMakeFiles/computer_control_system.elf.dir/DSP_LIB/Source/SupportFunctions/arm_float_to_q31.c.obj (__aeabi_f2lz)
d:/program files/stmicr~1/stm32c~1/gnu-to~1/bin/../lib/gcc/arm-none-eabi/10.3.1/thumb/v7-m/nofp\libgcc.a(_fixunssfdi.o)
                              d:/program files/stmicr~1/stm32c~1/gnu-to~1/bin/../lib/gcc/arm-none-eabi/10.3.1/thumb/v7-m/nofp\libgcc.a(_fixsfdi.o) (__aeabi_f2ulz)
d:/program files/stmicr~1/stm32c~1/gnu-to~1/bin/../lib/gcc/arm-none-eabi/10.3.1/thumb/v7-m/nofp\libgcc.a(_udivmoddi4.o)
                              d:/program files/stmicr~1/stm32c~1/gnu-to~1/bin/../lib/gcc/arm-none-eabi/10.3.1/thumb/v7-m/nofp\libgcc.a(_aeabi_ldivmod.o) (__udivmoddi4)
d:/program files/stmicr~1/stm32c~1/gnu-to~1/bin/../lib/gcc/arm-none-eabi/10.3.1/thumb/v7-m/nofp\libgcc.a(_dvmd_tls.o)
                              d:/program files/stmicr~1/stm32c~1/gnu-to~1/bin/../lib/gcc/arm-none-eabi/10.3.1/thumb/v7-m/nofp\libgcc.a(_aeabi_ldivmod.o) (__aeabi_ldiv0)
d:/program files/stmicr~1/stm32c~1/gnu-to~1/bin/../lib/gcc/arm-none-eabi/10.3.1/thumb/v7-m/nofp\libgcc.a(_arm_fixunsdfsi.o)
                              d:/program files/stmicr~1/stm32c~1/gnu-to~1/bin/../lib/gcc/arm-none-eabi/10.3.1/thumb/v7-m/nofp\libgcc.a(_fixunssfdi.o) (__aeabi_d2uiz)
d:/program files/stmicr~1/stm32c~1/gnu-to~1/bin/../lib/gcc/arm-none-eabi/10.3.1/../../../../arm-none-eabi/lib/thumb/v7-m/nofp\libg.a(lib_a-assert.o)
                              CMakeFiles/computer_control_system.elf.dir/User/Src/func.c.obj (__assert_func)
[...]
Memory Configuration

Name             Origin             Length             Attributes
RAM              0x20000000         0x0000c000         xrw
FLASH            0x08000000         0x00040000         xr
*default*        0x00000000         0xffffffff

Linker script and memory map

LOAD d:/program files/stmicr~1/stm32c~1/gnu-to~1/bin/../lib/gcc/arm-none-eabi/10.3.1/thumb/v7-m/nofp/crti.o
LOAD d:/program files/stmicr~1/stm32c~1/gnu-to~1/bin/../lib/gcc/arm-none-eabi/10.3.1/thumb/v7-m/nofp/crtbegin.o
LOAD d:/program files/stmicr~1/stm32c~1/gnu-to~1/bin/../lib/gcc/arm-none-eabi/10.3.1/../../../../arm-none-eabi/lib/thumb/v7-m/nofp/crt0.o
LOAD CMakeFiles/computer_control_system.elf.dir/Core/Src/adc.c.obj
LOAD CMakeFiles/computer_control_system.elf.dir/Core/Src/dma.c.obj
LOAD CMakeFiles/computer_control_system.elf.dir/Core/Src/gpio.c.obj
LOAD CMakeFiles/computer_control_system.elf.dir/Core/Src/main.c.obj
LOAD CMakeFiles/computer_control_system.elf.dir/Core/Src/spi.c.obj
LOAD CMakeFiles/computer_control_system.elf.dir/Core/Src/stm32f1xx_hal_msp.c.obj
LOAD CMakeFiles/computer_control_system.elf.dir/Core/Src/stm32f1xx_it.c.obj
LOAD CMakeFiles/computer_control_system.elf.dir/Core/Src/syscalls.c.obj
LOAD CMakeFiles/computer_control_system.elf.dir/Core/Src/sysmem.c.obj
LOAD CMakeFiles/computer_control_system.elf.dir/Core/Src/system_stm32f1xx.c.obj
LOAD CMakeFiles/computer_control_system.elf.dir/Core/Src/tim.c.obj
LOAD CMakeFiles/computer_control_system.elf.dir/Core/Src/usart.c.obj
LOAD CMakeFiles/computer_control_system.elf.dir/Core/Startup/startup_stm32f103vctx.s.obj
LOAD CMakeFiles/computer_control_system.elf.dir/DSP_LIB/Source/BasicMathFunctions/arm_abs_f32.c.obj
LOAD CMakeFiles/computer_control_system.elf.dir/DSP_LIB/Source/BasicMathFunctions/arm_abs_q15.c.obj
LOAD CMakeFiles/computer_control_system.elf.dir/DSP_LIB/Source/BasicMathFunctions/arm_abs_q31.c.obj
LOAD CMakeFiles/computer_control_system.elf.dir/DSP_LIB/Source/BasicMathFunctions/arm_abs_q7.c.obj
LOAD CMakeFiles/computer_control_system.elf.dir/DSP_LIB/Source/BasicMathFunctions/arm_add_f32.c.obj
LOAD CMakeFiles/computer_control_system.elf.dir/DSP_LIB/Source/BasicMathFunctions/arm_add_q15.c.obj
LOAD CMakeFiles/computer_control_system.elf.dir/DSP_LIB/Source/BasicMathFunctions/arm_add_q31.c.obj
LOAD CMakeFiles/computer_control_system.elf.dir/DSP_LIB/Source/BasicMathFunctions/arm_add_q7.c.obj
LOAD CMakeFiles/computer_control_system.elf.dir/DSP_LIB/Source/BasicMathFunctions/arm_dot_prod_f32.c.obj
LOAD CMakeFiles/computer_control_system.elf.dir/DSP_LIB/Source/BasicMathFunctions/arm_dot_prod_q15.c.obj
LOAD CMakeFiles/computer_control_system.elf.dir/DSP_LIB/Source/BasicMathFunctions/arm_dot_prod_q31.c.obj
LOAD CMakeFiles/computer_control_system.elf.dir/DSP_LIB/Source/BasicMathFunctions/arm_dot_prod_q7.c.obj
LOAD CMakeFiles/computer_control_system.elf.dir/DSP_LIB/Source/BasicMathFunctions/arm_mult_f32.c.obj
LOAD CMakeFiles/computer_control_system.elf.dir/DSP_LIB/Source/BasicMathFunctions/arm_mult_q15.c.obj
LOAD CMakeFiles/computer_control_system.elf.dir/DSP_LIB/Source/BasicMathFunctions/arm_mult_q31.c.obj
LOAD CMakeFiles/computer_control_system.elf.dir/DSP_LIB/Source/BasicMathFunctions/arm_mult_q7.c.obj
LOAD CMakeFiles/computer_control_system.elf.dir/DSP_LIB/Source/BasicMathFunctions/arm_negate_f32.c.obj
LOAD CMakeFiles/computer_control_system.elf.dir/DSP_LIB/Source/BasicMathFunctions/arm_negate_q15.c.obj
LOAD CMakeFiles/computer_control_system.elf.dir/DSP_LIB/Source/BasicMathFunctions/arm_negate_q31.c.obj
LOAD CMakeFiles/computer_control_system.elf.dir/DSP_LIB/Source/BasicMathFunctions/arm_negate_q7.c.obj
LOAD CMakeFiles/computer_control_system.elf.dir/DSP_LIB/Source/BasicMathFunctions/arm_offset_f32.c.obj
LOAD CMakeFiles/computer_control_system.elf.dir/DSP_LIB/Source/BasicMathFunctions/arm_offset_q15.c.obj
LOAD CMakeFiles/computer_control_system.elf.dir/DSP_LIB/Source/BasicMathFunctions/arm_offset_q31.c.obj
LOAD CMakeFiles/computer_control_system.elf.dir/DSP_LIB/Source/BasicMathFunctions/arm_offset_q7.c.obj
LOAD CMakeFiles/computer_control_system.elf.dir/DSP_LIB/Source/BasicMathFunctions/arm_scale_f32.c.obj
LOAD CMakeFiles/computer_control_system.elf.dir/DSP_LIB/Source/BasicMathFunctions/arm_scale_q15.c.obj
LOAD CMakeFiles/computer_control_system.elf.dir/DSP_LIB/Source/BasicMathFunctions/arm_scale_q31.c.obj
LOAD CMakeFiles/computer_control_system.elf.dir/DSP_LIB/Source/BasicMathFunctions/arm_scale_q7.c.obj
LOAD CMakeFiles/computer_control_system.elf.dir/DSP_LIB/Source/BasicMathFunctions/arm_shift_q15.c.obj
LOAD CMakeFiles/computer_control_system.elf.dir/DSP_LIB/Source/BasicMathFunctions/arm_shift_q31.c.obj
LOAD CMakeFiles/computer_control_system.elf.dir/DSP_LIB/Source/BasicMathFunctions/arm_shift_q7.c.obj
LOAD CMakeFiles/computer_control_system.elf.dir/DSP_LIB/Source/BasicMathFunctions/arm_sub_f32.c.obj
LOAD CMakeFiles/computer_control_system.elf.dir/DSP_LIB/Source/BasicMathFunctions/arm_sub_q15.c.obj
LOAD CMakeFiles/computer_control_system.elf.dir/DSP_LIB/Source/BasicMathFunctions/arm_sub_q31.c.obj
LOAD CMakeFiles/computer_control_system.elf.dir/DSP_LIB/Source/BasicMathFunctions/arm_sub_q7.c.obj
LOAD CMakeFiles/computer_control_system.elf.dir/DSP_LIB/Source/CommonTables/arm_common_tables.c.obj
LOAD CMakeFiles/computer_control_system.elf.dir/DSP_LIB/Source/CommonTables/arm_const_structs.c.obj
LOAD CMakeFiles/computer_control_system.elf.dir/DSP_LIB/Source/ComplexMathFunctions/arm_cmplx_conj_f32.c.obj
LOAD CMakeFiles/computer_control_system.elf.dir/DSP_LIB/Source/ComplexMathFunctions/arm_cmplx_conj_q15.c.obj
LOAD CMakeFiles/computer_control_system.elf.dir/DSP_LIB/Source/ComplexMathFunctions/arm_cmplx_conj_q31.c.obj
LOAD CMakeFiles/computer_control_system.elf.dir/DSP_LIB/Source/ComplexMathFunctions/arm_cmplx_dot_prod_f32.c.obj
LOAD CMakeFiles/computer_control_system.elf.dir/DSP_LIB/Source/ComplexMathFunctions/arm_cmplx_dot_prod_q15.c.obj
LOAD CMakeFiles/computer_control_system.elf.dir/DSP_LIB/Source/ComplexMathFunctions/arm_cmplx_dot_prod_q31.c.obj
LOAD CMakeFiles/computer_control_system.elf.dir/DSP_LIB/Source/ComplexMathFunctions/arm_cmplx_mag_f32.c.obj
LOAD CMakeFiles/computer_control_system.elf.dir/DSP_LIB/Source/ComplexMathFunctions/arm_cmplx_mag_q15.c.obj
LOAD CMakeFiles/computer_control_system.elf.dir/DSP_LIB/Source/ComplexMathFunctions/arm_cmplx_mag_q31.c.obj
LOAD CMakeFiles/computer_control_system.elf.dir/DSP_LIB/Source/ComplexMathFunctions/arm_cmplx_mag_squared_f32.c.obj
LOAD CMakeFiles/computer_control_system.elf.dir/DSP_LIB/Source/ComplexMathFunctions/arm_cmplx_mag_squared_q15.c.obj
LOAD CMakeFiles/computer_control_system.elf.dir/DSP_LIB/Source/ComplexMathFunctions/arm_cmplx_mag_squared_q31.c.obj
LOAD CMakeFiles/computer_control_system.elf.dir/DSP_LIB/Source/ComplexMathFunctions/arm_cmplx_mult_cmplx_f32.c.obj
LOAD CMakeFiles/computer_control_system.elf.dir/DSP_LIB/Source/ComplexMathFunctions/arm_cmplx_mult_cmplx_q15.c.obj
LOAD CMakeFiles/computer_control_system.elf.dir/DSP_LIB/Source/ComplexMathFunctions/arm_cmplx_mult_cmplx_q31.c.obj
LOAD CMakeFiles/computer_control_system.elf.dir/DSP_LIB/Source/ComplexMathFunctions/arm_cmplx_mult_real_f32.c.obj
LOAD CMakeFiles/computer_control_system.elf.dir/DSP_LIB/Source/ComplexMathFunctions/arm_cmplx_mult_real_q15.c.obj
LOAD CMakeFiles/computer_control_system.elf.dir/DSP_LIB/Source/ComplexMathFunctions/arm_cmplx_mult_real_q31.c.obj
LOAD CMakeFiles/computer_control_system.elf.dir/DSP_LIB/Source/ControllerFunctions/arm_pid_init_f32.c.obj
LOAD CMakeFiles/computer_control_system.elf.dir/DSP_LIB/Source/ControllerFunctions/arm_pid_init_q15.c.obj
LOAD CMakeFiles/computer_control_system.elf.dir/DSP_LIB/Source/ControllerFunctions/arm_pid_init_q31.c.obj
LOAD CMakeFiles/computer_control_system.elf.dir/DSP_LIB/Source/ControllerFunctions/arm_pid_reset_f32.c.obj
LOAD CMakeFiles/computer_control_system.elf.dir/DSP_LIB/Source/ControllerFunctions/arm_pid_reset_q15.c.obj
LOAD CMakeFiles/computer_control_system.elf.dir/DSP_LIB/Source/ControllerFunctions/arm_pid_reset_q31.c.obj
LOAD CMakeFiles/computer_control_system.elf.dir/DSP_LIB/Source/ControllerFunctions/arm_sin_cos_f32.c.obj
LOAD CMakeFiles/computer_control_system.elf.dir/DSP_LIB/Source/ControllerFunctions/arm_sin_cos_q31.c.obj
LOAD CMakeFiles/computer_control_system.elf.dir/DSP_LIB/Source/FastMathFunctions/arm_cos_f32.c.obj
LOAD CMakeFiles/computer_control_system.elf.dir/DSP_LIB/Source/FastMathFunctions/arm_cos_q15.c.obj
LOAD CMakeFiles/computer_control_system.elf.dir/DSP_LIB/Source/FastMathFunctions/arm_cos_q31.c.obj
LOAD CMakeFiles/computer_control_system.elf.dir/DSP_LIB/Source/FastMathFunctions/arm_sin_f32.c.obj
LOAD CMakeFiles/computer_control_system.elf.dir/DSP_LIB/Source/FastMathFunctions/arm_sin_q15.c.obj
LOAD CMakeFiles/computer_control_system.elf.dir/DSP_LIB/Source/FastMathFunctions/arm_sin_q31.c.obj
LOAD CMakeFiles/computer_control_system.elf.dir/DSP_LIB/Source/FastMathFunctions/arm_sqrt_q15.c.obj
LOAD CMakeFiles/computer_control_system.elf.dir/DSP_LIB/Source/FastMathFunctions/arm_sqrt_q31.c.obj
LOAD CMakeFiles/computer_control_system.elf.dir/DSP_LIB/Source/FilteringFunctions/arm_biquad_cascade_df1_32x64_init_q31.c.obj
LOAD CMakeFiles/computer_control_system.elf.dir/DSP_LIB/Source/FilteringFunctions/arm_biquad_cascade_df1_32x64_q31.c.obj
LOAD CMakeFiles/computer_control_system.elf.dir/DSP_LIB/Source/FilteringFunctions/arm_biquad_cascade_df1_f32.c.obj
LOAD CMakeFiles/computer_control_system.elf.dir/DSP_LIB/Source/FilteringFunctions/arm_biquad_cascade_df1_fast_q15.c.obj
LOAD CMakeFiles/computer_control_system.elf.dir/DSP_LIB/Source/FilteringFunctions/arm_biquad_cascade_df1_fast_q31.c.obj
LOAD CMakeFiles/computer_control_system.elf.dir/DSP_LIB/Source/FilteringFunctions/arm_biquad_cascade_df1_init_f32.c.obj
LOAD CMakeFiles/computer_control_system.elf.dir/DSP_LIB/Source/FilteringFunctions/arm_biquad_cascade_df1_init_q15.c.obj
LOAD CMakeFiles/computer_control_system.elf.dir/DSP_LIB/Source/FilteringFunctions/arm_biquad_cascade_df1_init_q31.c.obj
LOAD CMakeFiles/computer_control_system.elf.dir/DSP_LIB/Source/FilteringFunctions/arm_biquad_cascade_df1_q15.c.obj
LOAD CMakeFiles/computer_control_system.elf.dir/DSP_LIB/Source/FilteringFunctions/arm_biquad_cascade_df1_q31.c.obj
LOAD CMakeFiles/computer_control_system.elf.dir/DSP_LIB/Source/FilteringFunctions/arm_biquad_cascade_df2T_f32.c.obj
LOAD CMakeFiles/computer_control_system.elf.dir/DSP_LIB/Source/FilteringFunctions/arm_biquad_cascade_df2T_f64.c.obj
LOAD CMakeFiles/computer_control_system.elf.dir/DSP_LIB/Source/FilteringFunctions/arm_biquad_cascade_df2T_init_f32.c.obj
LOAD CMakeFiles/computer_control_system.elf.dir/DSP_LIB/Source/FilteringFunctions/arm_biquad_cascade_df2T_init_f64.c.obj
LOAD CMakeFiles/computer_control_system.elf.dir/DSP_LIB/Source/FilteringFunctions/arm_biquad_cascade_stereo_df2T_f32.c.obj
LOAD CMakeFiles/computer_control_system.elf.dir/DSP_LIB/Source/FilteringFunctions/arm_biquad_cascade_stereo_df2T_init_f32.c.obj
LOAD CMakeFiles/computer_control_system.elf.dir/DSP_LIB/Source/FilteringFunctions/arm_conv_f32.c.obj
LOAD CMakeFiles/computer_control_system.elf.dir/DSP_LIB/Source/FilteringFunctions/arm_conv_fast_opt_q15.c.obj
LOAD CMakeFiles/computer_control_system.elf.dir/DSP_LIB/Source/FilteringFunctions/arm_conv_fast_q15.c.obj
LOAD CMakeFiles/computer_control_system.elf.dir/DSP_LIB/Source/FilteringFunctions/arm_conv_fast_q31.c.obj
LOAD CMakeFiles/computer_control_system.elf.dir/DSP_LIB/Source/FilteringFunctions/arm_conv_opt_q15.c.obj
LOAD CMakeFiles/computer_control_system.elf.dir/DSP_LIB/Source/FilteringFunctions/arm_conv_opt_q7.c.obj
LOAD CMakeFiles/computer_control_system.elf.dir/DSP_LIB/Source/FilteringFunctions/arm_conv_partial_f32.c.obj
LOAD CMakeFiles/computer_control_system.elf.dir/DSP_LIB/Source/FilteringFunctions/arm_conv_partial_fast_opt_q15.c.obj
LOAD CMakeFiles/computer_control_system.elf.dir/DSP_LIB/Source/FilteringFunctions/arm_conv_partial_fast_q15.c.obj
LOAD CMakeFiles/computer_control_system.elf.dir/DSP_LIB/Source/FilteringFunctions/arm_conv_partial_fast_q31.c.obj
LOAD CMakeFiles/computer_control_system.elf.dir/DSP_LIB/Source/FilteringFunctions/arm_conv_partial_opt_q15.c.obj
LOAD CMakeFiles/computer_control_system.elf.dir/DSP_LIB/Source/FilteringFunctions/arm_conv_partial_opt_q7.c.obj
LOAD CMakeFiles/computer_control_system.elf.dir/DSP_LIB/Source/FilteringFunctions/arm_conv_partial_q15.c.obj
LOAD CMakeFiles/computer_control_system.elf.dir/DSP_LIB/Source/FilteringFunctions/arm_conv_partial_q31.c.obj
LOAD CMakeFiles/computer_control_system.elf.dir/DSP_LIB/Source/FilteringFunctions/arm_conv_partial_q7.c.obj
LOAD CMakeFiles/computer_control_system.elf.dir/DSP_LIB/Source/FilteringFunctions/arm_conv_q15.c.obj
LOAD CMakeFiles/computer_control_system.elf.dir/DSP_LIB/Source/FilteringFunctions/arm_conv_q31.c.obj
LOAD CMakeFiles/computer_control_system.elf.dir/DSP_LIB/Source/FilteringFunctions/arm_conv_q7.c.obj
LOAD CMakeFiles/computer_control_system.elf.dir/DSP_LIB/Source/FilteringFunctions/arm_correlate_f32.c.obj
LOAD CMakeFiles/computer_control_system.elf.dir/DSP_LIB/Source/FilteringFunctions/arm_correlate_fast_opt_q15.c.obj
LOAD CMakeFiles/computer_control_system.elf.dir/DSP_LIB/Source/FilteringFunctions/arm_correlate_fast_q15.c.obj
LOAD CMakeFiles/computer_control_system.elf.dir/DSP_LIB/Source/FilteringFunctions/arm_correlate_fast_q31.c.obj
LOAD CMakeFiles/computer_control_system.elf.dir/DSP_LIB/Source/FilteringFunctions/arm_correlate_opt_q15.c.obj
LOAD CMakeFiles/computer_control_system.elf.dir/DSP_LIB/Source/FilteringFunctions/arm_correlate_opt_q7.c.obj
LOAD CMakeFiles/computer_control_system.elf.dir/DSP_LIB/Source/FilteringFunctions/arm_correlate_q15.c.obj
LOAD CMakeFiles/computer_control_system.elf.dir/DSP_LIB/Source/FilteringFunctions/arm_correlate_q31.c.obj
LOAD CMakeFiles/computer_control_system.elf.dir/DSP_LIB/Source/FilteringFunctions/arm_correlate_q7.c.obj
LOAD CMakeFiles/computer_control_system.elf.dir/DSP_LIB/Source/FilteringFunctions/arm_fir_decimate_f32.c.obj
LOAD CMakeFiles/computer_control_system.elf.dir/DSP_LIB/Source/FilteringFunctions/arm_fir_decimate_fast_q15.c.obj
LOAD CMakeFiles/computer_control_system.elf.dir/DSP_LIB/Source/FilteringFunctions/arm_fir_decimate_fast_q31.c.obj
LOAD CMakeFiles/computer_control_system.elf.dir/DSP_LIB/Source/FilteringFunctions/arm_fir_decimate_init_f32.c.obj
LOAD CMakeFiles/computer_control_system.elf.dir/DSP_LIB/Source/FilteringFunctions/arm_fir_decimate_init_q15.c.obj
LOAD CMakeFiles/computer_control_system.elf.dir/DSP_LIB/Source/FilteringFunctions/arm_fir_decimate_init_q31.c.obj
LOAD CMakeFiles/computer_control_system.elf.dir/DSP_LIB/Source/FilteringFunctions/arm_fir_decimate_q15.c.obj
LOAD CMakeFiles/computer_control_system.elf.dir/DSP_LIB/Source/FilteringFunctions/arm_fir_decimate_q31.c.obj
LOAD CMakeFiles/computer_control_system.elf.dir/DSP_LIB/Source/FilteringFunctions/arm_fir_f32.c.obj
LOAD CMakeFiles/computer_control_system.elf.dir/DSP_LIB/Source/FilteringFunctions/arm_fir_fast_q15.c.obj
LOAD CMakeFiles/computer_control_system.elf.dir/DSP_LIB/Source/FilteringFunctions/arm_fir_fast_q31.c.obj
LOAD CMakeFiles/computer_control_system.elf.dir/DSP_LIB/Source/FilteringFunctions/arm_fir_init_f32.c.obj
LOAD CMakeFiles/computer_control_system.elf.dir/DSP_LIB/Source/FilteringFunctions/arm_fir_init_q15.c.obj
LOAD CMakeFiles/computer_control_system.elf.dir/DSP_LIB/Source/FilteringFunctions/arm_fir_init_q31.c.obj
LOAD CMakeFiles/computer_control_system.elf.dir/DSP_LIB/Source/FilteringFunctions/arm_fir_init_q7.c.obj
LOAD CMakeFiles/computer_control_system.elf.dir/DSP_LIB/Source/FilteringFunctions/arm_fir_interpolate_f32.c.obj
LOAD CMakeFiles/computer_control_system.elf.dir/DSP_LIB/Source/FilteringFunctions/arm_fir_interpolate_init_f32.c.obj
LOAD CMakeFiles/computer_control_system.elf.dir/DSP_LIB/Source/FilteringFunctions/arm_fir_interpolate_init_q15.c.obj
LOAD CMakeFiles/computer_control_system.elf.dir/DSP_LIB/Source/FilteringFunctions/arm_fir_interpolate_init_q31.c.obj
LOAD CMakeFiles/computer_control_system.elf.dir/DSP_LIB/Source/FilteringFunctions/arm_fir_interpolate_q15.c.obj
LOAD CMakeFiles/computer_control_system.elf.dir/DSP_LIB/Source/FilteringFunctions/arm_fir_interpolate_q31.c.obj
LOAD CMakeFiles/computer_control_system.elf.dir/DSP_LIB/Source/FilteringFunctions/arm_fir_lattice_f32.c.obj
LOAD CMakeFiles/computer_control_system.elf.dir/DSP_LIB/Source/FilteringFunctions/arm_fir_lattice_init_f32.c.obj
LOAD CMakeFiles/computer_control_system.elf.dir/DSP_LIB/Source/FilteringFunctions/arm_fir_lattice_init_q15.c.obj
LOAD CMakeFiles/computer_control_system.elf.dir/DSP_LIB/Source/FilteringFunctions/arm_fir_lattice_init_q31.c.obj
LOAD CMakeFiles/computer_control_system.elf.dir/DSP_LIB/Source/FilteringFunctions/arm_fir_lattice_q15.c.obj
LOAD CMakeFiles/computer_control_system.elf.dir/DSP_LIB/Source/FilteringFunctions/arm_fir_lattice_q31.c.obj
LOAD CMakeFiles/computer_control_system.elf.dir/DSP_LIB/Source/FilteringFunctions/arm_fir_q15.c.obj
LOAD CMakeFiles/computer_control_system.elf.dir/DSP_LIB/Source/FilteringFunctions/arm_fir_q31.c.obj
LOAD CMakeFiles/computer_control_system.elf.dir/DSP_LIB/Source/FilteringFunctions/arm_fir_q7.c.obj
LOAD CMakeFiles/computer_control_system.elf.dir/DSP_LIB/Source/FilteringFunctions/arm_fir_sparse_f32.c.obj
LOAD CMakeFiles/computer_control_system.elf.dir/DSP_LIB/Source/FilteringFunctions/arm_fir_sparse_init_f32.c.obj
LOAD CMakeFiles/computer_control_system.elf.dir/DSP_LIB/Source/FilteringFunctions/arm_fir_sparse_init_q15.c.obj
LOAD CMakeFiles/computer_control_system.elf.dir/DSP_LIB/Source/FilteringFunctions/arm_fir_sparse_init_q31.c.obj
LOAD CMakeFiles/computer_control_system.elf.dir/DSP_LIB/Source/FilteringFunctions/arm_fir_sparse_init_q7.c.obj
LOAD CMakeFiles/computer_control_system.elf.dir/DSP_LIB/Source/FilteringFunctions/arm_fir_sparse_q15.c.obj
LOAD CMakeFiles/computer_control_system.elf.dir/DSP_LIB/Source/FilteringFunctions/arm_fir_sparse_q31.c.obj
LOAD CMakeFiles/computer_control_system.elf.dir/DSP_LIB/Source/FilteringFunctions/arm_fir_sparse_q7.c.obj
LOAD CMakeFiles/computer_control_system.elf.dir/DSP_LIB/Source/FilteringFunctions/arm_iir_lattice_f32.c.obj
LOAD CMakeFiles/computer_control_system.elf.dir/DSP_LIB/Source/FilteringFunctions/arm_iir_lattice_init_f32.c.obj
LOAD CMakeFiles/computer_control_system.elf.dir/DSP_LIB/Source/FilteringFunctions/arm_iir_lattice_init_q15.c.obj
LOAD CMakeFiles/computer_control_system.elf.dir/DSP_LIB/Source/FilteringFunctions/arm_iir_lattice_init_q31.c.obj
LOAD CMakeFiles/computer_control_system.elf.dir/DSP_LIB/Source/FilteringFunctions/arm_iir_lattice_q15.c.obj
LOAD CMakeFiles/computer_control_system.elf.dir/DSP_LIB/Source/FilteringFunctions/arm_iir_lattice_q31.c.obj
LOAD CMakeFiles/computer_control_system.elf.dir/DSP_LIB/Source/FilteringFunctions/arm_lms_f32.c.obj
LOAD CMakeFiles/computer_control_system.elf.dir/DSP_LIB/Source/FilteringFunctions/arm_lms_init_f32.c.obj
LOAD CMakeFiles/computer_control_system.elf.dir/DSP_LIB/Source/FilteringFunctions/arm_lms_init_q15.c.obj
LOAD CMakeFiles/computer_control_system.elf.dir/DSP_LIB/Source/FilteringFunctions/arm_lms_init_q31.c.obj
LOAD CMakeFiles/computer_control_system.elf.dir/DSP_LIB/Source/FilteringFunctions/arm_lms_norm_f32.c.obj
LOAD CMakeFiles/computer_control_system.elf.dir/DSP_LIB/Source/FilteringFunctions/arm_lms_norm_init_f32.c.obj
LOAD CMakeFiles/computer_control_system.elf.dir/DSP_LIB/Source/FilteringFunctions/arm_lms_norm_init_q15.c.obj
LOAD CMakeFiles/computer_control_system.elf.dir/DSP_LIB/Source/FilteringFunctions/arm_lms_norm_init_q31.c.obj
LOAD CMakeFiles/computer_control_system.elf.dir/DSP_LIB/Source/FilteringFunctions/arm_lms_norm_q15.c.obj
LOAD CMakeFiles/computer_control_system.elf.dir/DSP_LIB/Source/FilteringFunctions/arm_lms_norm_q31.c.obj
LOAD CMakeFiles/computer_control_system.elf.dir/DSP_LIB/Source/FilteringFunctions/arm_lms_q15.c.obj
LOAD CMakeFiles/computer_control_system.elf.dir/DSP_LIB/Source/FilteringFunctions/arm_lms_q31.c.obj
LOAD CMakeFiles/computer_control_system.elf.dir/DSP_LIB/Source/MatrixFunctions/arm_mat_add_f32.c.obj
LOAD CMakeFiles/computer_control_system.elf.dir/DSP_LIB/Source/MatrixFunctions/arm_mat_add_q15.c.obj
LOAD CMakeFiles/computer_control_system.elf.dir/DSP_LIB/Source/MatrixFunctions/arm_mat_add_q31.c.obj
LOAD CMakeFiles/computer_control_system.elf.dir/DSP_LIB/Source/MatrixFunctions/arm_mat_cmplx_mult_f32.c.obj
LOAD CMakeFiles/computer_control_system.elf.dir/DSP_LIB/Source/MatrixFunctions/arm_mat_cmplx_mult_q15.c.obj
LOAD CMakeFiles/computer_control_system.elf.dir/DSP_LIB/Source/MatrixFunctions/arm_mat_cmplx_mult_q31.c.obj
LOAD CMakeFiles/computer_control_system.elf.dir/DSP_LIB/Source/MatrixFunctions/arm_mat_init_f32.c.obj
LOAD CMakeFiles/computer_control_system.elf.dir/DSP_LIB/Source/MatrixFunctions/arm_mat_init_q15.c.obj
LOAD CMakeFiles/computer_control_system.elf.dir/DSP_LIB/Source/MatrixFunctions/arm_mat_init_q31.c.obj
LOAD CMakeFiles/computer_control_system.elf.dir/DSP_LIB/Source/MatrixFunctions/arm_mat_inverse_f32.c.obj
LOAD CMakeFiles/computer_control_system.elf.dir/DSP_LIB/Source/MatrixFunctions/arm_mat_inverse_f64.c.obj
LOAD CMakeFiles/computer_control_system.elf.dir/DSP_LIB/Source/MatrixFunctions/arm_mat_mult_f32.c.obj
LOAD CMakeFiles/computer_control_system.elf.dir/DSP_LIB/Source/MatrixFunctions/arm_mat_mult_fast_q15.c.obj
LOAD CMakeFiles/computer_control_system.elf.dir/DSP_LIB/Source/MatrixFunctions/arm_mat_mult_fast_q31.c.obj
LOAD CMakeFiles/computer_control_system.elf.dir/DSP_LIB/Source/MatrixFunctions/arm_mat_mult_q15.c.obj
LOAD CMakeFiles/computer_control_system.elf.dir/DSP_LIB/Source/MatrixFunctions/arm_mat_mult_q31.c.obj
LOAD CMakeFiles/computer_control_system.elf.dir/DSP_LIB/Source/MatrixFunctions/arm_mat_scale_f32.c.obj
LOAD CMakeFiles/computer_control_system.elf.dir/DSP_LIB/Source/MatrixFunctions/arm_mat_scale_q15.c.obj
LOAD CMakeFiles/computer_control_system.elf.dir/DSP_LIB/Source/MatrixFunctions/arm_mat_scale_q31.c.obj
LOAD CMakeFiles/computer_control_system.elf.dir/DSP_LIB/Source/MatrixFunctions/arm_mat_sub_f32.c.obj
LOAD CMakeFiles/computer_control_system.elf.dir/DSP_LIB/Source/MatrixFunctions/arm_mat_sub_q15.c.obj
LOAD CMakeFiles/computer_control_system.elf.dir/DSP_LIB/Source/MatrixFunctions/arm_mat_sub_q31.c.obj
LOAD CMakeFiles/computer_control_system.elf.dir/DSP_LIB/Source/MatrixFunctions/arm_mat_trans_f32.c.obj
LOAD CMakeFiles/computer_control_system.elf.dir/DSP_LIB/Source/MatrixFunctions/arm_mat_trans_q15.c.obj
LOAD CMakeFiles/computer_control_system.elf.dir/DSP_LIB/Source/MatrixFunctions/arm_mat_trans_q31.c.obj
LOAD CMakeFiles/computer_control_system.elf.dir/DSP_LIB/Source/StatisticsFunctions/arm_max_f32.c.obj
LOAD CMakeFiles/computer_control_system.elf.dir/DSP_LIB/Source/StatisticsFunctions/arm_max_q15.c.obj
LOAD CMakeFiles/computer_control_system.elf.dir/DSP_LIB/Source/StatisticsFunctions/arm_max_q31.c.obj
LOAD CMakeFiles/computer_control_system.elf.dir/DSP_LIB/Source/StatisticsFunctions/arm_max_q7.c.obj
LOAD CMakeFiles/computer_control_system.elf.dir/DSP_LIB/Source/StatisticsFunctions/arm_mean_f32.c.obj
LOAD CMakeFiles/computer_control_system.elf.dir/DSP_LIB/Source/StatisticsFunctions/arm_mean_q15.c.obj
LOAD CMakeFiles/computer_control_system.elf.dir/DSP_LIB/Source/StatisticsFunctions/arm_mean_q31.c.obj
LOAD CMakeFiles/computer_control_system.elf.dir/DSP_LIB/Source/StatisticsFunctions/arm_mean_q7.c.obj
LOAD CMakeFiles/computer_control_system.elf.dir/DSP_LIB/Source/StatisticsFunctions/arm_min_f32.c.obj
LOAD CMakeFiles/computer_control_system.elf.dir/DSP_LIB/Source/StatisticsFunctions/arm_min_q15.c.obj
LOAD CMakeFiles/computer_control_system.elf.dir/DSP_LIB/Source/StatisticsFunctions/arm_min_q31.c.obj
LOAD CMakeFiles/computer_control_system.elf.dir/DSP_LIB/Source/StatisticsFunctions/arm_min_q7.c.obj
LOAD CMakeFiles/computer_control_system.elf.dir/DSP_LIB/Source/StatisticsFunctions/arm_power_f32.c.obj
LOAD CMakeFiles/computer_control_system.elf.dir/DSP_LIB/Source/StatisticsFunctions/arm_power_q15.c.obj
LOAD CMakeFiles/computer_control_system.elf.dir/DSP_LIB/Source/StatisticsFunctions/arm_power_q31.c.obj
LOAD CMakeFiles/computer_control_system.elf.dir/DSP_LIB/Source/StatisticsFunctions/arm_power_q7.c.obj
LOAD CMakeFiles/computer_control_system.elf.dir/DSP_LIB/Source/StatisticsFunctions/arm_rms_f32.c.obj
LOAD CMakeFiles/computer_control_system.elf.dir/DSP_LIB/Source/StatisticsFunctions/arm_rms_q15.c.obj
LOAD CMakeFiles/computer_control_system.elf.dir/DSP_LIB/Source/StatisticsFunctions/arm_rms_q31.c.obj
LOAD CMakeFiles/computer_control_system.elf.dir/DSP_LIB/Source/StatisticsFunctions/arm_std_f32.c.obj
LOAD CMakeFiles/computer_control_system.elf.dir/DSP_LIB/Source/StatisticsFunctions/arm_std_q15.c.obj
LOAD CMakeFiles/computer_control_system.elf.dir/DSP_LIB/Source/StatisticsFunctions/arm_std_q31.c.obj
LOAD CMakeFiles/computer_control_system.elf.dir/DSP_LIB/Source/StatisticsFunctions/arm_var_f32.c.obj
LOAD CMakeFiles/computer_control_system.elf.dir/DSP_LIB/Source/StatisticsFunctions/arm_var_q15.c.obj
LOAD CMakeFiles/computer_control_system.elf.dir/DSP_LIB/Source/StatisticsFunctions/arm_var_q31.c.obj
LOAD CMakeFiles/computer_control_system.elf.dir/DSP_LIB/Source/SupportFunctions/arm_copy_f32.c.obj
LOAD CMakeFiles/computer_control_system.elf.dir/DSP_LIB/Source/SupportFunctions/arm_copy_q15.c.obj
LOAD CMakeFiles/computer_control_system.elf.dir/DSP_LIB/Source/SupportFunctions/arm_copy_q31.c.obj
LOAD CMakeFiles/computer_control_system.elf.dir/DSP_LIB/Source/SupportFunctions/arm_copy_q7.c.obj
LOAD CMakeFiles/computer_control_system.elf.dir/DSP_LIB/Source/SupportFunctions/arm_fill_f32.c.obj
LOAD CMakeFiles/computer_control_system.elf.dir/DSP_LIB/Source/SupportFunctions/arm_fill_q15.c.obj
LOAD CMakeFiles/computer_control_system.elf.dir/DSP_LIB/Source/SupportFunctions/arm_fill_q31.c.obj
LOAD CMakeFiles/computer_control_system.elf.dir/DSP_LIB/Source/SupportFunctions/arm_fill_q7.c.obj
LOAD CMakeFiles/computer_control_system.elf.dir/DSP_LIB/Source/SupportFunctions/arm_float_to_q15.c.obj
LOAD CMakeFiles/computer_control_system.elf.dir/DSP_LIB/Source/SupportFunctions/arm_float_to_q31.c.obj
LOAD CMakeFiles/computer_control_system.elf.dir/DSP_LIB/Source/SupportFunctions/arm_float_to_q7.c.obj
LOAD CMakeFiles/computer_control_system.elf.dir/DSP_LIB/Source/SupportFunctions/arm_q15_to_float.c.obj
LOAD CMakeFiles/computer_control_system.elf.dir/DSP_LIB/Source/SupportFunctions/arm_q15_to_q31.c.obj
LOAD CMakeFiles/computer_control_system.elf.dir/DSP_LIB/Source/SupportFunctions/arm_q15_to_q7.c.obj
LOAD CMakeFiles/computer_control_system.elf.dir/DSP_LIB/Source/SupportFunctions/arm_q31_to_float.c.obj
LOAD CMakeFiles/computer_control_system.elf.dir/DSP_LIB/Source/SupportFunctions/arm_q31_to_q15.c.obj
LOAD CMakeFiles/computer_control_system.elf.dir/DSP_LIB/Source/SupportFunctions/arm_q31_to_q7.c.obj
LOAD CMakeFiles/computer_control_system.elf.dir/DSP_LIB/Source/SupportFunctions/arm_q7_to_float.c.obj
LOAD CMakeFiles/computer_control_system.elf.dir/DSP_LIB/Source/SupportFunctions/arm_q7_to_q15.c.obj
LOAD CMakeFiles/computer_control_system.elf.dir/DSP_LIB/Source/SupportFunctions/arm_q7_to_q31.c.obj
LOAD CMakeFiles/computer_control_system.elf.dir/DSP_LIB/Source/TransformFunctions/arm_bitreversal.c.obj
LOAD CMakeFiles/computer_control_system.elf.dir/DSP_LIB/Source/TransformFunctions/arm_bitreversal2.S.obj
LOAD CMakeFiles/computer_control_system.elf.dir/DSP_LIB/Source/TransformFunctions/arm_cfft_f32.c.obj
LOAD CMakeFiles/computer_control_system.elf.dir/DSP_LIB/Source/TransformFunctions/arm_cfft_q15.c.obj
LOAD CMakeFiles/computer_control_system.elf.dir/DSP_LIB/Source/TransformFunctions/arm_cfft_q31.c.obj
LOAD CMakeFiles/computer_control_system.elf.dir/DSP_LIB/Source/TransformFunctions/arm_cfft_radix2_f32.c.obj
LOAD CMakeFiles/computer_control_system.elf.dir/DSP_LIB/Source/TransformFunctions/arm_cfft_radix2_init_f32.c.obj
LOAD CMakeFiles/computer_control_system.elf.dir/DSP_LIB/Source/TransformFunctions/arm_cfft_radix2_init_q15.c.obj
LOAD CMakeFiles/computer_control_system.elf.dir/DSP_LIB/Source/TransformFunctions/arm_cfft_radix2_init_q31.c.obj
LOAD CMakeFiles/computer_control_system.elf.dir/DSP_LIB/Source/TransformFunctions/arm_cfft_radix2_q15.c.obj
LOAD CMakeFiles/computer_control_system.elf.dir/DSP_LIB/Source/TransformFunctions/arm_cfft_radix2_q31.c.obj
LOAD CMakeFiles/computer_control_system.elf.dir/DSP_LIB/Source/TransformFunctions/arm_cfft_radix4_f32.c.obj
LOAD CMakeFiles/computer_control_system.elf.dir/DSP_LIB/Source/TransformFunctions/arm_cfft_radix4_init_f32.c.obj
LOAD CMakeFiles/computer_control_system.elf.dir/DSP_LIB/Source/TransformFunctions/arm_cfft_radix4_init_q15.c.obj
LOAD CMakeFiles/computer_control_system.elf.dir/DSP_LIB/Source/TransformFunctions/arm_cfft_radix4_init_q31.c.obj
LOAD CMakeFiles/computer_control_system.elf.dir/DSP_LIB/Source/TransformFunctions/arm_cfft_radix4_q15.c.obj
LOAD CMakeFiles/computer_control_system.elf.dir/DSP_LIB/Source/TransformFunctions/arm_cfft_radix4_q31.c.obj
LOAD CMakeFiles/computer_control_system.elf.dir/DSP_LIB/Source/TransformFunctions/arm_cfft_radix8_f32.c.obj
LOAD CMakeFiles/computer_control_system.elf.dir/DSP_LIB/Source/TransformFunctions/arm_dct4_f32.c.obj
LOAD CMakeFiles/computer_control_system.elf.dir/DSP_LIB/Source/TransformFunctions/arm_dct4_init_f32.c.obj
LOAD CMakeFiles/computer_control_system.elf.dir/DSP_LIB/Source/TransformFunctions/arm_dct4_init_q15.c.obj
LOAD CMakeFiles/computer_control_system.elf.dir/DSP_LIB/Source/TransformFunctions/arm_dct4_init_q31.c.obj
LOAD CMakeFiles/computer_control_system.elf.dir/DSP_LIB/Source/TransformFunctions/arm_dct4_q15.c.obj
LOAD CMakeFiles/computer_control_system.elf.dir/DSP_LIB/Source/TransformFunctions/arm_dct4_q31.c.obj
LOAD CMakeFiles/computer_control_system.elf.dir/DSP_LIB/Source/TransformFunctions/arm_rfft_f32.c.obj
LOAD CMakeFiles/computer_control_system.elf.dir/DSP_LIB/Source/TransformFunctions/arm_rfft_fast_f32.c.obj
LOAD CMakeFiles/computer_control_system.elf.dir/DSP_LIB/Source/TransformFunctions/arm_rfft_fast_init_f32.c.obj
LOAD CMakeFiles/computer_control_system.elf.dir/DSP_LIB/Source/TransformFunctions/arm_rfft_init_f32.c.obj
LOAD CMakeFiles/computer_control_system.elf.dir/DSP_LIB/Source/TransformFunctions/arm_rfft_init_q15.c.obj
LOAD CMakeFiles/computer_control_system.elf.dir/DSP_LIB/Source/TransformFunctions/arm_rfft_init_q31.c.obj
LOAD CMakeFiles/computer_control_system.elf.dir/DSP_LIB/Source/TransformFunctions/arm_rfft_q15.c.obj
LOAD CMakeFiles/computer_control_system.elf.dir/DSP_LIB/Source/TransformFunctions/arm_rfft_q31.c.obj
LOAD CMakeFiles/computer_control_system.elf.dir/Drivers/STM32F1xx_HAL_Driver/Src/stm32f1xx_hal.c.obj
LOAD CMakeFiles/computer_control_system.elf.dir/Drivers/STM32F1xx_HAL_Driver/Src/stm32f1xx_hal_adc.c.obj
LOAD CMakeFiles/computer_control_system.elf.dir/Drivers/STM32F1xx_HAL_Driver/Src/stm32f1xx_hal_adc_ex.c.obj
LOAD CMakeFiles/computer_control_system.elf.dir/Drivers/STM32F1xx_HAL_Driver/Src/stm32f1xx_hal_cortex.c.obj
LOAD CMakeFiles/computer_control_system.elf.dir/Drivers/STM32F1xx_HAL_Driver/Src/stm32f1xx_hal_dma.c.obj
LOAD CMakeFiles/computer_control_system.elf.dir/Drivers/STM32F1xx_HAL_Driver/Src/stm32f1xx_hal_exti.c.obj
LOAD CMakeFiles/computer_control_system.elf.dir/Drivers/STM32F1xx_HAL_Driver/Src/stm32f1xx_hal_flash.c.obj
LOAD CMakeFiles/computer_control_system.elf.dir/Drivers/STM32F1xx_HAL_Driver/Src/stm32f1xx_hal_flash_ex.c.obj
LOAD CMakeFiles/computer_control_system.elf.dir/Drivers/STM32F1xx_HAL_Driver/Src/stm32f1xx_hal_gpio.c.obj
LOAD CMakeFiles/computer_control_system.elf.dir/Drivers/STM32F1xx_HAL_Driver/Src/stm32f1xx_hal_gpio_ex.c.obj
LOAD CMakeFiles/computer_control_system.elf.dir/Drivers/STM32F1xx_HAL_Driver/Src/stm32f1xx_hal_pwr.c.obj
LOAD CMakeFiles/computer_control_system.elf.dir/Drivers/STM32F1xx_HAL_Driver/Src/stm32f1xx_hal_rcc.c.obj
LOAD CMakeFiles/computer_control_system.elf.dir/Drivers/STM32F1xx_HAL_Driver/Src/stm32f1xx_hal_rcc_ex.c.obj
LOAD CMakeFiles/computer_control_system.elf.dir/Drivers/STM32F1xx_HAL_Driver/Src/stm32f1xx_hal_spi.c.obj
LOAD CMakeFiles/computer_control_system.elf.dir/Drivers/STM32F1xx_HAL_Driver/Src/stm32f1xx_hal_tim.c.obj
LOAD CMakeFiles/computer_control_system.elf.dir/Drivers/STM32F1xx_HAL_Driver/Src/stm32f1xx_hal_tim_ex.c.obj
LOAD CMakeFiles/computer_control_system.elf.dir/Drivers/STM32F1xx_HAL_Driver/Src/stm32f1xx_hal_uart.c.obj
LOAD CMakeFiles/computer_control_system.elf.dir/User/Src/callback.c.obj
LOAD CMakeFiles/computer_control_system.elf.dir/User/Src/func.c.obj
LOAD CMakeFiles/computer_control_system.elf.dir/User/Src/lcd.c.obj
LOAD CMakeFiles/computer_control_system.elf.dir/User/Src/queue.c.obj
LOAD CMakeFiles/computer_control_system.elf.dir/User/Src/user.c.obj
START GROUP
LOAD d:/program files/stmicr~1/stm32c~1/gnu-to~1/bin/../lib/gcc/arm-none-eabi/10.3.1/thumb/v7-m/nofp\libgcc.a
LOAD d:/program files/stmicr~1/stm32c~1/gnu-to~1/bin/../lib/gcc/arm-none-eabi/10.3.1/../../../../arm-none-eabi/lib/thumb/v7-m/nofp\libg.a
LOAD d:/program files/stmicr~1/stm32c~1/gnu-to~1/bin/../lib/gcc/arm-none-eabi/10.3.1/../../../../arm-none-eabi/lib/thumb/v7-m/nofp\libc.a
END GROUP
LOAD d:/program files/stmicr~1/stm32c~1/gnu-to~1/bin/../lib/gcc/arm-none-eabi/10.3.1/thumb/v7-m/nofp/crtend.o
LOAD d:/program files/stmicr~1/stm32c~1/gnu-to~1/bin/../lib/gcc/arm-none-eabi/10.3.1/thumb/v7-m/nofp/crtn.o
                0x2000c000                _estack = (ORIGIN (RAM) + LENGTH (RAM))
                0x00000200                _Min_Heap_Size = 0x200
                0x00000400                _Min_Stack_Size = 0x400

.isr_vector     0x08000000      0x1e4
                0x08000000                . = ALIGN (0x4)
 *(.isr_vector)
 .isr_vector    0x08000000      0x1e4 CMakeFiles/computer_control_system.elf.dir/Core/Startup/startup_stm32f103vctx.s.obj
                0x08000000                g_pfnVectors
                0x080001e4                . = ALIGN (0x4)

.text           0x080001e8     0xb3e8
                0x080001e8                . = ALIGN (0x4)
 *(.text)
 .text          0x080001e8       0x40 d:/program files/stmicr~1/stm32c~1/gnu-to~1/bin/../lib/gcc/arm-none-eabi/10.3.1/thumb/v7-m/nofp/crtbegin.o
 .text          0x08000228      0x378 d:/program files/stmicr~1/stm32c~1/gnu-to~1/bin/../lib/gcc/arm-none-eabi/10.3.1/thumb/v7-m/nofp\libgcc.a(_arm_addsubdf3.o)
                0x08000228                __aeabi_drsub
                0x08000230                __aeabi_dsub
                0x08000230                __subdf3
                0x08000234                __aeabi_dadd
                0x08000234                __adddf3
                0x080004ac                __floatunsidf
                0x080004ac                __aeabi_ui2d
                0x080004cc                __floatsidf
                0x080004cc                __aeabi_i2d
                0x080004f0                __aeabi_f2d
                0x080004f0                __extendsfdf2
                0x08000534                __floatundidf
                0x08000534                __aeabi_ul2d
                0x08000544                __floatdidf
                0x08000544                __aeabi_l2d
 .text          0x080005a0      0x424 d:/program files/stmicr~1/stm32c~1/gnu-to~1/bin/../lib/gcc/arm-none-eabi/10.3.1/thumb/v7-m/nofp\libgcc.a(_arm_muldivdf3.o)
                0x080005a0                __aeabi_dmul
                0x080005a0                __muldf3
                0x080007f4                __divdf3
                0x080007f4                __aeabi_ddiv
 .text          0x080009c4      0x110 d:/program files/stmicr~1/stm32c~1/gnu-to~1/bin/../lib/gcc/arm-none-eabi/10.3.1/thumb/v7-m/nofp\libgcc.a(_arm_cmpdf2.o)
                0x080009c4                __gtdf2
                0x080009c4                __gedf2
                0x080009cc                __ltdf2
                0x080009cc                __ledf2
                0x080009d4                __nedf2
                0x080009d4                __eqdf2
                0x080009d4                __cmpdf2
                0x08000a50                __aeabi_cdrcmple
                0x08000a60                __aeabi_cdcmpeq
                0x08000a60                __aeabi_cdcmple
                0x08000a70                __aeabi_dcmpeq
                0x08000a84                __aeabi_dcmplt
                0x08000a98                __aeabi_dcmple
                0x08000aac                __aeabi_dcmpge
                0x08000ac0                __aeabi_dcmpgt
 .text          0x08000ad4       0xa0 d:/program files/stmicr~1/stm32c~1/gnu-to~1/bin/../lib/gcc/arm-none-eabi/10.3.1/thumb/v7-m/nofp\libgcc.a(_arm_truncdfsf2.o)
                0x08000ad4                __truncdfsf2
                0x08000ad4                __aeabi_d2f
 .text          0x08000b74      0x21c d:/program files/stmicr~1/stm32c~1/gnu-to~1/bin/../lib/gcc/arm-none-eabi/10.3.1/thumb/v7-m/nofp\libgcc.a(_arm_addsubsf3.o)
                0x08000b74                __aeabi_frsub
                0x08000b7c                __subsf3
                0x08000b7c                __aeabi_fsub
                0x08000b80                __aeabi_fadd
                0x08000b80                __addsf3
                0x08000ce0                __aeabi_ui2f
                0x08000ce0                __floatunsisf
                0x08000ce8                __aeabi_i2f
                0x08000ce8                __floatsisf
                0x08000d04                __aeabi_ul2f
                0x08000d04                __floatundisf
                0x08000d14                __aeabi_l2f
                0x08000d14                __floatdisf
 .text          0x08000d90      0x2a0 d:/program files/stmicr~1/stm32c~1/gnu-to~1/bin/../lib/gcc/arm-none-eabi/10.3.1/thumb/v7-m/nofp\libgcc.a(_arm_muldivsf3.o)
                0x08000d90                __mulsf3
                0x08000d90                __aeabi_fmul
                0x08000ef8                __aeabi_fdiv
                0x08000ef8                __divsf3
 .text          0x08001030       0xec d:/program files/stmicr~1/stm32c~1/gnu-to~1/bin/../lib/gcc/arm-none-eabi/10.3.1/thumb/v7-m/nofp\libgcc.a(_arm_cmpsf2.o)
                0x08001030                __gesf2
                0x08001030                __gtsf2
                0x08001038                __lesf2
                0x08001038                __ltsf2
                0x08001040                __nesf2
                0x08001040                __eqsf2
                0x08001040                __cmpsf2
                0x080010a0                __aeabi_cfrcmple
                0x080010a8                __aeabi_cfcmpeq
                0x080010a8                __aeabi_cfcmple
                0x080010b8                __aeabi_fcmpeq
                0x080010cc                __aeabi_fcmplt
                0x080010e0                __aeabi_fcmple
                0x080010f4                __aeabi_fcmpge
                0x08001108                __aeabi_fcmpgt
 .text          0x0800111c       0x40 d:/program files/stmicr~1/stm32c~1/gnu-to~1/bin/../lib/gcc/arm-none-eabi/10.3.1/thumb/v7-m/nofp\libgcc.a(_arm_fixunssfsi.o)
                0x0800111c                __fixunssfsi
                0x0800111c                __aeabi_f2uiz
 .text          0x0800115c      0x2d4 d:/program files/stmicr~1/stm32c~1/gnu-to~1/bin/../lib/gcc/arm-none-eabi/10.3.1/thumb/v7-m/nofp\libgcc.a(_udivmoddi4.o)
                0x0800115c                __udivmoddi4
 .text          0x08001430        0x4 d:/program files/stmicr~1/stm32c~1/gnu-to~1/bin/../lib/gcc/arm-none-eabi/10.3.1/thumb/v7-m/nofp\libgcc.a(_dvmd_tls.o)
                0x08001430                __aeabi_idiv0
                0x08001430                __aeabi_ldiv0
 .text          0x08001434       0xec d:/program files/stmicr~1/stm32c~1/gnu-to~1/bin/../lib/gcc/arm-none-eabi/10.3.1/../../../../arm-none-eabi/lib/thumb/v7-m/nofp\libg.a(lib_a-memcpy.o)
                0x08001434                memcpy
 .text          0x08001520       0x2c d:/program files/stmicr~1/stm32c~1/gnu-to~1/bin/../lib/gcc/arm-none-eabi/10.3.1/thumb/v7-m/nofp\libgcc.a(_arm_unorddf2.o)
                0x08001520                __unorddf2
                0x08001520                __aeabi_dcmpun
 .text          0x0800154c       0x50 d:/program files/stmicr~1/stm32c~1/gnu-to~1/bin/../lib/gcc/arm-none-eabi/10.3.1/thumb/v7-m/nofp\libgcc.a(_arm_fixdfsi.o)
                0x0800154c                __aeabi_d2iz
                0x0800154c                __fixdfsi
 .text          0x0800159c       0x30 d:/program files/stmicr~1/stm32c~1/gnu-to~1/bin/../lib/gcc/arm-none-eabi/10.3.1/thumb/v7-m/nofp\libgcc.a(_aeabi_uldivmod.o)
                0x0800159c                __aeabi_uldivmod
 *(.text*)
 .text.MX_ADC1_Init
                0x080015cc       0x90 CMakeFiles/computer_control_system.elf.dir/Core/Src/adc.c.obj
                0x080015cc                MX_ADC1_Init
 .text.HAL_ADC_MspInit
                0x0800165c       0x98 CMakeFiles/computer_control_system.elf.dir/Core/Src/adc.c.obj
                0x0800165c                HAL_ADC_MspInit
 .text.MX_DMA_Init
                0x080016f4       0x34 CMakeFiles/computer_control_system.elf.dir/Core/Src/dma.c.obj
                0x080016f4                MX_DMA_Init
 .text.MX_GPIO_Init
                0x08001728      0x1ac CMakeFiles/computer_control_system.elf.dir/Core/Src/gpio.c.obj
                0x08001728                MX_GPIO_Init
 .text.Error_Handler
                0x080018d4        0x4 CMakeFiles/computer_control_system.elf.dir/Core/Src/main.c.obj
                0x080018d4                Error_Handler
 .text.SystemClock_Config
                0x080018d8       0x86 CMakeFiles/computer_control_system.elf.dir/Core/Src/main.c.obj
                0x080018d8                SystemClock_Config
 *fill*         0x0800195e        0x2 
 .text.MX_SPI2_Init
                0x08001960       0x40 CMakeFiles/computer_control_system.elf.dir/Core/Src/spi.c.obj
                0x08001960                MX_SPI2_Init
 .text.HAL_SPI_MspInit
                0x080019a0       0x78 CMakeFiles/computer_control_system.elf.dir/Core/Src/spi.c.obj
                0x080019a0                HAL_SPI_MspInit
 .text.HAL_MspInit
                0x08001a18       0x44 CMakeFiles/computer_control_system.elf.dir/Core/Src/stm32f1xx_hal_msp.c.obj
                0x08001a18                HAL_MspInit
 .text.NMI_Handler
                0x08001a5c        0x2 CMakeFiles/computer_control_system.elf.dir/Core/Src/stm32f1xx_it.c.obj
                0x08001a5c                NMI_Handler
 .text.HardFault_Handler
                0x08001a5e        0x2 CMakeFiles/computer_control_system.elf.dir/Core/Src/stm32f1xx_it.c.obj
                0x08001a5e                HardFault_Handler
 .text.MemManage_Handler
                0x08001a60        0x2 CMakeFiles/computer_control_system.elf.dir/Core/Src/stm32f1xx_it.c.obj
                0x08001a60                MemManage_Handler
 .text.BusFault_Handler
                0x08001a62        0x2 CMakeFiles/computer_control_system.elf.dir/Core/Src/stm32f1xx_it.c.obj
                0x08001a62                BusFault_Handler
 .text.UsageFault_Handler
                0x08001a64        0x2 CMakeFiles/computer_control_system.elf.dir/Core/Src/stm32f1xx_it.c.obj
                0x08001a64                UsageFault_Handler
 .text.SVC_Handler
                0x08001a66        0x2 CMakeFiles/computer_control_system.elf.dir/Core/Src/stm32f1xx_it.c.obj
                0x08001a66                SVC_Handler
 .text.DebugMon_Handler
                0x08001a68        0x2 CMakeFiles/computer_control_system.elf.dir/Core/Src/stm32f1xx_it.c.obj
                0x08001a68                DebugMon_Handler
 .text.PendSV_Handler
                0x08001a6a        0x2 CMakeFiles/computer_control_system.elf.dir/Core/Src/stm32f1xx_it.c.obj
                0x08001a6a                PendSV_Handler
 .text.SysTick_Handler
                0x08001a6c        0x8 CMakeFiles/computer_control_system.elf.dir/Core/Src/stm32f1xx_it.c.obj
                0x08001a6c                SysTick_Handler
 .text.EXTI0_IRQHandler
                0x08001a74        0xa CMakeFiles/computer_control_system.elf.dir/Core/Src/stm32f1xx_it.c.obj
                0x08001a74                EXTI0_IRQHandler
 .text.EXTI1_IRQHandler
                0x08001a7e        0xa CMakeFiles/computer_control_system.elf.dir/Core/Src/stm32f1xx_it.c.obj
                0x08001a7e                EXTI1_IRQHandler
 .text.EXTI2_IRQHandler
                0x08001a88        0xa CMakeFiles/computer_control_system.elf.dir/Core/Src/stm32f1xx_it.c.obj
                0x08001a88                EXTI2_IRQHandler
 .text.EXTI3_IRQHandler
                0x08001a92        0xa CMakeFiles/computer_control_system.elf.dir/Core/Src/stm32f1xx_it.c.obj
                0x08001a92                EXTI3_IRQHandler
 .text.DMA1_Channel1_IRQHandler
                0x08001a9c       0x10 CMakeFiles/computer_control_system.elf.dir/Core/Src/stm32f1xx_it.c.obj
                0x08001a9c                DMA1_Channel1_IRQHandler
 .text.TIM4_IRQHandler
                0x08001aac       0x10 CMakeFiles/computer_control_system.elf.dir/Core/Src/stm32f1xx_it.c.obj
                0x08001aac                TIM4_IRQHandler
 .text.USART1_IRQHandler
                0x08001abc       0x10 CMakeFiles/computer_control_system.elf.dir/Core/Src/stm32f1xx_it.c.obj
                0x08001abc                USART1_IRQHandler
 .text.USART3_IRQHandler
                0x08001acc       0x10 CMakeFiles/computer_control_system.elf.dir/Core/Src/stm32f1xx_it.c.obj
                0x08001acc                USART3_IRQHandler
 .text.TIM6_IRQHandler
                0x08001adc       0x10 CMakeFiles/computer_control_system.elf.dir/Core/Src/stm32f1xx_it.c.obj
                0x08001adc                TIM6_IRQHandler
 .text.TIM7_IRQHandler
                0x08001aec       0x10 CMakeFiles/computer_control_system.elf.dir/Core/Src/stm32f1xx_it.c.obj
                0x08001aec                TIM7_IRQHandler
 .text._getpid  0x08001afc        0x4 CMakeFiles/computer_control_system.elf.dir/Core/Src/syscalls.c.obj
                0x08001afc                _getpid
 .text._kill    0x08001b00       0x10 CMakeFiles/computer_control_system.elf.dir/Core/Src/syscalls.c.obj
                0x08001b00                _kill
 .text._exit    0x08001b10        0xc CMakeFiles/computer_control_system.elf.dir/Core/Src/syscalls.c.obj
                0x08001b10                _exit
 .text._read    0x08001b1c       0x20 CMakeFiles/computer_control_system.elf.dir/Core/Src/syscalls.c.obj
                0x08001b1c                _read
 .text._write   0x08001b3c       0x1c CMakeFiles/computer_control_system.elf.dir/Core/Src/syscalls.c.obj
                0x08001b3c                _write
 .text._close   0x08001b58        0x6 CMakeFiles/computer_control_system.elf.dir/Core/Src/syscalls.c.obj
                0x08001b58                _close
 .text._fstat   0x08001b5e        0xa CMakeFiles/computer_control_system.elf.dir/Core/Src/syscalls.c.obj
                0x08001b5e                _fstat
 .text._isatty  0x08001b68        0x4 CMakeFiles/computer_control_system.elf.dir/Core/Src/syscalls.c.obj
                0x08001b68                _isatty
 .text._lseek   0x08001b6c        0x4 CMakeFiles/computer_control_system.elf.dir/Core/Src/syscalls.c.obj
                0x08001b6c                _lseek
 .text._sbrk    0x08001b70       0x48 CMakeFiles/computer_control_system.elf.dir/Core/Src/sysmem.c.obj
                0x08001b70                _sbrk
 .text.SystemInit
                0x08001bb8        0x2 CMakeFiles/computer_control_system.elf.dir/Core/Src/system_stm32f1xx.c.obj
                0x08001bb8                SystemInit
 *fill*         0x08001bba        0x2 
 .text.MX_TIM4_Init
                0x08001bbc       0x74 CMakeFiles/computer_control_system.elf.dir/Core/Src/tim.c.obj
                0x08001bbc                MX_TIM4_Init
 .text.MX_TIM6_Init
                0x08001c30       0x54 CMakeFiles/computer_control_system.elf.dir/Core/Src/tim.c.obj
                0x08001c30                MX_TIM6_Init
 .text.MX_TIM7_Init
                0x08001c84       0x54 CMakeFiles/computer_control_system.elf.dir/Core/Src/tim.c.obj
                0x08001c84                MX_TIM7_Init
 .text.HAL_TIM_PWM_MspInit
                0x08001cd8       0x4c CMakeFiles/computer_control_system.elf.dir/Core/Src/tim.c.obj
                0x08001cd8                HAL_TIM_PWM_MspInit
 .text.HAL_TIM_Base_MspInit
                0x08001d24       0xa0 CMakeFiles/computer_control_system.elf.dir/Core/Src/tim.c.obj
                0x08001d24                HAL_TIM_Base_MspInit
 .text.HAL_TIM_MspPostInit
                0x08001dc4       0xac CMakeFiles/computer_control_system.elf.dir/Core/Src/tim.c.obj
                0x08001dc4                HAL_TIM_MspPostInit
 .text.MX_TIM1_Init
                0x08001e70       0xb4 CMakeFiles/computer_control_system.elf.dir/Core/Src/tim.c.obj
                0x08001e70                MX_TIM1_Init
 .text.MX_TIM3_Init
                0x08001f24       0xa4 CMakeFiles/computer_control_system.elf.dir/Core/Src/tim.c.obj
                0x08001f24                MX_TIM3_Init
 .text.MX_USART1_UART_Init
                0x08001fc8       0x34 CMakeFiles/computer_control_system.elf.dir/Core/Src/usart.c.obj
                0x08001fc8                MX_USART1_UART_Init
 .text.MX_USART3_UART_Init
                0x08001ffc       0x34 CMakeFiles/computer_control_system.elf.dir/Core/Src/usart.c.obj
                0x08001ffc                MX_USART3_UART_Init
 .text.HAL_UART_MspInit
                0x08002030       0xfc CMakeFiles/computer_control_system.elf.dir/Core/Src/usart.c.obj
                0x08002030                HAL_UART_MspInit
 .text.Reset_Handler
                0x0800212c       0x48 CMakeFiles/computer_control_system.elf.dir/Core/Startup/startup_stm32f103vctx.s.obj
                0x0800212c                Reset_Handler
 .text.Default_Handler
                0x08002174        0x2 CMakeFiles/computer_control_system.elf.dir/Core/Startup/startup_stm32f103vctx.s.obj
                0x08002174                RTC_Alarm_IRQHandler
                0x08002174                TIM8_TRG_COM_IRQHandler
                0x08002174                TIM8_CC_IRQHandler
                0x08002174                TIM1_CC_IRQHandler
                0x08002174                PVD_IRQHandler
                0x08002174                SDIO_IRQHandler
                0x08002174                I2C2_EV_IRQHandler
                0x08002174                ADC1_2_IRQHandler
                0x08002174                SPI1_IRQHandler
                0x08002174                TAMPER_IRQHandler
                0x08002174                TIM8_UP_IRQHandler
                0x08002174                DMA2_Channel2_IRQHandler
                0x08002174                DMA1_Channel4_IRQHandler
                0x08002174                RTC_IRQHandler
                0x08002174                DMA1_Channel7_IRQHandler
                0x08002174                CAN1_RX1_IRQHandler
                0x08002174                UART5_IRQHandler
                0x08002174                ADC3_IRQHandler
                0x08002174                DMA2_Channel1_IRQHandler
                0x08002174                I2C1_EV_IRQHandler
                0x08002174                DMA1_Channel6_IRQHandler
                0x08002174                UART4_IRQHandler
                0x08002174                TIM3_IRQHandler
                0x08002174                RCC_IRQHandler
                0x08002174                TIM1_TRG_COM_IRQHandler
                0x08002174                Default_Handler
                0x08002174                EXTI15_10_IRQHandler
                0x08002174                TIM5_IRQHandler
                0x08002174                EXTI9_5_IRQHandler
                0x08002174                SPI2_IRQHandler
                0x08002174                DMA1_Channel5_IRQHandler
                0x08002174                EXTI4_IRQHandler
                0x08002174                USB_LP_CAN1_RX0_IRQHandler
                0x08002174                USB_HP_CAN1_TX_IRQHandler
                0x08002174                DMA1_Channel3_IRQHandler
                0x08002174                FSMC_IRQHandler
                0x08002174                TIM1_UP_IRQHandler
                0x08002174                WWDG_IRQHandler
                0x08002174                TIM2_IRQHandler
                0x08002174                TIM1_BRK_IRQHandler
                0x08002174                DMA2_Channel4_5_IRQHandler
                0x08002174                USART2_IRQHandler
                0x08002174                I2C2_ER_IRQHandler
                0x08002174                DMA1_Channel2_IRQHandler
                0x08002174                TIM8_BRK_IRQHandler
                0x08002174                CAN1_SCE_IRQHandler
                0x08002174                FLASH_IRQHandler
                0x08002174                SPI3_IRQHandler
                0x08002174                I2C1_ER_IRQHandler
                0x08002174                USBWakeUp_IRQHandler
                0x08002174                DMA2_Channel3_IRQHandler
 .text.arm_pid_init_f32
                0x08002176       0x40 CMakeFiles/computer_control_system.elf.dir/DSP_LIB/Source/ControllerFunctions/arm_pid_init_f32.c.obj
                0x08002176                arm_pid_init_f32
 *fill*         0x080021b6        0x2 
 .text.HAL_InitTick
                0x080021b8       0x4c CMakeFiles/computer_control_system.elf.dir/Drivers/STM32F1xx_HAL_Driver/Src/stm32f1xx_hal.c.obj
                0x080021b8                HAL_InitTick
 .text.HAL_Init
                0x08002204       0x24 CMakeFiles/computer_control_system.elf.dir/Drivers/STM32F1xx_HAL_Driver/Src/stm32f1xx_hal.c.obj
                0x08002204                HAL_Init
 .text.HAL_IncTick
                0x08002228       0x18 CMakeFiles/computer_control_system.elf.dir/Drivers/STM32F1xx_HAL_Driver/Src/stm32f1xx_hal.c.obj
                0x08002228                HAL_IncTick
 .text.HAL_GetTick
                0x08002240        0xc CMakeFiles/computer_control_system.elf.dir/Drivers/STM32F1xx_HAL_Driver/Src/stm32f1xx_hal.c.obj
                0x08002240                HAL_GetTick
 .text.HAL_Delay
                0x0800224c       0x28 CMakeFiles/computer_control_system.elf.dir/Drivers/STM32F1xx_HAL_Driver/Src/stm32f1xx_hal.c.obj
                0x0800224c                HAL_Delay
 .text.HAL_ADC_ConfigChannel
                0x08002274      0x144 CMakeFiles/computer_control_system.elf.dir/Drivers/STM32F1xx_HAL_Driver/Src/stm32f1xx_hal_adc.c.obj
                0x08002274                HAL_ADC_ConfigChannel
 .text.ADC_Enable
                0x080023b8       0x88 CMakeFiles/computer_control_system.elf.dir/Drivers/STM32F1xx_HAL_Driver/Src/stm32f1xx_hal_adc.c.obj
                0x080023b8                ADC_Enable
 .text.ADC_ConversionStop_Disable
                0x08002440       0x56 CMakeFiles/computer_control_system.elf.dir/Drivers/STM32F1xx_HAL_Driver/Src/stm32f1xx_hal_adc.c.obj
                0x08002440                ADC_ConversionStop_Disable
 *fill*         0x08002496        0x2 
 .text.HAL_ADC_Init
                0x08002498      0x128 CMakeFiles/computer_control_system.elf.dir/Drivers/STM32F1xx_HAL_Driver/Src/stm32f1xx_hal_adc.c.obj
                0x08002498                HAL_ADC_Init
 .text.HAL_ADCEx_Calibration_Start
                0x080025c0      0x100 CMakeFiles/computer_control_system.elf.dir/Drivers/STM32F1xx_HAL_Driver/Src/stm32f1xx_hal_adc_ex.c.obj
                0x080025c0                HAL_ADCEx_Calibration_Start
 .text.HAL_NVIC_SetPriorityGrouping
                0x080026c0       0x24 CMakeFiles/computer_control_system.elf.dir/Drivers/STM32F1xx_HAL_Driver/Src/stm32f1xx_hal_cortex.c.obj
                0x080026c0                HAL_NVIC_SetPriorityGrouping
 .text.HAL_NVIC_SetPriority
                0x080026e4       0x70 CMakeFiles/computer_control_system.elf.dir/Drivers/STM32F1xx_HAL_Driver/Src/stm32f1xx_hal_cortex.c.obj
                0x080026e4                HAL_NVIC_SetPriority
 .text.HAL_NVIC_EnableIRQ
                0x08002754       0x1c CMakeFiles/computer_control_system.elf.dir/Drivers/STM32F1xx_HAL_Driver/Src/stm32f1xx_hal_cortex.c.obj
                0x08002754                HAL_NVIC_EnableIRQ
 .text.HAL_SYSTICK_Config
                0x08002770       0x28 CMakeFiles/computer_control_system.elf.dir/Drivers/STM32F1xx_HAL_Driver/Src/stm32f1xx_hal_cortex.c.obj
                0x08002770                HAL_SYSTICK_Config
 .text.HAL_DMA_Init
                0x08002798       0x98 CMakeFiles/computer_control_system.elf.dir/Drivers/STM32F1xx_HAL_Driver/Src/stm32f1xx_hal_dma.c.obj
                0x08002798                HAL_DMA_Init
 .text.HAL_DMA_Abort
                0x08002830       0x46 CMakeFiles/computer_control_system.elf.dir/Drivers/STM32F1xx_HAL_Driver/Src/stm32f1xx_hal_dma.c.obj
                0x08002830                HAL_DMA_Abort
 *fill*         0x08002876        0x2 
 .text.HAL_DMA_Abort_IT
                0x08002878      0x16c CMakeFiles/computer_control_system.elf.dir/Drivers/STM32F1xx_HAL_Driver/Src/stm32f1xx_hal_dma.c.obj
                0x08002878                HAL_DMA_Abort_IT
 .text.HAL_DMA_IRQHandler
                0x080029e4      0x2ec CMakeFiles/computer_control_system.elf.dir/Drivers/STM32F1xx_HAL_Driver/Src/stm32f1xx_hal_dma.c.obj
                0x080029e4                HAL_DMA_IRQHandler
 .text.HAL_GPIO_Init
                0x08002cd0      0x240 CMakeFiles/computer_control_system.elf.dir/Drivers/STM32F1xx_HAL_Driver/Src/stm32f1xx_hal_gpio.c.obj
                0x08002cd0                HAL_GPIO_Init
 .text.HAL_GPIO_ReadPin
                0x08002f10        0xe CMakeFiles/computer_control_system.elf.dir/Drivers/STM32F1xx_HAL_Driver/Src/stm32f1xx_hal_gpio.c.obj
                0x08002f10                HAL_GPIO_ReadPin
 .text.HAL_GPIO_WritePin
                0x08002f1e        0xc CMakeFiles/computer_control_system.elf.dir/Drivers/STM32F1xx_HAL_Driver/Src/stm32f1xx_hal_gpio.c.obj
                0x08002f1e                HAL_GPIO_WritePin
 .text.HAL_GPIO_TogglePin
                0x08002f2a       0x12 CMakeFiles/computer_control_system.elf.dir/Drivers/STM32F1xx_HAL_Driver/Src/stm32f1xx_hal_gpio.c.obj
                0x08002f2a                HAL_GPIO_TogglePin
 .text.HAL_GPIO_EXTI_IRQHandler
                0x08002f3c       0x1c CMakeFiles/computer_control_system.elf.dir/Drivers/STM32F1xx_HAL_Driver/Src/stm32f1xx_hal_gpio.c.obj
                0x08002f3c                HAL_GPIO_EXTI_IRQHandler
 .text.RCC_Delay
                0x08002f58       0x2c CMakeFiles/computer_control_system.elf.dir/Drivers/STM32F1xx_HAL_Driver/Src/stm32f1xx_hal_rcc.c.obj
 .text.HAL_RCC_OscConfig
                0x08002f84      0x410 CMakeFiles/computer_control_system.elf.dir/Drivers/STM32F1xx_HAL_Driver/Src/stm32f1xx_hal_rcc.c.obj
                0x08002f84                HAL_RCC_OscConfig
 .text.HAL_RCC_GetSysClockFreq
                0x08003394       0x54 CMakeFiles/computer_control_system.elf.dir/Drivers/STM32F1xx_HAL_Driver/Src/stm32f1xx_hal_rcc.c.obj
                0x08003394                HAL_RCC_GetSysClockFreq
 .text.HAL_RCC_ClockConfig
                0x080033e8      0x16c CMakeFiles/computer_control_system.elf.dir/Drivers/STM32F1xx_HAL_Driver/Src/stm32f1xx_hal_rcc.c.obj
                0x080033e8                HAL_RCC_ClockConfig
 .text.HAL_RCC_GetHCLKFreq
                0x08003554        0xc CMakeFiles/computer_control_system.elf.dir/Drivers/STM32F1xx_HAL_Driver/Src/stm32f1xx_hal_rcc.c.obj
                0x08003554                HAL_RCC_GetHCLKFreq
 .text.HAL_RCC_GetPCLK1Freq
                0x08003560       0x20 CMakeFiles/computer_control_system.elf.dir/Drivers/STM32F1xx_HAL_Driver/Src/stm32f1xx_hal_rcc.c.obj
                0x08003560                HAL_RCC_GetPCLK1Freq
 .text.HAL_RCC_GetPCLK2Freq
                0x08003580       0x20 CMakeFiles/computer_control_system.elf.dir/Drivers/STM32F1xx_HAL_Driver/Src/stm32f1xx_hal_rcc.c.obj
                0x08003580                HAL_RCC_GetPCLK2Freq
 .text.HAL_RCCEx_PeriphCLKConfig
                0x080035a0      0x118 CMakeFiles/computer_control_system.elf.dir/Drivers/STM32F1xx_HAL_Driver/Src/stm32f1xx_hal_rcc_ex.c.obj
                0x080035a0                HAL_RCCEx_PeriphCLKConfig
 .text.HAL_RCCEx_GetPeriphCLKFreq
                0x080036b8       0xf4 CMakeFiles/computer_control_system.elf.dir/Drivers/STM32F1xx_HAL_Driver/Src/stm32f1xx_hal_rcc_ex.c.obj
                0x080036b8                HAL_RCCEx_GetPeriphCLKFreq
 .text.HAL_SPI_Init
                0x080037ac       0xb6 CMakeFiles/computer_control_system.elf.dir/Drivers/STM32F1xx_HAL_Driver/Src/stm32f1xx_hal_spi.c.obj
                0x080037ac                HAL_SPI_Init
 *fill*         0x08003862        0x2 
 .text.TIM_OC1_SetConfig
                0x08003864       0x68 CMakeFiles/computer_control_system.elf.dir/Drivers/STM32F1xx_HAL_Driver/Src/stm32f1xx_hal_tim.c.obj
 .text.TIM_OC3_SetConfig
                0x080038cc       0x70 CMakeFiles/computer_control_system.elf.dir/Drivers/STM32F1xx_HAL_Driver/Src/stm32f1xx_hal_tim.c.obj
 .text.TIM_OC4_SetConfig
                0x0800393c       0x50 CMakeFiles/computer_control_system.elf.dir/Drivers/STM32F1xx_HAL_Driver/Src/stm32f1xx_hal_tim.c.obj
 .text.TIM_TI1_ConfigInputStage
                0x0800398c       0x24 CMakeFiles/computer_control_system.elf.dir/Drivers/STM32F1xx_HAL_Driver/Src/stm32f1xx_hal_tim.c.obj
 .text.TIM_TI2_ConfigInputStage
                0x080039b0       0x26 CMakeFiles/computer_control_system.elf.dir/Drivers/STM32F1xx_HAL_Driver/Src/stm32f1xx_hal_tim.c.obj
 .text.TIM_ITRx_SetConfig
                0x080039d6       0x10 CMakeFiles/computer_control_system.elf.dir/Drivers/STM32F1xx_HAL_Driver/Src/stm32f1xx_hal_tim.c.obj
 *fill*         0x080039e6        0x2 
 .text.HAL_TIM_Base_Start_IT
                0x080039e8       0x78 CMakeFiles/computer_control_system.elf.dir/Drivers/STM32F1xx_HAL_Driver/Src/stm32f1xx_hal_tim.c.obj
                0x080039e8                HAL_TIM_Base_Start_IT
 .text.HAL_TIM_OC_DelayElapsedCallback
                0x08003a60        0x2 CMakeFiles/computer_control_system.elf.dir/Drivers/STM32F1xx_HAL_Driver/Src/stm32f1xx_hal_tim.c.obj
                0x08003a60                HAL_TIM_OC_DelayElapsedCallback
 .text.HAL_TIM_IC_CaptureCallback
                0x08003a62        0x2 CMakeFiles/computer_control_system.elf.dir/Drivers/STM32F1xx_HAL_Driver/Src/stm32f1xx_hal_tim.c.obj
                0x08003a62                HAL_TIM_IC_CaptureCallback
 .text.HAL_TIM_PWM_PulseFinishedCallback
                0x08003a64        0x2 CMakeFiles/computer_control_system.elf.dir/Drivers/STM32F1xx_HAL_Driver/Src/stm32f1xx_hal_tim.c.obj
                0x08003a64                HAL_TIM_PWM_PulseFinishedCallback
 .text.HAL_TIM_TriggerCallback
                0x08003a66        0x2 CMakeFiles/computer_control_system.elf.dir/Drivers/STM32F1xx_HAL_Driver/Src/stm32f1xx_hal_tim.c.obj
                0x08003a66                HAL_TIM_TriggerCallback
 .text.HAL_TIM_IRQHandler
                0x08003a68      0x17a CMakeFiles/computer_control_system.elf.dir/Drivers/STM32F1xx_HAL_Driver/Src/stm32f1xx_hal_tim.c.obj
                0x08003a68                HAL_TIM_IRQHandler
 *fill*         0x08003be2        0x2 
 .text.TIM_Base_SetConfig
                0x08003be4       0x98 CMakeFiles/computer_control_system.elf.dir/Drivers/STM32F1xx_HAL_Driver/Src/stm32f1xx_hal_tim.c.obj
                0x08003be4                TIM_Base_SetConfig
 .text.HAL_TIM_Base_Init
                0x08003c7c       0x58 CMakeFiles/computer_control_system.elf.dir/Drivers/STM32F1xx_HAL_Driver/Src/stm32f1xx_hal_tim.c.obj
                0x08003c7c                HAL_TIM_Base_Init
 .text.HAL_TIM_PWM_Init
                0x08003cd4       0x58 CMakeFiles/computer_control_system.elf.dir/Drivers/STM32F1xx_HAL_Driver/Src/stm32f1xx_hal_tim.c.obj
                0x08003cd4                HAL_TIM_PWM_Init
 .text.TIM_OC2_SetConfig
                0x08003d2c       0x70 CMakeFiles/computer_control_system.elf.dir/Drivers/STM32F1xx_HAL_Driver/Src/stm32f1xx_hal_tim.c.obj
                0x08003d2c                TIM_OC2_SetConfig
 .text.HAL_TIM_PWM_ConfigChannel
                0x08003d9c       0xdc CMakeFiles/computer_control_system.elf.dir/Drivers/STM32F1xx_HAL_Driver/Src/stm32f1xx_hal_tim.c.obj
                0x08003d9c                HAL_TIM_PWM_ConfigChannel
 .text.TIM_ETR_SetConfig
                0x08003e78       0x18 CMakeFiles/computer_control_system.elf.dir/Drivers/STM32F1xx_HAL_Driver/Src/stm32f1xx_hal_tim.c.obj
                0x08003e78                TIM_ETR_SetConfig
 .text.HAL_TIM_ConfigClockSource
                0x08003e90       0xfe CMakeFiles/computer_control_system.elf.dir/Drivers/STM32F1xx_HAL_Driver/Src/stm32f1xx_hal_tim.c.obj
                0x08003e90                HAL_TIM_ConfigClockSource
 .text.TIM_CCxChannelCmd
                0x08003f8e       0x1e CMakeFiles/computer_control_system.elf.dir/Drivers/STM32F1xx_HAL_Driver/Src/stm32f1xx_hal_tim.c.obj
                0x08003f8e                TIM_CCxChannelCmd
 .text.HAL_TIM_PWM_Start
                0x08003fac       0xf4 CMakeFiles/computer_control_system.elf.dir/Drivers/STM32F1xx_HAL_Driver/Src/stm32f1xx_hal_tim.c.obj
                0x08003fac                HAL_TIM_PWM_Start
 .text.HAL_TIMEx_MasterConfigSynchronization
                0x080040a0       0x7c CMakeFiles/computer_control_system.elf.dir/Drivers/STM32F1xx_HAL_Driver/Src/stm32f1xx_hal_tim_ex.c.obj
                0x080040a0                HAL_TIMEx_MasterConfigSynchronization
 .text.HAL_TIMEx_ConfigBreakDeadTime
                0x0800411c       0x52 CMakeFiles/computer_control_system.elf.dir/Drivers/STM32F1xx_HAL_Driver/Src/stm32f1xx_hal_tim_ex.c.obj
                0x0800411c                HAL_TIMEx_ConfigBreakDeadTime
 .text.HAL_TIMEx_CommutCallback
                0x0800416e        0x2 CMakeFiles/computer_control_system.elf.dir/Drivers/STM32F1xx_HAL_Driver/Src/stm32f1xx_hal_tim_ex.c.obj
                0x0800416e                HAL_TIMEx_CommutCallback
 .text.HAL_TIMEx_BreakCallback
                0x08004170        0x2 CMakeFiles/computer_control_system.elf.dir/Drivers/STM32F1xx_HAL_Driver/Src/stm32f1xx_hal_tim_ex.c.obj
                0x08004170                HAL_TIMEx_BreakCallback
 .text.UART_EndRxTransfer
                0x08004172       0x5c CMakeFiles/computer_control_system.elf.dir/Drivers/STM32F1xx_HAL_Driver/Src/stm32f1xx_hal_uart.c.obj
 .text.UART_Transmit_IT
                0x080041ce       0x60 CMakeFiles/computer_control_system.elf.dir/Drivers/STM32F1xx_HAL_Driver/Src/stm32f1xx_hal_uart.c.obj
 *fill*         0x0800422e        0x2 
 .text.UART_SetConfig
                0x08004230       0x94 CMakeFiles/computer_control_system.elf.dir/Drivers/STM32F1xx_HAL_Driver/Src/stm32f1xx_hal_uart.c.obj
 .text.UART_WaitOnFlagUntilTimeout
                0x080042c4       0x88 CMakeFiles/computer_control_system.elf.dir/Drivers/STM32F1xx_HAL_Driver/Src/stm32f1xx_hal_uart.c.obj
 .text.HAL_UART_Init
                0x0800434c       0x60 CMakeFiles/computer_control_system.elf.dir/Drivers/STM32F1xx_HAL_Driver/Src/stm32f1xx_hal_uart.c.obj
                0x0800434c                HAL_UART_Init
 .text.HAL_UART_Transmit
                0x080043ac       0xbe CMakeFiles/computer_control_system.elf.dir/Drivers/STM32F1xx_HAL_Driver/Src/stm32f1xx_hal_uart.c.obj
                0x080043ac                HAL_UART_Transmit
 .text.HAL_UART_TxCpltCallback
                0x0800446a        0x2 CMakeFiles/computer_control_system.elf.dir/Drivers/STM32F1xx_HAL_Driver/Src/stm32f1xx_hal_uart.c.obj
                0x0800446a                HAL_UART_TxCpltCallback
 .text.UART_EndTransmit_IT
                0x0800446c       0x1a CMakeFiles/computer_control_system.elf.dir/Drivers/STM32F1xx_HAL_Driver/Src/stm32f1xx_hal_uart.c.obj
 .text.HAL_UART_ErrorCallback
                0x08004486        0x2 CMakeFiles/computer_control_system.elf.dir/Drivers/STM32F1xx_HAL_Driver/Src/stm32f1xx_hal_uart.c.obj
                0x08004486                HAL_UART_ErrorCallback
 .text.UART_DMAAbortOnError
                0x08004488       0x10 CMakeFiles/computer_control_system.elf.dir/Drivers/STM32F1xx_HAL_Driver/Src/stm32f1xx_hal_uart.c.obj
 .text.HAL_UARTEx_RxEventCallback
                0x08004498        0x2 CMakeFiles/computer_control_system.elf.dir/Drivers/STM32F1xx_HAL_Driver/Src/stm32f1xx_hal_uart.c.obj
                0x08004498                HAL_UARTEx_RxEventCallback
 .text.UART_Receive_IT
                0x0800449a       0xe6 CMakeFiles/computer_control_system.elf.dir/Drivers/STM32F1xx_HAL_Driver/Src/stm32f1xx_hal_uart.c.obj
 .text.HAL_UART_IRQHandler
                0x08004580      0x288 CMakeFiles/computer_control_system.elf.dir/Drivers/STM32F1xx_HAL_Driver/Src/stm32f1xx_hal_uart.c.obj
                0x08004580                HAL_UART_IRQHandler
 .text.UART_Start_Receive_IT
                0x08004808       0x36 CMakeFiles/computer_control_system.elf.dir/Drivers/STM32F1xx_HAL_Driver/Src/stm32f1xx_hal_uart.c.obj
                0x08004808                UART_Start_Receive_IT
 .text.HAL_UART_Receive_IT
                0x0800483e       0x26 CMakeFiles/computer_control_system.elf.dir/Drivers/STM32F1xx_HAL_Driver/Src/stm32f1xx_hal_uart.c.obj
                0x0800483e                HAL_UART_Receive_IT
 .text.display  0x08004864       0xfc CMakeFiles/computer_control_system.elf.dir/User/Src/callback.c.obj
                0x08004864                display
 .text.HAL_TIM_PeriodElapsedCallback
                0x08004960      0x1a8 CMakeFiles/computer_control_system.elf.dir/User/Src/callback.c.obj
                0x08004960                HAL_TIM_PeriodElapsedCallback
 .text.HAL_GPIO_EXTI_Callback
                0x08004b08       0x4c CMakeFiles/computer_control_system.elf.dir/User/Src/callback.c.obj
                0x08004b08                HAL_GPIO_EXTI_Callback
 .text.HAL_UART_RxCpltCallback
                0x08004b54       0x80 CMakeFiles/computer_control_system.elf.dir/User/Src/callback.c.obj
                0x08004b54                HAL_UART_RxCpltCallback
 .text.set_buzzer_level
                0x08004bd4       0x2c CMakeFiles/computer_control_system.elf.dir/User/Src/func.c.obj
                0x08004bd4                set_buzzer_level
 .text.send_bluetooth
                0x08004c00       0x1c CMakeFiles/computer_control_system.elf.dir/User/Src/func.c.obj
                0x08004c00                send_bluetooth
 .text.spiSendByte
                0x08004c1c       0x24 CMakeFiles/computer_control_system.elf.dir/User/Src/lcd.c.obj
                0x08004c1c                spiSendByte
 .text.sendOrder
                0x08004c40       0x24 CMakeFiles/computer_control_system.elf.dir/User/Src/lcd.c.obj
                0x08004c40                sendOrder
 .text.sendByte
                0x08004c64       0x20 CMakeFiles/computer_control_system.elf.dir/User/Src/lcd.c.obj
                0x08004c64                sendByte
 .text.sendShort
                0x08004c84       0x2c CMakeFiles/computer_control_system.elf.dir/User/Src/lcd.c.obj
                0x08004c84                sendShort
 .text.LCD_Display
                0x08004cb0       0x1c CMakeFiles/computer_control_system.elf.dir/User/Src/lcd.c.obj
                0x08004cb0                LCD_Display
 .text.setCursor
                0x08004ccc       0x4e CMakeFiles/computer_control_system.elf.dir/User/Src/lcd.c.obj
                0x08004ccc                setCursor
 *fill*         0x08004d1a        0x2 
 .text.drawPoint
                0x08004d1c       0x34 CMakeFiles/computer_control_system.elf.dir/User/Src/lcd.c.obj
                0x08004d1c                drawPoint
 .text.LCD_Fill
                0x08004d50       0x26 CMakeFiles/computer_control_system.elf.dir/User/Src/lcd.c.obj
                0x08004d50                LCD_Fill
 *fill*         0x08004d76        0x2 
 .text.LCD_Init
                0x08004d78      0x268 CMakeFiles/computer_control_system.elf.dir/User/Src/lcd.c.obj
                0x08004d78                LCD_Init
 .text.drawAscii
                0x08004fe0       0xfc CMakeFiles/computer_control_system.elf.dir/User/Src/lcd.c.obj
                0x08004fe0                drawAscii
 .text.LCD_String
                0x080050dc       0x84 CMakeFiles/computer_control_system.elf.dir/User/Src/lcd.c.obj
                0x080050dc                LCD_String
 .text.mLCD_String
                0x08005160      0x1d8 CMakeFiles/computer_control_system.elf.dir/User/Src/lcd.c.obj
                0x08005160                mLCD_String
 .text.init     0x08005338       0xec CMakeFiles/computer_control_system.elf.dir/User/Src/user.c.obj
                0x08005338                init
 .text.main     0x08005424       0x26 CMakeFiles/computer_control_system.elf.dir/User/Src/user.c.obj
                0x08005424                main
 *fill*         0x0800544a        0x2 
 .text.__assert_func
                0x0800544c       0x40 d:/program files/stmicr~1/stm32c~1/gnu-to~1/bin/../lib/gcc/arm-none-eabi/10.3.1/../../../../arm-none-eabi/lib/thumb/v7-m/nofp\libg.a(lib_a-assert.o)
                0x0800544c                __assert_func
 .text.atoi     0x0800548c        0x8 d:/program files/stmicr~1/stm32c~1/gnu-to~1/bin/../lib/gcc/arm-none-eabi/10.3.1/../../../../arm-none-eabi/lib/thumb/v7-m/nofp\libg.a(lib_a-atoi.o)
                0x0800548c                atoi
 .text.__errno  0x08005494        0xc d:/program files/stmicr~1/stm32c~1/gnu-to~1/bin/../lib/gcc/arm-none-eabi/10.3.1/../../../../arm-none-eabi/lib/thumb/v7-m/nofp\libg.a(lib_a-errno.o)
                0x08005494                __errno
 .text.fiprintf
                0x080054a0       0x28 d:/program files/stmicr~1/stm32c~1/gnu-to~1/bin/../lib/gcc/arm-none-eabi/10.3.1/../../../../arm-none-eabi/lib/thumb/v7-m/nofp\libg.a(lib_a-fiprintf.o)
                0x080054a0                fiprintf
 .text.__libc_init_array
                0x080054c8       0x48 d:/program files/stmicr~1/stm32c~1/gnu-to~1/bin/../lib/gcc/arm-none-eabi/10.3.1/../../../../arm-none-eabi/lib/thumb/v7-m/nofp\libg.a(lib_a-init.o)
                0x080054c8                __libc_init_array
 .text._malloc_r
                0x08005510      0x558 d:/program files/stmicr~1/stm32c~1/gnu-to~1/bin/../lib/gcc/arm-none-eabi/10.3.1/../../../../arm-none-eabi/lib/thumb/v7-m/nofp\libg.a(lib_a-mallocr.o)
                0x08005510                _malloc_r
 .text.memset   0x08005a68       0xa4 d:/program files/stmicr~1/stm32c~1/gnu-to~1/bin/../lib/gcc/arm-none-eabi/10.3.1/../../../../arm-none-eabi/lib/thumb/v7-m/nofp\libg.a(lib_a-memset.o)
                0x08005a68                memset
 .text.__malloc_lock
                0x08005b0c        0xc d:/program files/stmicr~1/stm32c~1/gnu-to~1/bin/../lib/gcc/arm-none-eabi/10.3.1/../../../../arm-none-eabi/lib/thumb/v7-m/nofp\libg.a(lib_a-mlock.o)
                0x08005b0c                __malloc_lock
 .text.__malloc_unlock
                0x08005b18        0xc d:/program files/stmicr~1/stm32c~1/gnu-to~1/bin/../lib/gcc/arm-none-eabi/10.3.1/../../../../arm-none-eabi/lib/thumb/v7-m/nofp\libg.a(lib_a-mlock.o)
                0x08005b18                __malloc_unlock
 .text._sbrk_r  0x08005b24       0x24 d:/program files/stmicr~1/stm32c~1/gnu-to~1/bin/../lib/gcc/arm-none-eabi/10.3.1/../../../../arm-none-eabi/lib/thumb/v7-m/nofp\libg.a(lib_a-sbrkr.o)
                0x08005b24                _sbrk_r
 .text.sprintf  0x08005b48       0x44 d:/program files/stmicr~1/stm32c~1/gnu-to~1/bin/../lib/gcc/arm-none-eabi/10.3.1/../../../../arm-none-eabi/lib/thumb/v7-m/nofp\libg.a(lib_a-sprintf.o)
                0x08005b48                sprintf
 .text.strlen   0x08005b8c       0x5c d:/program files/stmicr~1/stm32c~1/gnu-to~1/bin/../lib/gcc/arm-none-eabi/10.3.1/../../../../arm-none-eabi/lib/thumb/v7-m/nofp\libg.a(lib_a-strlen-stub.o)
                0x08005b8c                strlen
 .text._strtol_l.part.0
                0x08005be8      0x120 d:/program files/stmicr~1/stm32c~1/gnu-to~1/bin/../lib/gcc/arm-none-eabi/10.3.1/../../../../arm-none-eabi/lib/thumb/v7-m/nofp\libg.a(lib_a-strtol.o)
 .text.strtol   0x08005d08       0x2c d:/program files/stmicr~1/stm32c~1/gnu-to~1/bin/../lib/gcc/arm-none-eabi/10.3.1/../../../../arm-none-eabi/lib/thumb/v7-m/nofp\libg.a(lib_a-strtol.o)
                0x08005d08                strtol
 .text._svfprintf_r
                0x08005d34     0x1aa4 d:/program files/stmicr~1/stm32c~1/gnu-to~1/bin/../lib/gcc/arm-none-eabi/10.3.1/../../../../arm-none-eabi/lib/thumb/v7-m/nofp\libg.a(lib_a-svfprintf.o)
                0x08005d34                _svfprintf_r
 .text.__sprint_r.part.0
                0x080077d8       0x78 d:/program files/stmicr~1/stm32c~1/gnu-to~1/bin/../lib/gcc/arm-none-eabi/10.3.1/../../../../arm-none-eabi/lib/thumb/v7-m/nofp\libg.a(lib_a-vfiprintf.o)
 .text._vfiprintf_r
                0x08007850      0xd98 d:/program files/stmicr~1/stm32c~1/gnu-to~1/bin/../lib/gcc/arm-none-eabi/10.3.1/../../../../arm-none-eabi/lib/thumb/v7-m/nofp\libg.a(lib_a-vfiprintf.o)
                0x08007850                _vfiprintf_r
 .text.__sbprintf
                0x080085e8       0x84 d:/program files/stmicr~1/stm32c~1/gnu-to~1/bin/../lib/gcc/arm-none-eabi/10.3.1/../../../../arm-none-eabi/lib/thumb/v7-m/nofp\libg.a(lib_a-vfiprintf.o)
 .text.__swsetup_r
                0x0800866c       0xd4 d:/program files/stmicr~1/stm32c~1/gnu-to~1/bin/../lib/gcc/arm-none-eabi/10.3.1/../../../../arm-none-eabi/lib/thumb/v7-m/nofp\libg.a(lib_a-wsetup.o)
                0x0800866c                __swsetup_r
 .text.startup.register_fini
                0x08008740       0x14 d:/program files/stmicr~1/stm32c~1/gnu-to~1/bin/../lib/gcc/arm-none-eabi/10.3.1/../../../../arm-none-eabi/lib/thumb/v7-m/nofp\libg.a(lib_a-__call_atexit.o)
 .text.abort    0x08008754       0x10 d:/program files/stmicr~1/stm32c~1/gnu-to~1/bin/../lib/gcc/arm-none-eabi/10.3.1/../../../../arm-none-eabi/lib/thumb/v7-m/nofp\libg.a(lib_a-abort.o)
                0x08008754                abort
 .text.atexit   0x08008764        0xc d:/program files/stmicr~1/stm32c~1/gnu-to~1/bin/../lib/gcc/arm-none-eabi/10.3.1/../../../../arm-none-eabi/lib/thumb/v7-m/nofp\libg.a(lib_a-atexit.o)
                0x08008764                atexit
 .text.quorem   0x08008770      0x12c d:/program files/stmicr~1/stm32c~1/gnu-to~1/bin/../lib/gcc/arm-none-eabi/10.3.1/../../../../arm-none-eabi/lib/thumb/v7-m/nofp\libg.a(lib_a-dtoa.o)
 *fill*         0x0800889c        0x4 
 .text._dtoa_r  0x080088a0      0xecc d:/program files/stmicr~1/stm32c~1/gnu-to~1/bin/../lib/gcc/arm-none-eabi/10.3.1/../../../../arm-none-eabi/lib/thumb/v7-m/nofp\libg.a(lib_a-dtoa.o)
                0x080088a0                _dtoa_r
 .text.__sflush_r
                0x0800976c      0x124 d:/program files/stmicr~1/stm32c~1/gnu-to~1/bin/../lib/gcc/arm-none-eabi/10.3.1/../../../../arm-none-eabi/lib/thumb/v7-m/nofp\libg.a(lib_a-fflush.o)
                0x0800976c                __sflush_r
 .text._fflush_r
                0x08009890       0x5c d:/program files/stmicr~1/stm32c~1/gnu-to~1/bin/../lib/gcc/arm-none-eabi/10.3.1/../../../../arm-none-eabi/lib/thumb/v7-m/nofp\libg.a(lib_a-fflush.o)
                0x08009890                _fflush_r
 .text._cleanup_r
                0x080098ec        0xc d:/program files/stmicr~1/stm32c~1/gnu-to~1/bin/../lib/gcc/arm-none-eabi/10.3.1/../../../../arm-none-eabi/lib/thumb/v7-m/nofp\libg.a(lib_a-findfp.o)
                0x080098ec                _cleanup_r
 .text.__sinit  0x080098f8      0x10c d:/program files/stmicr~1/stm32c~1/gnu-to~1/bin/../lib/gcc/arm-none-eabi/10.3.1/../../../../arm-none-eabi/lib/thumb/v7-m/nofp\libg.a(lib_a-findfp.o)
                0x080098f8                __sinit
 .text.__sfp_lock_acquire
                0x08009a04        0xc d:/program files/stmicr~1/stm32c~1/gnu-to~1/bin/../lib/gcc/arm-none-eabi/10.3.1/../../../../arm-none-eabi/lib/thumb/v7-m/nofp\libg.a(lib_a-findfp.o)
                0x08009a04                __sfp_lock_acquire
 .text.__sfp_lock_release
                0x08009a10        0xc d:/program files/stmicr~1/stm32c~1/gnu-to~1/bin/../lib/gcc/arm-none-eabi/10.3.1/../../../../arm-none-eabi/lib/thumb/v7-m/nofp\libg.a(lib_a-findfp.o)
                0x08009a10                __sfp_lock_release
 .text.__libc_fini_array
                0x08009a1c       0x2c d:/program files/stmicr~1/stm32c~1/gnu-to~1/bin/../lib/gcc/arm-none-eabi/10.3.1/../../../../arm-none-eabi/lib/thumb/v7-m/nofp\libg.a(lib_a-fini.o)
                0x08009a1c                __libc_fini_array
 .text.__fputwc
                0x08009a48       0xa0 d:/program files/stmicr~1/stm32c~1/gnu-to~1/bin/../lib/gcc/arm-none-eabi/10.3.1/../../../../arm-none-eabi/lib/thumb/v7-m/nofp\libg.a(lib_a-fputwc.o)
                0x08009a48                __fputwc
 .text._fputwc_r
                0x08009ae8       0x68 d:/program files/stmicr~1/stm32c~1/gnu-to~1/bin/../lib/gcc/arm-none-eabi/10.3.1/../../../../arm-none-eabi/lib/thumb/v7-m/nofp\libg.a(lib_a-fputwc.o)
                0x08009ae8                _fputwc_r
 .text._malloc_trim_r
                0x08009b50       0xa0 d:/program files/stmicr~1/stm32c~1/gnu-to~1/bin/../lib/gcc/arm-none-eabi/10.3.1/../../../../arm-none-eabi/lib/thumb/v7-m/nofp\libg.a(lib_a-freer.o)
                0x08009b50                _malloc_trim_r
 .text._free_r  0x08009bf0      0x200 d:/program files/stmicr~1/stm32c~1/gnu-to~1/bin/../lib/gcc/arm-none-eabi/10.3.1/../../../../arm-none-eabi/lib/thumb/v7-m/nofp\libg.a(lib_a-freer.o)
                0x08009bf0                _free_r
 .text.__sfvwrite_r
                0x08009df0      0x2f0 d:/program files/stmicr~1/stm32c~1/gnu-to~1/bin/../lib/gcc/arm-none-eabi/10.3.1/../../../../arm-none-eabi/lib/thumb/v7-m/nofp\libg.a(lib_a-fvwrite.o)
                0x08009df0                __sfvwrite_r
 .text._fwalk_reent
                0x0800a0e0       0x48 d:/program files/stmicr~1/stm32c~1/gnu-to~1/bin/../lib/gcc/arm-none-eabi/10.3.1/../../../../arm-none-eabi/lib/thumb/v7-m/nofp\libg.a(lib_a-fwalk.o)
                0x0800a0e0                _fwalk_reent
 .text.__locale_mb_cur_max
                0x0800a128        0xc d:/program files/stmicr~1/stm32c~1/gnu-to~1/bin/../lib/gcc/arm-none-eabi/10.3.1/../../../../arm-none-eabi/lib/thumb/v7-m/nofp\libg.a(lib_a-locale.o)
                0x0800a128                __locale_mb_cur_max
 .text._localeconv_r
                0x0800a134        0x8 d:/program files/stmicr~1/stm32c~1/gnu-to~1/bin/../lib/gcc/arm-none-eabi/10.3.1/../../../../arm-none-eabi/lib/thumb/v7-m/nofp\libg.a(lib_a-localeconv.o)
                0x0800a134                _localeconv_r
 .text.__retarget_lock_init_recursive
                0x0800a13c        0x4 d:/program files/stmicr~1/stm32c~1/gnu-to~1/bin/../lib/gcc/arm-none-eabi/10.3.1/../../../../arm-none-eabi/lib/thumb/v7-m/nofp\libg.a(lib_a-lock.o)
                0x0800a13c                __retarget_lock_init_recursive
 .text.__retarget_lock_close_recursive
                0x0800a140        0x4 d:/program files/stmicr~1/stm32c~1/gnu-to~1/bin/../lib/gcc/arm-none-eabi/10.3.1/../../../../arm-none-eabi/lib/thumb/v7-m/nofp\libg.a(lib_a-lock.o)
                0x0800a140                __retarget_lock_close_recursive
 .text.__retarget_lock_acquire_recursive
                0x0800a144        0x4 d:/program files/stmicr~1/stm32c~1/gnu-to~1/bin/../lib/gcc/arm-none-eabi/10.3.1/../../../../arm-none-eabi/lib/thumb/v7-m/nofp\libg.a(lib_a-lock.o)
                0x0800a144                __retarget_lock_acquire_recursive
 .text.__retarget_lock_release_recursive
                0x0800a148        0x4 d:/program files/stmicr~1/stm32c~1/gnu-to~1/bin/../lib/gcc/arm-none-eabi/10.3.1/../../../../arm-none-eabi/lib/thumb/v7-m/nofp\libg.a(lib_a-lock.o)
                0x0800a148                __retarget_lock_release_recursive
 .text.__smakebuf_r
                0x0800a14c       0xe0 d:/program files/stmicr~1/stm32c~1/gnu-to~1/bin/../lib/gcc/arm-none-eabi/10.3.1/../../../../arm-none-eabi/lib/thumb/v7-m/nofp\libg.a(lib_a-makebuf.o)
                0x0800a14c                __smakebuf_r
 .text.__ascii_mbtowc
                0x0800a22c       0x2c d:/program files/stmicr~1/stm32c~1/gnu-to~1/bin/../lib/gcc/arm-none-eabi/10.3.1/../../../../arm-none-eabi/lib/thumb/v7-m/nofp\libg.a(lib_a-mbtowc_r.o)
                0x0800a22c                __ascii_mbtowc
 .text.memchr   0x0800a258       0x90 d:/program files/stmicr~1/stm32c~1/gnu-to~1/bin/../lib/gcc/arm-none-eabi/10.3.1/../../../../arm-none-eabi/lib/thumb/v7-m/nofp\libg.a(lib_a-memchr-stub.o)
                0x0800a258                memchr
 .text.memmove  0x0800a2e8       0xf8 d:/program files/stmicr~1/stm32c~1/gnu-to~1/bin/../lib/gcc/arm-none-eabi/10.3.1/../../../../arm-none-eabi/lib/thumb/v7-m/nofp\libg.a(lib_a-memmove.o)
                0x0800a2e8                memmove
 .text._Balloc  0x0800a3e0       0x4c d:/program files/stmicr~1/stm32c~1/gnu-to~1/bin/../lib/gcc/arm-none-eabi/10.3.1/../../../../arm-none-eabi/lib/thumb/v7-m/nofp\libg.a(lib_a-mprec.o)
                0x0800a3e0                _Balloc
 .text._Bfree   0x0800a42c       0x14 d:/program files/stmicr~1/stm32c~1/gnu-to~1/bin/../lib/gcc/arm-none-eabi/10.3.1/../../../../arm-none-eabi/lib/thumb/v7-m/nofp\libg.a(lib_a-mprec.o)
                0x0800a42c                _Bfree
 .text.__multadd
                0x0800a440       0xa4 d:/program files/stmicr~1/stm32c~1/gnu-to~1/bin/../lib/gcc/arm-none-eabi/10.3.1/../../../../arm-none-eabi/lib/thumb/v7-m/nofp\libg.a(lib_a-mprec.o)
                0x0800a440                __multadd
 .text.__hi0bits
                0x0800a4e4       0x40 d:/program files/stmicr~1/stm32c~1/gnu-to~1/bin/../lib/gcc/arm-none-eabi/10.3.1/../../../../arm-none-eabi/lib/thumb/v7-m/nofp\libg.a(lib_a-mprec.o)
                0x0800a4e4                __hi0bits
 .text.__lo0bits
                0x0800a524       0x58 d:/program files/stmicr~1/stm32c~1/gnu-to~1/bin/../lib/gcc/arm-none-eabi/10.3.1/../../../../arm-none-eabi/lib/thumb/v7-m/nofp\libg.a(lib_a-mprec.o)
                0x0800a524                __lo0bits
 .text.__i2b    0x0800a57c       0x5c d:/program files/stmicr~1/stm32c~1/gnu-to~1/bin/../lib/gcc/arm-none-eabi/10.3.1/../../../../arm-none-eabi/lib/thumb/v7-m/nofp\libg.a(lib_a-mprec.o)
                0x0800a57c                __i2b
 .text.__multiply
                0x0800a5d8      0x15c d:/program files/stmicr~1/stm32c~1/gnu-to~1/bin/../lib/gcc/arm-none-eabi/10.3.1/../../../../arm-none-eabi/lib/thumb/v7-m/nofp\libg.a(lib_a-mprec.o)
                0x0800a5d8                __multiply
 .text.__pow5mult
                0x0800a734       0xb8 d:/program files/stmicr~1/stm32c~1/gnu-to~1/bin/../lib/gcc/arm-none-eabi/10.3.1/../../../../arm-none-eabi/lib/thumb/v7-m/nofp\libg.a(lib_a-mprec.o)
                0x0800a734                __pow5mult
 .text.__lshift
                0x0800a7ec       0xec d:/program files/stmicr~1/stm32c~1/gnu-to~1/bin/../lib/gcc/arm-none-eabi/10.3.1/../../../../arm-none-eabi/lib/thumb/v7-m/nofp\libg.a(lib_a-mprec.o)
                0x0800a7ec                __lshift
 .text.__mcmp   0x0800a8d8       0x40 d:/program files/stmicr~1/stm32c~1/gnu-to~1/bin/../lib/gcc/arm-none-eabi/10.3.1/../../../../arm-none-eabi/lib/thumb/v7-m/nofp\libg.a(lib_a-mprec.o)
                0x0800a8d8                __mcmp
 .text.__mdiff  0x0800a918      0x14c d:/program files/stmicr~1/stm32c~1/gnu-to~1/bin/../lib/gcc/arm-none-eabi/10.3.1/../../../../arm-none-eabi/lib/thumb/v7-m/nofp\libg.a(lib_a-mprec.o)
                0x0800a918                __mdiff
 .text.__d2b    0x0800aa64       0xc4 d:/program files/stmicr~1/stm32c~1/gnu-to~1/bin/../lib/gcc/arm-none-eabi/10.3.1/../../../../arm-none-eabi/lib/thumb/v7-m/nofp\libg.a(lib_a-mprec.o)
                0x0800aa64                __d2b
 .text._realloc_r
                0x0800ab28      0x3dc d:/program files/stmicr~1/stm32c~1/gnu-to~1/bin/../lib/gcc/arm-none-eabi/10.3.1/../../../../arm-none-eabi/lib/thumb/v7-m/nofp\libg.a(lib_a-reallocr.o)
                0x0800ab28                _realloc_r
 .text.frexp    0x0800af04       0x70 d:/program files/stmicr~1/stm32c~1/gnu-to~1/bin/../lib/gcc/arm-none-eabi/10.3.1/../../../../arm-none-eabi/lib/thumb/v7-m/nofp\libg.a(lib_a-s_frexp.o)
                0x0800af04                frexp
 .text.raise    0x0800af74       0x5c d:/program files/stmicr~1/stm32c~1/gnu-to~1/bin/../lib/gcc/arm-none-eabi/10.3.1/../../../../arm-none-eabi/lib/thumb/v7-m/nofp\libg.a(lib_a-signal.o)
                0x0800af74                raise
 .text._kill_r  0x0800afd0       0x28 d:/program files/stmicr~1/stm32c~1/gnu-to~1/bin/../lib/gcc/arm-none-eabi/10.3.1/../../../../arm-none-eabi/lib/thumb/v7-m/nofp\libg.a(lib_a-signalr.o)
                0x0800afd0                _kill_r
 .text._getpid_r
                0x0800aff8        0x4 d:/program files/stmicr~1/stm32c~1/gnu-to~1/bin/../lib/gcc/arm-none-eabi/10.3.1/../../../../arm-none-eabi/lib/thumb/v7-m/nofp\libg.a(lib_a-signalr.o)
                0x0800aff8                _getpid_r
 .text.__sread  0x0800affc       0x24 d:/program files/stmicr~1/stm32c~1/gnu-to~1/bin/../lib/gcc/arm-none-eabi/10.3.1/../../../../arm-none-eabi/lib/thumb/v7-m/nofp\libg.a(lib_a-stdio.o)
                0x0800affc                __sread
 .text.__swrite
                0x0800b020       0x40 d:/program files/stmicr~1/stm32c~1/gnu-to~1/bin/../lib/gcc/arm-none-eabi/10.3.1/../../../../arm-none-eabi/lib/thumb/v7-m/nofp\libg.a(lib_a-stdio.o)
                0x0800b020                __swrite
 .text.__sseek  0x0800b060       0x20 d:/program files/stmicr~1/stm32c~1/gnu-to~1/bin/../lib/gcc/arm-none-eabi/10.3.1/../../../../arm-none-eabi/lib/thumb/v7-m/nofp\libg.a(lib_a-stdio.o)
                0x0800b060                __sseek
 .text.__sclose
                0x0800b080        0x8 d:/program files/stmicr~1/stm32c~1/gnu-to~1/bin/../lib/gcc/arm-none-eabi/10.3.1/../../../../arm-none-eabi/lib/thumb/v7-m/nofp\libg.a(lib_a-stdio.o)
                0x0800b080                __sclose
 .text.strncpy  0x0800b088       0x68 d:/program files/stmicr~1/stm32c~1/gnu-to~1/bin/../lib/gcc/arm-none-eabi/10.3.1/../../../../arm-none-eabi/lib/thumb/v7-m/nofp\libg.a(lib_a-strncpy.o)
                0x0800b088                strncpy
 .text.__ssprint_r
                0x0800b0f0       0xfc d:/program files/stmicr~1/stm32c~1/gnu-to~1/bin/../lib/gcc/arm-none-eabi/10.3.1/../../../../arm-none-eabi/lib/thumb/v7-m/nofp\libg.a(lib_a-svfiprintf.o)
                0x0800b0f0                __ssprint_r
 .text.__swbuf_r
                0x0800b1ec       0xb0 d:/program files/stmicr~1/stm32c~1/gnu-to~1/bin/../lib/gcc/arm-none-eabi/10.3.1/../../../../arm-none-eabi/lib/thumb/v7-m/nofp\libg.a(lib_a-wbuf.o)
                0x0800b1ec                __swbuf_r
 .text._wcrtomb_r
                0x0800b29c       0x3c d:/program files/stmicr~1/stm32c~1/gnu-to~1/bin/../lib/gcc/arm-none-eabi/10.3.1/../../../../arm-none-eabi/lib/thumb/v7-m/nofp\libg.a(lib_a-wcrtomb.o)
                0x0800b29c                _wcrtomb_r
 .text.__ascii_wctomb
                0x0800b2d8       0x1c d:/program files/stmicr~1/stm32c~1/gnu-to~1/bin/../lib/gcc/arm-none-eabi/10.3.1/../../../../arm-none-eabi/lib/thumb/v7-m/nofp\libg.a(lib_a-wctomb_r.o)
                0x0800b2d8                __ascii_wctomb
 .text._write_r
                0x0800b2f4       0x2c d:/program files/stmicr~1/stm32c~1/gnu-to~1/bin/../lib/gcc/arm-none-eabi/10.3.1/../../../../arm-none-eabi/lib/thumb/v7-m/nofp\libg.a(lib_a-writer.o)
                0x0800b2f4                _write_r
 .text.__register_exitproc
                0x0800b320       0x8c d:/program files/stmicr~1/stm32c~1/gnu-to~1/bin/../lib/gcc/arm-none-eabi/10.3.1/../../../../arm-none-eabi/lib/thumb/v7-m/nofp\libg.a(lib_a-__atexit.o)
                0x0800b320                __register_exitproc
 .text._calloc_r
                0x0800b3ac       0x78 d:/program files/stmicr~1/stm32c~1/gnu-to~1/bin/../lib/gcc/arm-none-eabi/10.3.1/../../../../arm-none-eabi/lib/thumb/v7-m/nofp\libg.a(lib_a-callocr.o)
                0x0800b3ac                _calloc_r
 .text._close_r
                0x0800b424       0x24 d:/program files/stmicr~1/stm32c~1/gnu-to~1/bin/../lib/gcc/arm-none-eabi/10.3.1/../../../../arm-none-eabi/lib/thumb/v7-m/nofp\libg.a(lib_a-closer.o)
                0x0800b424                _close_r
 .text._fclose_r
                0x0800b448       0xcc d:/program files/stmicr~1/stm32c~1/gnu-to~1/bin/../lib/gcc/arm-none-eabi/10.3.1/../../../../arm-none-eabi/lib/thumb/v7-m/nofp\libg.a(lib_a-fclose.o)
                0x0800b448                _fclose_r
 .text._fstat_r
                0x0800b514       0x28 d:/program files/stmicr~1/stm32c~1/gnu-to~1/bin/../lib/gcc/arm-none-eabi/10.3.1/../../../../arm-none-eabi/lib/thumb/v7-m/nofp\libg.a(lib_a-fstatr.o)
                0x0800b514                _fstat_r
 .text._isatty_r
                0x0800b53c       0x24 d:/program files/stmicr~1/stm32c~1/gnu-to~1/bin/../lib/gcc/arm-none-eabi/10.3.1/../../../../arm-none-eabi/lib/thumb/v7-m/nofp\libg.a(lib_a-isattyr.o)
                0x0800b53c                _isatty_r
 .text._lseek_r
                0x0800b560       0x2c d:/program files/stmicr~1/stm32c~1/gnu-to~1/bin/../lib/gcc/arm-none-eabi/10.3.1/../../../../arm-none-eabi/lib/thumb/v7-m/nofp\libg.a(lib_a-lseekr.o)
                0x0800b560                _lseek_r
 .text._read_r  0x0800b58c       0x2c d:/program files/stmicr~1/stm32c~1/gnu-to~1/bin/../lib/gcc/arm-none-eabi/10.3.1/../../../../arm-none-eabi/lib/thumb/v7-m/nofp\libg.a(lib_a-readr.o)
                0x0800b58c                _read_r
 *(.glue_7)
 .glue_7        0x0800b5b8        0x0 linker stubs
 *(.glue_7t)
 .glue_7t       0x0800b5b8        0x0 linker stubs
 *(.eh_frame)
 .eh_frame      0x0800b5b8        0x0 d:/program files/stmicr~1/stm32c~1/gnu-to~1/bin/../lib/gcc/arm-none-eabi/10.3.1/thumb/v7-m/nofp/crtbegin.o
 *(.init)
 .init          0x0800b5b8        0x4 d:/program files/stmicr~1/stm32c~1/gnu-to~1/bin/../lib/gcc/arm-none-eabi/10.3.1/thumb/v7-m/nofp/crti.o
                0x0800b5b8                _init
 .init          0x0800b5bc        0x8 d:/program files/stmicr~1/stm32c~1/gnu-to~1/bin/../lib/gcc/arm-none-eabi/10.3.1/thumb/v7-m/nofp/crtn.o
 *(.fini)
 .fini          0x0800b5c4        0x4 d:/program files/stmicr~1/stm32c~1/gnu-to~1/bin/../lib/gcc/arm-none-eabi/10.3.1/thumb/v7-m/nofp/crti.o
                0x0800b5c4                _fini
 .fini          0x0800b5c8        0x8 d:/program files/stmicr~1/stm32c~1/gnu-to~1/bin/../lib/gcc/arm-none-eabi/10.3.1/thumb/v7-m/nofp/crtn.o
                0x0800b5d0                . = ALIGN (0x4)
                0x0800b5d0                _etext = .

.vfp11_veneer   0x0800b5d0        0x0
 .vfp11_veneer  0x0800b5d0        0x0 linker stubs

.v4_bx          0x0800b5d0        0x0
 .v4_bx         0x0800b5d0        0x0 linker stubs

.iplt           0x0800b5d0        0x0